Component: ARM Compiler 5.06 update 7 (build 960) Tool: armlink [4d3601]

==============================================================================

Section Cross References

    main.o(i.DisConnectFromMQTT) refers to usart.o(i.USART1TxStr) for USART1TxStr
    main.o(i.DisConnectFromMQTT) refers to lcd.o(i.LCD_ShowString) for LCD_ShowString
    main.o(i.DisConnectFromMQTT) refers to usart.o(i.USART2TxStr) for USART2TxStr
    main.o(i.DisConnectFromMQTT) refers to main.o(i.Wait_Str1_Str2_x_100ms) for Wait_Str1_Str2_x_100ms
    main.o(i.DisConnectFromMQTT) refers to stm32f10x_gpio.o(i.GPIO_ResetBits) for GPIO_ResetBits
    main.o(i.DisConnectFromMQTT) refers to stm32f10x_gpio.o(i.GPIO_SetBits) for GPIO_SetBits
    main.o(i.DisConnectFromMQTT) refers to main.o(.data) for DisConnectFlag
    main.o(i.GetTemp) refers to tsensor.o(i.T_Get_Adc_Average) for T_Get_Adc_Average
    main.o(i.GetTemp) refers to fflt_clz.o(x$fpl$ffltu) for __aeabi_ui2f
    main.o(i.GetTemp) refers to f2d.o(x$fpl$f2d) for __aeabi_f2d
    main.o(i.GetTemp) refers to dmul.o(x$fpl$dmul) for __aeabi_dmul
    main.o(i.GetTemp) refers to d2f.o(x$fpl$d2f) for __aeabi_d2f
    main.o(i.GetTemp) refers to ffixu.o(x$fpl$ffixu) for __aeabi_f2uiz
    main.o(i.GetTemp) refers to faddsub_clz.o(x$fpl$frsb) for __aeabi_frsub
    main.o(i.GetTemp) refers to daddsub_clz.o(x$fpl$drsb) for __aeabi_drsub
    main.o(i.GetTemp) refers to ddiv.o(x$fpl$ddiv) for __aeabi_ddiv
    main.o(i.GetTemp) refers to daddsub_clz.o(x$fpl$dadd) for __aeabi_dadd
    main.o(i.Init_Nbiot) refers to stm32f10x_gpio.o(i.GPIO_ResetBits) for GPIO_ResetBits
    main.o(i.Init_Nbiot) refers to usart.o(i.USART1TxStr) for USART1TxStr
    main.o(i.Init_Nbiot) refers to lcd.o(i.LCD_ShowString) for LCD_ShowString
    main.o(i.Init_Nbiot) refers to delay.o(i.delay_ms) for delay_ms
    main.o(i.Init_Nbiot) refers to main.o(i.Wait_Str1_Str2_x_100ms) for Wait_Str1_Str2_x_100ms
    main.o(i.Init_Nbiot) refers to usart.o(i.CLR_Buf2) for CLR_Buf2
    main.o(i.Init_Nbiot) refers to stm32f10x_gpio.o(i.GPIO_SetBits) for GPIO_SetBits
    main.o(i.Init_Nbiot) refers to usart.o(i.USART2TxStr) for USART2TxStr
    main.o(i.Init_Nbiot) refers to main.o(.conststring) for .conststring
    main.o(i.IntToChar) refers to _printf_percent.o(.ARM.Collect$$_printf_percent$$00000000) for _printf_percent
    main.o(i.IntToChar) refers to _printf_d.o(.ARM.Collect$$_printf_percent$$00000009) for _printf_d
    main.o(i.IntToChar) refers to _printf_dec.o(.text) for _printf_int_dec
    main.o(i.IntToChar) refers to __2sprintf.o(.text) for __2sprintf
    main.o(i.IntToChar) refers to strcpy.o(.text) for strcpy
    main.o(i.SendData) refers to _printf_percent.o(.ARM.Collect$$_printf_percent$$00000000) for _printf_percent
    main.o(i.SendData) refers to _printf_f.o(.ARM.Collect$$_printf_percent$$00000003) for _printf_f
    main.o(i.SendData) refers to printf1.o(x$fpl$printf1) for _printf_fp_dec
    main.o(i.SendData) refers to _printf_d.o(.ARM.Collect$$_printf_percent$$00000009) for _printf_d
    main.o(i.SendData) refers to _printf_dec.o(.text) for _printf_int_dec
    main.o(i.SendData) refers to rt_memclr_w.o(.text) for __aeabi_memclr4
    main.o(i.SendData) refers to main.o(i.GetTemp) for GetTemp
    main.o(i.SendData) refers to f2d.o(x$fpl$f2d) for __aeabi_f2d
    main.o(i.SendData) refers to __2sprintf.o(.text) for __2sprintf
    main.o(i.SendData) refers to main.o(i.Wait_Str1_Str2_x_100ms) for Wait_Str1_Str2_x_100ms
    main.o(i.SendData) refers to strcpy.o(.text) for strcpy
    main.o(i.SendData) refers to usart.o(i.USART1TxStr) for USART1TxStr
    main.o(i.SendData) refers to main.o(i.get_sub_str) for get_sub_str
    main.o(i.SendData) refers to strlen.o(.text) for strlen
    main.o(i.SendData) refers to cjson.o(i.cJSON_Parse) for cJSON_Parse
    main.o(i.SendData) refers to cjson.o(i.cJSON_GetObjectItem) for cJSON_GetObjectItem
    main.o(i.SendData) refers to cjson.o(i.cJSON_Delete) for cJSON_Delete
    main.o(i.SendData) refers to usart.o(i.CLR_Buf2) for CLR_Buf2
    main.o(i.SendData) refers to usart.o(i.USART2TxStr) for USART2TxStr
    main.o(i.SendData) refers to lcd.o(i.LCD_ShowString) for LCD_ShowString
    main.o(i.SendData) refers to stm32f10x_gpio.o(i.GPIO_ResetBits) for GPIO_ResetBits
    main.o(i.SendData) refers to stm32f10x_gpio.o(i.GPIO_SetBits) for GPIO_SetBits
    main.o(i.SendData) refers to main.o(.bss) for NB_Send_buf
    main.o(i.SendData) refers to usart.o(.bss) for USART2_RX_BUF
    main.o(i.SendData) refers to main.o(.data) for cjson
    main.o(i.Wait_OK_x_100ms) refers to delay.o(i.delay_ms) for delay_ms
    main.o(i.Wait_OK_x_100ms) refers to timer.o(.data) for Count_time_wait_ok
    main.o(i.Wait_OK_x_100ms) refers to usart.o(.data) for Flag_usart1_receive_OK
    main.o(i.Wait_OK_x_100ms) refers to main.o(.data) for Flag_device_error
    main.o(i.Wait_Str1_Str2_x_100ms) refers to main.o(i.Query) for Query
[...]
    HEAP                                     0x20000e10   Section     3072  startup_stm32f10x_hd.o(HEAP)
    Heap_Mem                                 0x20000e10   Data        3072  startup_stm32f10x_hd.o(HEAP)
    STACK                                    0x20001a10   Section     1024  startup_stm32f10x_hd.o(STACK)
    Stack_Mem                                0x20001a10   Data        1024  startup_stm32f10x_hd.o(STACK)
    __initial_sp                             0x20001e10   Data           0  startup_stm32f10x_hd.o(STACK)

    Global Symbols

    Symbol Name                              Value     Ov Type        Size  Object(Section)

    BuildAttributes$$THM_ISAv4$P$D$K$B$S$PE$A:L22UL41UL21$X:L11$S22US41US21$IEEE1$IW$USESV6$~STKCKD$USESV7$~SHL$OTIME$ROPI$IEEEX$EBA8$UX$STANDARDLIB$REQ8$PRES8$EABIv2 0x00000000   Number         0  anon$$obj.o ABSOLUTE
    __ARM_use_no_argv                        0x00000000   Number         0  main.o ABSOLUTE
    _printf_flags                            0x00000000   Number         0  printf_stubs.o ABSOLUTE
    _printf_return_value                     0x00000000   Number         0  printf_stubs.o ABSOLUTE
    _printf_sizespec                         0x00000000   Number         0  printf_stubs.o ABSOLUTE
    _printf_widthprec                        0x00000000   Number         0  printf_stubs.o ABSOLUTE
    __ARM_exceptions_init                     - Undefined Weak Reference
    __alloca_initialize                       - Undefined Weak Reference
    __arm_fini_                               - Undefined Weak Reference
    __arm_preinit_                            - Undefined Weak Reference
    __cpp_initialize__aeabi_                  - Undefined Weak Reference
    __cxa_finalize                            - Undefined Weak Reference
    __sigvec_lookup                           - Undefined Weak Reference
    __user_heap_extent                        - Undefined Weak Reference
    _atexit_init                              - Undefined Weak Reference
    _call_atexit_fns                          - Undefined Weak Reference
    _clock_init                               - Undefined Weak Reference
    _fp_trap_init                             - Undefined Weak Reference
    _fp_trap_shutdown                         - Undefined Weak Reference
    _get_lc_collate                           - Undefined Weak Reference
    _get_lc_monetary                          - Undefined Weak Reference
    _get_lc_time                              - Undefined Weak Reference
    _getenv_init                              - Undefined Weak Reference
    _handle_redirection                       - Undefined Weak Reference
    _initio                                   - Undefined Weak Reference
    _mutex_acquire                            - Undefined Weak Reference
    _mutex_free                               - Undefined Weak Reference
    _mutex_release                            - Undefined Weak Reference
    _printf_truncate_signed                   - Undefined Weak Reference
    _printf_truncate_unsigned                 - Undefined Weak Reference
    _rand_init                                - Undefined Weak Reference
    _scanf_int                                - Undefined Weak Reference
    _scanf_longlong                           - Undefined Weak Reference
    _scanf_mbtowc                             - Undefined Weak Reference
    _scanf_string                             - Undefined Weak Reference
    _scanf_wctomb                             - Undefined Weak Reference
    _scanf_wstring                            - Undefined Weak Reference
    _signal_finish                            - Undefined Weak Reference
    _signal_init                              - Undefined Weak Reference
    _terminateio                              - Undefined Weak Reference
    __Vectors_Size                           0x00000130   Number         0  startup_stm32f10x_hd.o ABSOLUTE
    __Vectors                                0x08000000   Data           4  startup_stm32f10x_hd.o(RESET)
    __Vectors_End                            0x08000130   Data           0  startup_stm32f10x_hd.o(RESET)
    __main                                   0x08000131   Thumb Code     8  __main.o(!!!main)
    __scatterload                            0x08000139   Thumb Code     0  __scatter.o(!!!scatter)
    __scatterload_rt2                        0x08000139   Thumb Code    44  __scatter.o(!!!scatter)
    __scatterload_rt2_thumb_only             0x08000139   Thumb Code     0  __scatter.o(!!!scatter)
    __scatterload_null                       0x08000147   Thumb Code     0  __scatter.o(!!!scatter)
    __scatterload_copy                       0x0800016d   Thumb Code    26  __scatter_copy.o(!!handler_copy)
    __scatterload_zeroinit                   0x08000189   Thumb Code    28  __scatter_zi.o(!!handler_zi)
    _printf_f                                0x080001a5   Thumb Code     0  _printf_f.o(.ARM.Collect$$_printf_percent$$00000003)
    _printf_percent                          0x080001a5   Thumb Code     0  _printf_percent.o(.ARM.Collect$$_printf_percent$$00000000)
    _printf_d                                0x080001ab   Thumb Code     0  _printf_d.o(.ARM.Collect$$_printf_percent$$00000009)
    _printf_percent_end                      0x080001b1   Thumb Code     0  _printf_percent_end.o(.ARM.Collect$$_printf_percent$$00000017)
    __rt_lib_init                            0x080001b5   Thumb Code     0  libinit.o(.ARM.Collect$$libinit$$00000000)
    __rt_lib_init_fp_1                       0x080001b7   Thumb Code     0  libinit2.o(.ARM.Collect$$libinit$$00000002)
    __rt_lib_init_heap_2                     0x080001b7   Thumb Code     0  libinit2.o(.ARM.Collect$$libinit$$00000005)
    __rt_lib_init_preinit_1                  0x080001b7   Thumb Code     0  libinit2.o(.ARM.Collect$$libinit$$00000004)
    __rt_lib_init_heap_1                     0x080001bf   Thumb Code     0  libinit2.o(.ARM.Collect$$libinit$$0000000A)
    __rt_lib_init_lc_common                  0x080001bf   Thumb Code     0  libinit2.o(.ARM.Collect$$libinit$$0000000F)
    __rt_lib_init_rand_1                     0x080001bf   Thumb Code     0  libinit2.o(.ARM.Collect$$libinit$$0000000E)
    __rt_lib_init_user_alloc_1               0x080001bf   Thumb Code     0  libinit2.o(.ARM.Collect$$libinit$$0000000C)
    __rt_lib_init_lc_collate_1               0x080001c5   Thumb Code     0  libinit2.o(.ARM.Collect$$libinit$$00000011)
    __rt_lib_init_lc_ctype_2                 0x080001c5   Thumb Code     0  libinit2.o(.ARM.Collect$$libinit$$00000012)
    __rt_lib_init_lc_ctype_1                 0x080001d1   Thumb Code     0  libinit2.o(.ARM.Collect$$libinit$$00000013)
    __rt_lib_init_lc_monetary_1              0x080001d1   Thumb Code     0  libinit2.o(.ARM.Collect$$libinit$$00000015)
    __rt_lib_init_lc_numeric_2               0x080001d1   Thumb Code     0  libinit2.o(.ARM.Collect$$libinit$$00000016)
    __rt_lib_init_alloca_1                   0x080001db   Thumb Code     0  libinit2.o(.ARM.Collect$$libinit$$0000002E)
    __rt_lib_init_argv_1                     0x080001db   Thumb Code     0  libinit2.o(.ARM.Collect$$libinit$$0000002C)
    __rt_lib_init_atexit_1                   0x080001db   Thumb Code     0  libinit2.o(.ARM.Collect$$libinit$$0000001B)
    __rt_lib_init_clock_1                    0x080001db   Thumb Code     0  libinit2.o(.ARM.Collect$$libinit$$00000021)
    __rt_lib_init_cpp_1                      0x080001db   Thumb Code     0  libinit2.o(.ARM.Collect$$libinit$$00000032)
    __rt_lib_init_exceptions_1               0x080001db   Thumb Code     0  libinit2.o(.ARM.Collect$$libinit$$00000030)
    __rt_lib_init_fp_trap_1                  0x080001db   Thumb Code     0  libinit2.o(.ARM.Collect$$libinit$$0000001F)
    __rt_lib_init_getenv_1                   0x080001db   Thumb Code     0  libinit2.o(.ARM.Collect$$libinit$$00000023)
    __rt_lib_init_lc_numeric_1               0x080001db   Thumb Code     0  libinit2.o(.ARM.Collect$$libinit$$00000017)
    __rt_lib_init_lc_time_1                  0x080001db   Thumb Code     0  libinit2.o(.ARM.Collect$$libinit$$00000019)
    __rt_lib_init_return                     0x080001db   Thumb Code     0  libinit2.o(.ARM.Collect$$libinit$$00000033)
    __rt_lib_init_signal_1                   0x080001db   Thumb Code     0  libinit2.o(.ARM.Collect$$libinit$$0000001D)
    __rt_lib_init_stdio_1                    0x080001db   Thumb Code     0  libinit2.o(.ARM.Collect$$libinit$$00000025)
    __rt_lib_shutdown                        0x080001dd   Thumb Code     0  libshutdown.o(.ARM.Collect$$libshutdown$$00000000)
    __rt_lib_shutdown_cpp_1                  0x080001df   Thumb Code     0  libshutdown2.o(.ARM.Collect$$libshutdown$$00000004)
    __rt_lib_shutdown_fini_1                 0x080001df   Thumb Code     0  libshutdown2.o(.ARM.Collect$$libshutdown$$00000002)
    __rt_lib_shutdown_fp_trap_1              0x080001df   Thumb Code     0  libshutdown2.o(.ARM.Collect$$libshutdown$$00000009)
    __rt_lib_shutdown_heap_1                 0x080001df   Thumb Code     0  libshutdown2.o(.ARM.Collect$$libshutdown$$00000011)
    __rt_lib_shutdown_return                 0x080001df   Thumb Code     0  libshutdown2.o(.ARM.Collect$$libshutdown$$00000012)
    __rt_lib_shutdown_signal_1               0x080001df   Thumb Code     0  libshutdown2.o(.ARM.Collect$$libshutdown$$0000000C)
    __rt_lib_shutdown_stdio_1                0x080001df   Thumb Code     0  libshutdown2.o(.ARM.Collect$$libshutdown$$00000006)
    __rt_lib_shutdown_user_alloc_1           0x080001df   Thumb Code     0  libshutdown2.o(.ARM.Collect$$libshutdown$$0000000E)
    __rt_entry                               0x080001e1   Thumb Code     0  __rtentry.o(.ARM.Collect$$rtentry$$00000000)
    __rt_entry_presh_1                       0x080001e1   Thumb Code     0  __rtentry2.o(.ARM.Collect$$rtentry$$00000002)
    __rt_entry_sh                            0x080001e1   Thumb Code     0  __rtentry4.o(.ARM.Collect$$rtentry$$00000004)
    __rt_entry_li                            0x080001e7   Thumb Code     0  __rtentry2.o(.ARM.Collect$$rtentry$$0000000A)
    __rt_entry_postsh_1                      0x080001e7   Thumb Code     0  __rtentry2.o(.ARM.Collect$$rtentry$$00000009)
    __rt_entry_main                          0x080001eb   Thumb Code     0  __rtentry2.o(.ARM.Collect$$rtentry$$0000000D)
    __rt_entry_postli_1                      0x080001eb   Thumb Code     0  __rtentry2.o(.ARM.Collect$$rtentry$$0000000C)
    __rt_exit                                0x080001f3   Thumb Code     0  rtexit.o(.ARM.Collect$$rtexit$$00000000)
    __rt_exit_ls                             0x080001f5   Thumb Code     0  rtexit2.o(.ARM.Collect$$rtexit$$00000003)
    __rt_exit_prels_1                        0x080001f5   Thumb Code     0  rtexit2.o(.ARM.Collect$$rtexit$$00000002)
    __rt_exit_exit                           0x080001f9   Thumb Code     0  rtexit2.o(.ARM.Collect$$rtexit$$00000004)
    Reset_Handler                            0x08000201   Thumb Code     8  startup_stm32f10x_hd.o(.text)
    _maybe_terminate_alloc                   0x08000201   Thumb Code     0  maybetermalloc1.o(.emb_text)
    ADC1_2_IRQHandler                        0x0800021b   Thumb Code     0  startup_stm32f10x_hd.o(.text)
    ADC3_IRQHandler                          0x0800021b   Thumb Code     0  startup_stm32f10x_hd.o(.text)
    CAN1_RX1_IRQHandler                      0x0800021b   Thumb Code     0  startup_stm32f10x_hd.o(.text)
    CAN1_SCE_IRQHandler                      0x0800021b   Thumb Code     0  startup_stm32f10x_hd.o(.text)
    DMA1_Channel1_IRQHandler                 0x0800021b   Thumb Code     0  startup_stm32f10x_hd.o(.text)
    DMA1_Channel2_IRQHandler                 0x0800021b   Thumb Code     0  startup_stm32f10x_hd.o(.text)
    DMA1_Channel3_IRQHandler                 0x0800021b   Thumb Code     0  startup_stm32f10x_hd.o(.text)
    DMA1_Channel4_IRQHandler                 0x0800021b   Thumb Code     0  startup_stm32f10x_hd.o(.text)
    DMA1_Channel5_IRQHandler                 0x0800021b   Thumb Code     0  startup_stm32f10x_hd.o(.text)
    DMA1_Channel6_IRQHandler                 0x0800021b   Thumb Code     0  startup_stm32f10x_hd.o(.text)
    DMA1_Channel7_IRQHandler                 0x0800021b   Thumb Code     0  startup_stm32f10x_hd.o(.text)
    DMA2_Channel1_IRQHandler                 0x0800021b   Thumb Code     0  startup_stm32f10x_hd.o(.text)
    DMA2_Channel2_IRQHandler                 0x0800021b   Thumb Code     0  startup_stm32f10x_hd.o(.text)
    DMA2_Channel3_IRQHandler                 0x0800021b   Thumb Code     0  startup_stm32f10x_hd.o(.text)
    DMA2_Channel4_5_IRQHandler               0x0800021b   Thumb Code     0  startup_stm32f10x_hd.o(.text)
    EXTI0_IRQHandler                         0x0800021b   Thumb Code     0  startup_stm32f10x_hd.o(.text)
    EXTI15_10_IRQHandler                     0x0800021b   Thumb Code     0  startup_stm32f10x_hd.o(.text)
    EXTI1_IRQHandler                         0x0800021b   Thumb Code     0  startup_stm32f10x_hd.o(.text)
    EXTI2_IRQHandler                         0x0800021b   Thumb Code     0  startup_stm32f10x_hd.o(.text)
    EXTI3_IRQHandler                         0x0800021b   Thumb Code     0  startup_stm32f10x_hd.o(.text)
    EXTI4_IRQHandler                         0x0800021b   Thumb Code     0  startup_stm32f10x_hd.o(.text)
    FLASH_IRQHandler                         0x0800021b   Thumb Code     0  startup_stm32f10x_hd.o(.text)
    FSMC_IRQHandler                          0x0800021b   Thumb Code     0  startup_stm32f10x_hd.o(.text)
    I2C1_ER_IRQHandler                       0x0800021b   Thumb Code     0  startup_stm32f10x_hd.o(.text)
    I2C1_EV_IRQHandler                       0x0800021b   Thumb Code     0  startup_stm32f10x_hd.o(.text)
    I2C2_ER_IRQHandler                       0x0800021b   Thumb Code     0  startup_stm32f10x_hd.o(.text)
    I2C2_EV_IRQHandler                       0x0800021b   Thumb Code     0  startup_stm32f10x_hd.o(.text)
    PVD_IRQHandler                           0x0800021b   Thumb Code     0  startup_stm32f10x_hd.o(.text)
    RCC_IRQHandler                           0x0800021b   Thumb Code     0  startup_stm32f10x_hd.o(.text)
    RTCAlarm_IRQHandler                      0x0800021b   Thumb Code     0  startup_stm32f10x_hd.o(.text)
    RTC_IRQHandler                           0x0800021b   Thumb Code     0  startup_stm32f10x_hd.o(.text)
    SDIO_IRQHandler                          0x0800021b   Thumb Code     0  startup_stm32f10x_hd.o(.text)
    SPI1_IRQHandler                          0x0800021b   Thumb Code     0  startup_stm32f10x_hd.o(.text)
    SPI2_IRQHandler                          0x0800021b   Thumb Code     0  startup_stm32f10x_hd.o(.text)
    SPI3_IRQHandler                          0x0800021b   Thumb Code     0  startup_stm32f10x_hd.o(.text)
    TAMPER_IRQHandler                        0x0800021b   Thumb Code     0  startup_stm32f10x_hd.o(.text)
    TIM1_BRK_IRQHandler                      0x0800021b   Thumb Code     0  startup_stm32f10x_hd.o(.text)
    TIM1_CC_IRQHandler                       0x0800021b   Thumb Code     0  startup_stm32f10x_hd.o(.text)
    TIM1_TRG_COM_IRQHandler                  0x0800021b   Thumb Code     0  startup_stm32f10x_hd.o(.text)
    TIM1_UP_IRQHandler                       0x0800021b   Thumb Code     0  startup_stm32f10x_hd.o(.text)
    TIM2_IRQHandler                          0x0800021b   Thumb Code     0  startup_stm32f10x_hd.o(.text)
    TIM4_IRQHandler                          0x0800021b   Thumb Code     0  startup_stm32f10x_hd.o(.text)
    TIM5_IRQHandler                          0x0800021b   Thumb Code     0  startup_stm32f10x_hd.o(.text)
    TIM6_IRQHandler                          0x0800021b   Thumb Code     0  startup_stm32f10x_hd.o(.text)
    TIM7_IRQHandler                          0x0800021b   Thumb Code     0  startup_stm32f10x_hd.o(.text)
    TIM8_BRK_IRQHandler                      0x0800021b   Thumb Code     0  startup_stm32f10x_hd.o(.text)
    TIM8_CC_IRQHandler                       0x0800021b   Thumb Code     0  startup_stm32f10x_hd.o(.text)
    TIM8_TRG_COM_IRQHandler                  0x0800021b   Thumb Code     0  startup_stm32f10x_hd.o(.text)
    TIM8_UP_IRQHandler                       0x0800021b   Thumb Code     0  startup_stm32f10x_hd.o(.text)
    UART4_IRQHandler                         0x0800021b   Thumb Code     0  startup_stm32f10x_hd.o(.text)
    UART5_IRQHandler                         0x0800021b   Thumb Code     0  startup_stm32f10x_hd.o(.text)
    USART3_IRQHandler                        0x0800021b   Thumb Code     0  startup_stm32f10x_hd.o(.text)
    USBWakeUp_IRQHandler                     0x0800021b   Thumb Code     0  startup_stm32f10x_hd.o(.text)
    USB_HP_CAN1_TX_IRQHandler                0x0800021b   Thumb Code     0  startup_stm32f10x_hd.o(.text)
    USB_LP_CAN1_RX0_IRQHandler               0x0800021b   Thumb Code     0  startup_stm32f10x_hd.o(.text)
    WWDG_IRQHandler                          0x0800021b   Thumb Code     0  startup_stm32f10x_hd.o(.text)
    __user_initial_stackheap                 0x0800021d   Thumb Code     0  startup_stm32f10x_hd.o(.text)
    __use_no_semihosting                     0x08000241   Thumb Code     2  use_no_semi_2.o(.text)
    malloc                                   0x08000243   Thumb Code    94  h1_alloc.o(.text)
    free                                     0x080002a1   Thumb Code    78  h1_free.o(.text)
    realloc                                  0x080002ef   Thumb Code   184  h1_realloc.o(.text)
    tolower                                  0x080003a7   Thumb Code    26  tolower.o(.text)
    __2sprintf                               0x080003c1   Thumb Code    38  __2sprintf.o(.text)
    _printf_int_dec                          0x080003ed   Thumb Code   104  _printf_dec.o(.text)
    __printf                                 0x08000465   Thumb Code   308  __printf_flags_wp.o(.text)
    strstr                                   0x0800059d   Thumb Code    36  strstr.o(.text)
    strcpy                                   0x080005c1   Thumb Code    72  strcpy.o(.text)
    strlen                                   0x08000609   Thumb Code    62  strlen.o(.text)
    strncmp                                  0x08000647   Thumb Code   150  strncmp.o(.text)
    __aeabi_memcpy                           0x080006dd   Thumb Code     0  rt_memcpy_v6.o(.text)
    __rt_memcpy                              0x080006dd   Thumb Code   138  rt_memcpy_v6.o(.text)
    _memcpy_lastbytes                        0x08000743   Thumb Code     0  rt_memcpy_v6.o(.text)
    __aeabi_memcpy4                          0x08000767   Thumb Code     0  rt_memcpy_w.o(.text)
    __aeabi_memcpy8                          0x08000767   Thumb Code     0  rt_memcpy_w.o(.text)
    __rt_memcpy_w                            0x08000767   Thumb Code   100  rt_memcpy_w.o(.text)
    _memcpy_lastbytes_aligned                0x080007af   Thumb Code     0  rt_memcpy_w.o(.text)
    __aeabi_memclr4                          0x080007cb   Thumb Code     0  rt_memclr_w.o(.text)
    __aeabi_memclr8                          0x080007cb   Thumb Code     0  rt_memclr_w.o(.text)
    __rt_memclr_w                            0x080007cb   Thumb Code    78  rt_memclr_w.o(.text)
    _memset_w                                0x080007cf   Thumb Code     0  rt_memclr_w.o(.text)
    strcmp                                   0x08000819   Thumb Code   128  strcmpv7m.o(.text)
    __use_two_region_memory                  0x08000899   Thumb Code     2  heapauxi.o(.text)
    __rt_heap_escrow                         0x0800089b   Thumb Code     2  heapauxi.o(.text)
    __rt_heap_expand                         0x0800089d   Thumb Code     2  heapauxi.o(.text)
    __I$use$semihosting                      0x0800089f   Thumb Code     0  use_no_semi.o(.text)
    __use_no_semihosting_swi                 0x0800089f   Thumb Code     2  use_no_semi.o(.text)
    __rt_ctype_table                         0x080008a1   Thumb Code    16  rt_ctype_table.o(.text)
    __rt_heap_descriptor                     0x080008b1   Thumb Code     8  rt_heap_descriptor_intlibspace.o(.text)
    __use_no_heap                            0x080008b9   Thumb Code     2  hguard.o(.text)
    __heap$guard                             0x080008bb   Thumb Code     2  hguard.o(.text)
    _terminate_user_alloc                    0x080008bd   Thumb Code     2  init_alloc.o(.text)
    _init_user_alloc                         0x080008bf   Thumb Code     2  init_alloc.o(.text)
    __Heap_Full                              0x080008c1   Thumb Code    34  init_alloc.o(.text)
    __Heap_Broken                            0x080008e3   Thumb Code     6  init_alloc.o(.text)
    _init_alloc                              0x080008e9   Thumb Code    94  init_alloc.o(.text)
    __Heap_Initialize                        0x08000947   Thumb Code    10  h1_init.o(.text)
    __Heap_DescSize                          0x08000951   Thumb Code     4  h1_init.o(.text)
    _printf_int_common                       0x08000955   Thumb Code   178  _printf_intcommon.o(.text)
    __lib_sel_fp_printf                      0x08000a07   Thumb Code     2  _printf_fp_dec.o(.text)
    _printf_fp_dec_real                      0x08000bb9   Thumb Code   620  _printf_fp_dec.o(.text)
    _printf_char_common                      0x08000e2f   Thumb Code    32  _printf_char_common.o(.text)
    _sputc                                   0x08000e55   Thumb Code    10  _sputc.o(.text)
    _scanf_really_real                       0x080010ad   Thumb Code   684  scanf_fp.o(.text)
    _sgetc                                   0x08001359   Thumb Code    30  _sgetc.o(.text)
    _sbackspace                              0x08001377   Thumb Code    34  _sgetc.o(.text)
    __strtod_int                             0x080013d5   Thumb Code    90  strtod.o(.text)
    __user_libspace                          0x0800143d   Thumb Code     8  libspace.o(.text)
    __user_perproc_libspace                  0x0800143d   Thumb Code     0  libspace.o(.text)
    __user_perthread_libspace                0x0800143d   Thumb Code     0  libspace.o(.text)
    __rt_locale                              0x08001445   Thumb Code     8  rt_locale_intlibspace.o(.text)
    __aeabi_errno_addr                       0x0800144d   Thumb Code     8  rt_errno_addr_intlibspace.o(.text)
    __errno$intlibspace                      0x0800144d   Thumb Code     0  rt_errno_addr_intlibspace.o(.text)
    __rt_errno_addr$intlibspace              0x0800144d   Thumb Code     0  rt_errno_addr_intlibspace.o(.text)
    __Heap_ProvideMemory                     0x08001455   Thumb Code    52  h1_extend.o(.text)
    _ll_udiv10                               0x08001489   Thumb Code   138  lludiv10.o(.text)
    isspace                                  0x08001513   Thumb Code    18  isspace.o(.text)
    _printf_fp_infnan                        0x08001525   Thumb Code   112  _printf_fp_infnan.o(.text)
    _btod_etento                             0x080015a5   Thumb Code   224  bigflt0.o(.text)
    __rt_SIGRTMEM                            0x08001689   Thumb Code    14  defsig_rtmem_outer.o(.text)
    __user_setup_stackheap                   0x08001697   Thumb Code    74  sys_stackheap_outer.o(.text)
    __read_errno                             0x080016e1   Thumb Code    10  _rserrno.o(.text)
    __set_errno                              0x080016eb   Thumb Code    12  _rserrno.o(.text)
    _scanf_really_hex_real                   0x080016f9   Thumb Code   786  scanf_hexfp.o(.text)
    _scanf_really_infnan                     0x08001a19   Thumb Code   292  scanf_infnan.o(.text)
    exit                                     0x08001b4d   Thumb Code    18  exit.o(.text)
    __sig_exit                               0x08001b5f   Thumb Code    10  defsig_exit.o(.text)
    __rt_SIGRTMEM_inner                      0x08001b69   Thumb Code    22  defsig_rtmem_inner.o(.text)
    __aeabi_llsl                             0x08001bb9   Thumb Code     0  llshl.o(.text)
    _ll_shift_l                              0x08001bb9   Thumb Code    38  llshl.o(.text)
    _chval                                   0x08001bdf   Thumb Code    28  _chval.o(.text)
    __default_signal_display                 0x08001bfb   Thumb Code    50  defsig_general.o(.text)
    _btod_d2e                                0x08001c2d   Thumb Code    62  btod.o(CL$$btod_d2e)
    _d2e_denorm_low                          0x08001c6b   Thumb Code    70  btod.o(CL$$btod_d2e_denorm_low)
    _d2e_norm_op1                            0x08001cb1   Thumb Code    96  btod.o(CL$$btod_d2e_norm_op1)
    __btod_div_common                        0x08001d11   Thumb Code   696  btod.o(CL$$btod_div_common)
    _e2d                                     0x08002049   Thumb Code   122  btod.o(CL$$btod_e2d)
    _e2e                                     0x080020cd   Thumb Code   220  btod.o(CL$$btod_e2e)
    _btod_ediv                               0x080021a9   Thumb Code    42  btod.o(CL$$btod_ediv)
    _btod_edivd                              0x080021d3   Thumb Code    42  btod.o(CL$$btod_edivd)
    _btod_emul                               0x080021fd   Thumb Code    42  btod.o(CL$$btod_emul)
    _btod_emuld                              0x08002227   Thumb Code    42  btod.o(CL$$btod_emuld)
    __btod_mult_common                       0x08002251   Thumb Code   580  btod.o(CL$$btod_mult_common)
    ADC_Cmd                                  0x08002495   Thumb Code    22  stm32f10x_adc.o(i.ADC_Cmd)
    ADC_DeInit                               0x080024ad   Thumb Code    78  stm32f10x_adc.o(i.ADC_DeInit)
    ADC_GetCalibrationStatus                 0x08002509   Thumb Code    20  stm32f10x_adc.o(i.ADC_GetCalibrationStatus)
    ADC_GetConversionValue                   0x0800251d   Thumb Code     8  stm32f10x_adc.o(i.ADC_GetConversionValue)
    ADC_GetFlagStatus                        0x08002525   Thumb Code    18  stm32f10x_adc.o(i.ADC_GetFlagStatus)
    ADC_GetResetCalibrationStatus            0x08002537   Thumb Code    20  stm32f10x_adc.o(i.ADC_GetResetCalibrationStatus)
    ADC_Init                                 0x0800254d   Thumb Code    70  stm32f10x_adc.o(i.ADC_Init)
    ADC_RegularChannelConfig                 0x0800259d   Thumb Code   184  stm32f10x_adc.o(i.ADC_RegularChannelConfig)
    ADC_ResetCalibration                     0x08002655   Thumb Code    10  stm32f10x_adc.o(i.ADC_ResetCalibration)
    ADC_SoftwareStartConvCmd                 0x0800265f   Thumb Code    22  stm32f10x_adc.o(i.ADC_SoftwareStartConvCmd)
    ADC_StartCalibration                     0x08002675   Thumb Code    10  stm32f10x_adc.o(i.ADC_StartCalibration)
    ADC_TempSensorVrefintCmd                 0x08002681   Thumb Code    30  stm32f10x_adc.o(i.ADC_TempSensorVrefintCmd)
    Address_set                              0x080026a5   Thumb Code    90  lcd.o(i.Address_set)
    BusFault_Handler                         0x080026ff   Thumb Code     4  stm32f10x_it.o(i.BusFault_Handler)
    CLR_Buf2                                 0x08002705   Thumb Code    28  usart.o(i.CLR_Buf2)
    DebugMon_Handler                         0x08002729   Thumb Code     2  stm32f10x_it.o(i.DebugMon_Handler)
    EXTI9_5_IRQHandler                       0x0800272d   Thumb Code    32  exti.o(i.EXTI9_5_IRQHandler)
    EXTI_ClearITPendingBit                   0x08002755   Thumb Code     6  stm32f10x_exti.o(i.EXTI_ClearITPendingBit)
    GPIO_Configuration                       0x08002761   Thumb Code   252  gpio.o(i.GPIO_Configuration)
    GPIO_Init                                0x08002869   Thumb Code   278  stm32f10x_gpio.o(i.GPIO_Init)
    GPIO_PinRemapConfig                      0x08002981   Thumb Code   138  stm32f10x_gpio.o(i.GPIO_PinRemapConfig)
    GPIO_ReadInputDataBit                    0x08002a11   Thumb Code    18  stm32f10x_gpio.o(i.GPIO_ReadInputDataBit)
    GPIO_ResetBits                           0x08002a23   Thumb Code     4  stm32f10x_gpio.o(i.GPIO_ResetBits)
    GPIO_SetBits                             0x08002a27   Thumb Code     4  stm32f10x_gpio.o(i.GPIO_SetBits)
    GPIO_StructInit                          0x08002a2b   Thumb Code    16  stm32f10x_gpio.o(i.GPIO_StructInit)
    GetTemp                                  0x08002a3d   Thumb Code   124  main.o(i.GetTemp)
    HardFault_Handler                        0x08002ad1   Thumb Code     4  stm32f10x_it.o(i.HardFault_Handler)
    Init_Nbiot                               0x08002ad5   Thumb Code   896  main.o(i.Init_Nbiot)
    LCD_Clear                                0x08003079   Thumb Code    48  lcd.o(i.LCD_Clear)
    LCD_DrawLine                             0x080030a9   Thumb Code   168  lcd.o(i.LCD_DrawLine)
    LCD_DrawPoint                            0x08003151   Thumb Code    28  lcd.o(i.LCD_DrawPoint)
    LCD_DrawRectangle                        0x08003171   Thumb Code    64  lcd.o(i.LCD_DrawRectangle)
    LCD_ShowChar                             0x080031b1   Thumb Code   216  lcd.o(i.LCD_ShowChar)
    LCD_ShowString                           0x08003295   Thumb Code    62  lcd.o(i.LCD_ShowString)
    LCD_WR_DATA                              0x080032d5   Thumb Code    28  lcd.o(i.LCD_WR_DATA)
    LCD_WR_DATA8                             0x080032f5   Thumb Code    20  lcd.o(i.LCD_WR_DATA8)
    LCD_WR_REG                               0x0800330d   Thumb Code    20  lcd.o(i.LCD_WR_REG)
    LCD_Writ_Bus                             0x08003325   Thumb Code    12  lcd.o(i.LCD_Writ_Bus)
    Lcd_Init                                 0x08003331   Thumb Code   590  lcd.o(i.Lcd_Init)
    MemManage_Handler                        0x08003585   Thumb Code     4  stm32f10x_it.o(i.MemManage_Handler)
    NMI_Handler                              0x08003589   Thumb Code     2  stm32f10x_it.o(i.NMI_Handler)
    NVIC_Init                                0x0800358d   Thumb Code   100  misc.o(i.NVIC_Init)
    NVIC_PriorityGroupConfig                 0x080035fd   Thumb Code    10  misc.o(i.NVIC_PriorityGroupConfig)
    PendSV_Handler                           0x08003611   Thumb Code     2  stm32f10x_it.o(i.PendSV_Handler)
    Query                                    0x08003613   Thumb Code    98  main.o(i.Query)
    RCC_ADCCLKConfig                         0x08003675   Thumb Code    18  stm32f10x_rcc.o(i.RCC_ADCCLKConfig)
    RCC_APB1PeriphClockCmd                   0x0800368d   Thumb Code    26  stm32f10x_rcc.o(i.RCC_APB1PeriphClockCmd)
    RCC_APB2PeriphClockCmd                   0x080036ad   Thumb Code    26  stm32f10x_rcc.o(i.RCC_APB2PeriphClockCmd)
    RCC_APB2PeriphResetCmd                   0x080036cd   Thumb Code    26  stm32f10x_rcc.o(i.RCC_APB2PeriphResetCmd)
    RCC_GetClocksFreq                        0x080036ed   Thumb Code   192  stm32f10x_rcc.o(i.RCC_GetClocksFreq)
    SPI2_Init                                0x080037c1   Thumb Code   128  spi.o(i.SPI2_Init)
    SPI2_ReadWriteByte                       0x08003849   Thumb Code    78  spi.o(i.SPI2_ReadWriteByte)
    SPI_Cmd                                  0x0800389d   Thumb Code    24  stm32f10x_spi.o(i.SPI_Cmd)
    SPI_I2S_GetFlagStatus                    0x080038b5   Thumb Code    18  stm32f10x_spi.o(i.SPI_I2S_GetFlagStatus)
    SPI_I2S_ReceiveData                      0x080038c7   Thumb Code     6  stm32f10x_spi.o(i.SPI_I2S_ReceiveData)
    SPI_I2S_SendData                         0x080038cd   Thumb Code     4  stm32f10x_spi.o(i.SPI_I2S_SendData)
    SPI_Init                                 0x080038d1   Thumb Code    60  stm32f10x_spi.o(i.SPI_Init)
    SVC_Handler                              0x0800390d   Thumb Code     2  stm32f10x_it.o(i.SVC_Handler)
    SendData                                 0x08003911   Thumb Code   488  main.o(i.SendData)
    SysTick_CLKSourceConfig                  0x08003cc5   Thumb Code    40  misc.o(i.SysTick_CLKSourceConfig)
    SysTick_Handler                          0x08003ced   Thumb Code     2  stm32f10x_it.o(i.SysTick_Handler)
    SystemInit                               0x08003cf1   Thumb Code    78  system_stm32f10x.o(i.SystemInit)
    TIM3_IRQHandler                          0x08003d51   Thumb Code   166  timer.o(i.TIM3_IRQHandler)
    TIM3_Int_Init                            0x08003e1d   Thumb Code    90  timer.o(i.TIM3_Int_Init)
    TIM_ClearITPendingBit                    0x08003e7d   Thumb Code     6  stm32f10x_tim.o(i.TIM_ClearITPendingBit)
    TIM_Cmd                                  0x08003e83   Thumb Code    24  stm32f10x_tim.o(i.TIM_Cmd)
    TIM_GetITStatus                          0x08003e9b   Thumb Code    34  stm32f10x_tim.o(i.TIM_GetITStatus)
    TIM_ITConfig                             0x08003ebd   Thumb Code    18  stm32f10x_tim.o(i.TIM_ITConfig)
    TIM_TimeBaseInit                         0x08003ed1   Thumb Code   122  stm32f10x_tim.o(i.TIM_TimeBaseInit)
    T_Adc_Init                               0x08003f75   Thumb Code   118  tsensor.o(i.T_Adc_Init)
    T_Get_Adc                                0x08003ff1   Thumb Code    46  tsensor.o(i.T_Get_Adc)
    T_Get_Adc_Average                        0x08004025   Thumb Code    46  tsensor.o(i.T_Get_Adc_Average)
    USART1TxChar                             0x08004055   Thumb Code    28  usart.o(i.USART1TxChar)
    USART1TxStr                              0x08004075   Thumb Code    22  usart.o(i.USART1TxStr)
    USART1_IRQHandler                        0x0800408d   Thumb Code    68  usart.o(i.USART1_IRQHandler)
    USART2TxChar                             0x080040e5   Thumb Code    28  usart.o(i.USART2TxChar)
    USART2TxStr                              0x08004105   Thumb Code    22  usart.o(i.USART2TxStr)
    USART2_IRQHandler                        0x080041cd   Thumb Code    90  usart.o(i.USART2_IRQHandler)
    USART_Cmd                                0x08004281   Thumb Code    24  stm32f10x_usart.o(i.USART_Cmd)
    USART_GetFlagStatus                      0x08004299   Thumb Code    26  stm32f10x_usart.o(i.USART_GetFlagStatus)
    USART_GetITStatus                        0x080042b3   Thumb Code    84  stm32f10x_usart.o(i.USART_GetITStatus)
    USART_ITConfig                           0x08004307   Thumb Code    74  stm32f10x_usart.o(i.USART_ITConfig)
    USART_Init                               0x08004351   Thumb Code   210  stm32f10x_usart.o(i.USART_Init)
    USART_ReceiveData                        0x08004429   Thumb Code    10  stm32f10x_usart.o(i.USART_ReceiveData)
    USART_SendData                           0x08004433   Thumb Code     8  stm32f10x_usart.o(i.USART_SendData)
    UsageFault_Handler                       0x0800443b   Thumb Code     4  stm32f10x_it.o(i.UsageFault_Handler)
    Usart1_Init                              0x08004441   Thumb Code   160  usart.o(i.Usart1_Init)
    Usart2_Init                              0x080044e9   Thumb Code    32  usart.o(i.Usart2_Init)
    Wait_Str1_Str2_x_100ms                   0x08004509   Thumb Code   236  main.o(i.Wait_Str1_Str2_x_100ms)
    __ARM_fpclassify                         0x08004619   Thumb Code    40  fpclassify.o(i.__ARM_fpclassify)
    __mathlib_dbl_overflow                   0x08004641   Thumb Code    14  dunder.o(i.__mathlib_dbl_overflow)
    __mathlib_dbl_underflow                  0x08004651   Thumb Code    10  dunder.o(i.__mathlib_dbl_underflow)
    __mathlib_narrow                         0x08004661   Thumb Code    16  narrow.o(i.__mathlib_narrow)
    __mathlib_tofloat                        0x08004671   Thumb Code   184  narrow.o(i.__mathlib_tofloat)
    __support_ldexp                          0x0800472d   Thumb Code    22  ldexp.o(i.__support_ldexp)
    _is_digit                                0x08004743   Thumb Code    14  __printf_wp.o(i._is_digit)
    _sys_exit                                0x08004751   Thumb Code     6  usart.o(i._sys_exit)
    _ttywrch                                 0x08004757   Thumb Code     4  usart.o(i._ttywrch)
    cJSON_Delete                             0x080047a5   Thumb Code    84  cjson.o(i.cJSON_Delete)
    cJSON_GetObjectItem                      0x080047fd   Thumb Code    18  cjson.o(i.cJSON_GetObjectItem)
    cJSON_Parse                              0x08004829   Thumb Code    16  cjson.o(i.cJSON_Parse)
    cJSON_ParseWithLengthOpts                0x08004839   Thumb Code   204  cjson.o(i.cJSON_ParseWithLengthOpts)
    cJSON_ParseWithOpts                      0x0800490d   Thumb Code    40  cjson.o(i.cJSON_ParseWithOpts)
    delay_init                               0x0800497d   Thumb Code    50  delay.o(i.delay_init)
    delay_ms                                 0x080049c1   Thumb Code    72  delay.o(i.delay_ms)
    frexp                                    0x08004a0d   Thumb Code    80  frexp.o(i.frexp)
    get_sub_str                              0x08004abb   Thumb Code    86  main.o(i.get_sub_str)
    ldexp                                    0x08004b11   Thumb Code   116  ldexp.o(i.ldexp)
    main                                     0x08004b85   Thumb Code   136  main.o(i.main)
    strtod                                   0x080052e9   Thumb Code    28  strtod.o(i.strtod)
    _get_lc_ctype                            0x08005431   Thumb Code    44  lc_ctype_c.o(locale$$code)
    _get_lc_numeric                          0x0800545d   Thumb Code    44  lc_numeric_c.o(locale$$code)
    __aeabi_d2f                              0x08005489   Thumb Code     0  d2f.o(x$fpl$d2f)
    _d2f                                     0x08005489   Thumb Code    98  d2f.o(x$fpl$d2f)
    __aeabi_dadd                             0x080054ed   Thumb Code     0  daddsub_clz.o(x$fpl$dadd)
    _dadd                                    0x080054ed   Thumb Code   332  daddsub_clz.o(x$fpl$dadd)
    __fpl_dcheck_NaN1                        0x0800563d   Thumb Code    10  dcheck1.o(x$fpl$dcheck1)
    __fpl_dcmp_Inf                           0x0800564d   Thumb Code    24  dcmpi.o(x$fpl$dcmpinf)
    __aeabi_ddiv                             0x08005665   Thumb Code     0  ddiv.o(x$fpl$ddiv)
    _ddiv                                    0x08005665   Thumb Code   552  ddiv.o(x$fpl$ddiv)
    __aeabi_cdcmpeq                          0x08005915   Thumb Code     0  deqf.o(x$fpl$deqf)
    _dcmpeq                                  0x08005915   Thumb Code   120  deqf.o(x$fpl$deqf)
    __aeabi_d2iz                             0x0800598d   Thumb Code     0  dfix.o(x$fpl$dfix)
    _dfix                                    0x0800598d   Thumb Code    94  dfix.o(x$fpl$dfix)
    __aeabi_cdcmple                          0x080059ed   Thumb Code     0  dleqf.o(x$fpl$dleqf)
    _dcmple                                  0x080059ed   Thumb Code   120  dleqf.o(x$fpl$dleqf)
    __fpl_dcmple_InfNaN                      0x08005a4f   Thumb Code     0  dleqf.o(x$fpl$dleqf)
    __aeabi_dmul                             0x08005a65   Thumb Code     0  dmul.o(x$fpl$dmul)
    _dmul                                    0x08005a65   Thumb Code   332  dmul.o(x$fpl$dmul)
    __fpl_dnaninf                            0x08005bb9   Thumb Code   156  dnaninf.o(x$fpl$dnaninf)
    __fpl_dretinf                            0x08005c55   Thumb Code    12  dretinf.o(x$fpl$dretinf)
    __aeabi_cdrcmple                         0x08005c61   Thumb Code     0  drleqf.o(x$fpl$drleqf)
    _drcmple                                 0x08005c61   Thumb Code   108  drleqf.o(x$fpl$drleqf)
    __aeabi_drsub                            0x08005ccd   Thumb Code     0  daddsub_clz.o(x$fpl$drsb)
    _drsb                                    0x08005ccd   Thumb Code    22  daddsub_clz.o(x$fpl$drsb)
    __aeabi_dsub                             0x08005ce5   Thumb Code     0  daddsub_clz.o(x$fpl$dsub)
    _dsub                                    0x08005ce5   Thumb Code   464  daddsub_clz.o(x$fpl$dsub)
    __aeabi_f2d                              0x08005eb9   Thumb Code     0  f2d.o(x$fpl$f2d)
    _f2d                                     0x08005eb9   Thumb Code    86  f2d.o(x$fpl$f2d)
    __aeabi_fadd                             0x08005f11   Thumb Code     0  faddsub_clz.o(x$fpl$fadd)
    _fadd                                    0x08005f11   Thumb Code   196  faddsub_clz.o(x$fpl$fadd)
    __aeabi_f2uiz                            0x08005fd5   Thumb Code     0  ffixu.o(x$fpl$ffixu)
    _ffixu                                   0x08005fd5   Thumb Code    62  ffixu.o(x$fpl$ffixu)
    __aeabi_ui2f                             0x08006015   Thumb Code     0  fflt_clz.o(x$fpl$ffltu)
    _ffltu                                   0x08006015   Thumb Code    38  fflt_clz.o(x$fpl$ffltu)
    __fpl_fnaninf                            0x0800603b   Thumb Code   140  fnaninf.o(x$fpl$fnaninf)
    __fpl_fretinf                            0x080060c7   Thumb Code    10  fretinf.o(x$fpl$fretinf)
    __aeabi_frsub                            0x080060d1   Thumb Code     0  faddsub_clz.o(x$fpl$frsb)
    _frsb                                    0x080060d1   Thumb Code    20  faddsub_clz.o(x$fpl$frsb)
    __aeabi_fsub                             0x080060e5   Thumb Code     0  faddsub_clz.o(x$fpl$fsub)
    _fsub                                    0x080060e5   Thumb Code   234  faddsub_clz.o(x$fpl$fsub)
    __ieee_status                            0x080061cf   Thumb Code     6  istatus.o(x$fpl$ieeestatus)
    _printf_fp_dec                           0x080061d5   Thumb Code     4  printf1.o(x$fpl$printf1)
    __fpl_return_NaN                         0x080061d9   Thumb Code   100  retnan.o(x$fpl$retnan)
    __ARM_scalbn                             0x0800623d   Thumb Code    92  scalbn.o(x$fpl$scalbn)
    _scanf_real                              0x08006299   Thumb Code     4  scanf1.o(x$fpl$scanf1)
    _scanf_hex_real                          0x0800629d   Thumb Code     4  scanf2.o(x$fpl$scanf2)
    _scanf_infnan                            0x080062a1   Thumb Code     4  scanf2.o(x$fpl$scanf2)
    __fpl_cmpreturn                          0x080062a5   Thumb Code    48  trapv.o(x$fpl$trapveneer)
    __I$use$fp                               0x080062d4   Number         0  usenofp.o(x$fpl$usenofp)
    asc2_1608                                0x080062d4   Data        1520  lcd.o(.constdata)
    codeGB_16x16                             0x080068c4   Data         578  lcd.o(.constdata)
    Region$$Table$$Base                      0x08006c24   Number         0  anon$$obj.o(Region$$Table)
    Region$$Table$$Limit                     0x08006c44   Number         0  anon$$obj.o(Region$$Table)
    __aeabi_HUGE_VAL                         0x08006c44   Data           0  fpconst.o(c$$dinf)
    __aeabi_HUGE_VALL                        0x08006c44   Data           0  fpconst.o(c$$dinf)
    __aeabi_INFINITY                         0x08006c44   Data           0  fpconst.o(c$$dinf)
    __dInf                                   0x08006c44   Data           0  fpconst.o(c$$dinf)
    __huge_val                               0x08006c44   Data           0  fpconst.o(c$$dinf)
    __dbl_max                                0x08006c4c   Data           0  fpconst.o(c$$dmax)
    __ctype                                  0x08006c61   Data           0  lc_ctype_c.o(locale$$data)
    addr                                     0x20000000   Data           1  main.o(.data)
    i                                        0x20000004   Data           4  main.o(.data)
    Flag_Need_Init_Nbiot                     0x20000008   Data           1  main.o(.data)
    Flag_device_error                        0x20000009   Data           1  main.o(.data)
    setRun                                   0x2000000a   Data           1  main.o(.data)
    DisConnectFlag                           0x2000000b   Data           1  main.o(.data)
    cjson                                    0x2000000c   Data           4  main.o(.data)
    SystemCoreClock                          0x20000010   Data           4  system_stm32f10x.o(.data)
    AHBPrescTable                            0x20000014   Data          16  system_stm32f10x.o(.data)
    USART1_RX_STA                            0x2000003c   Data           2  usart.o(.data)
    USART2_RX_STA                            0x2000003e   Data           2  usart.o(.data)
    USART3_RX_STA                            0x20000040   Data           2  usart.o(.data)
    Count_Timer3_value_USART1_receive_timeout 0x20000042   Data           1  usart.o(.data)
    Count_Timer3_value_USART2_receive_timeout 0x20000043   Data           1  usart.o(.data)
    Count_Timer3_value_USART3_receive_timeout 0x20000044   Data           1  usart.o(.data)
    Flag_Usart1_Receive                      0x20000045   Data           1  usart.o(.data)
    Flag_Usart1_Remap_Receive                0x20000046   Data           1  usart.o(.data)
    Flag_Usart2_Receive                      0x20000047   Data           1  usart.o(.data)
    Flag_Usart3_Receive                      0x20000048   Data           1  usart.o(.data)
    Flag_Usart1_Remap                        0x20000049   Data           1  usart.o(.data)
    Flag_Usart3_Remap                        0x2000004a   Data           1  usart.o(.data)
    Flag_Usart3_Receive_Complete             0x2000004b   Data           1  usart.o(.data)
    Flag_usart1_receive_OK                   0x2000004c   Data           1  usart.o(.data)
    Flag_usart1_receive_T                    0x2000004d   Data           1  usart.o(.data)
    Flag_usart2_receive_T                    0x2000004e   Data           1  usart.o(.data)
    __stdout                                 0x20000050   Data           4  usart.o(.data)
    USART_RX_STA                             0x20000054   Data           2  usart.o(.data)
    ref                                      0x2000006c   Data           1  lcd.o(.data)
    vx                                       0x20000070   Data           4  lcd.o(.data)
    vy                                       0x20000074   Data           4  lcd.o(.data)
    chx                                      0x20000078   Data           4  lcd.o(.data)
    chy                                      0x2000007c   Data           4  lcd.o(.data)
    BACK_COLOR                               0x20000080   Data           4  lcd.o(.data)
    POINT_COLOR                              0x20000084   Data           4  lcd.o(.data)
    Count_timer_100ms_x_Collect_Interval     0x20000088   Data           4  timer.o(.data)
    Count_timer_100ms_x_Send_Interval_after_collect 0x2000008c   Data           1  timer.o(.data)
    Count_wait_ok                            0x2000008d   Data           1  timer.o(.data)
    Count_Flag_Flag_4Gmodel_ready            0x2000008e   Data           1  timer.o(.data)
    Count_Send_Time_Interval                 0x2000008f   Data           1  timer.o(.data)
    count_time                               0x20000090   Data           1  timer.o(.data)
    Count_time_wait_ok                       0x20000091   Data           1  timer.o(.data)
    Flag_allow_dsplay_time                   0x20000092   Data           1  timer.o(.data)
    Receive_BUF                              0x20000094   Data         500  main.o(.bss)
    Receive_Data                             0x20000288   Data         500  main.o(.bss)
    NB_Send_buf                              0x2000047c   Data         355  main.o(.bss)
    USART1_RX_BUF                            0x200005df   Data         500  usart.o(.bss)
    USART2_RX_BUF                            0x200007d3   Data         500  usart.o(.bss)
    USART3_RX_BUF                            0x200009c7   Data         500  usart.o(.bss)
    USART_RX_BUF                             0x20000bbb   Data         500  usart.o(.bss)
    __libspace_start                         0x20000db0   Data          96  libspace.o(.bss)
    __temporary_stack_top$libspace           0x20000e10   Data           0  libspace.o(.bss)



==============================================================================

Memory Map of the image

  Image Entry point : 0x08000131

  Load Region LR_IROM1 (Base: 0x08000000, Size: 0x00006e14, Max: 0x00080000, ABSOLUTE)

    Execution Region ER_IROM1 (Exec base: 0x08000000, Load base: 0x08000000, Size: 0x00006d80, Max: 0x00080000, ABSOLUTE)

    Exec Addr    Load Addr    Size         Type   Attr      Idx    E Section Name        Object

    0x08000000   0x08000000   0x00000130   Data   RO          324    RESET               startup_stm32f10x_hd.o
    0x08000130   0x08000130   0x00000008   Code   RO         4623  * !!!main             c_w.l(__main.o)
    0x08000138   0x08000138   0x00000034   Code   RO         5028    !!!scatter          c_w.l(__scatter.o)
    0x0800016c   0x0800016c   0x0000001a   Code   RO         5030    !!handler_copy      c_w.l(__scatter_copy.o)
    0x08000186   0x08000186   0x00000002   PAD
    0x08000188   0x08000188   0x0000001c   Code   RO         5032    !!handler_zi        c_w.l(__scatter_zi.o)
    0x080001a4   0x080001a4   0x00000000   Code   RO         4602    .ARM.Collect$$_printf_percent$$00000000  c_w.l(_printf_percent.o)
    0x080001a4   0x080001a4   0x00000006   Code   RO         4600    .ARM.Collect$$_printf_percent$$00000003  c_w.l(_printf_f.o)
    0x080001aa   0x080001aa   0x00000006   Code   RO         4599    .ARM.Collect$$_printf_percent$$00000009  c_w.l(_printf_d.o)
    0x080001b0   0x080001b0   0x00000004   Code   RO         4719    .ARM.Collect$$_printf_percent$$00000017  c_w.l(_printf_percent_end.o)
    0x080001b4   0x080001b4   0x00000002   Code   RO         4924    .ARM.Collect$$libinit$$00000000  c_w.l(libinit.o)
    0x080001b6   0x080001b6   0x00000000   Code   RO         4731    .ARM.Collect$$libinit$$00000002  c_w.l(libinit2.o)
    0x080001b6   0x080001b6   0x00000000   Code   RO         4733    .ARM.Collect$$libinit$$00000004  c_w.l(libinit2.o)
    0x080001b6   0x080001b6   0x00000008   Code   RO         4734    .ARM.Collect$$libinit$$00000005  c_w.l(libinit2.o)
    0x080001be   0x080001be   0x00000000   Code   RO         4736    .ARM.Collect$$libinit$$0000000A  c_w.l(libinit2.o)
    0x080001be   0x080001be   0x00000000   Code   RO         4738    .ARM.Collect$$libinit$$0000000C  c_w.l(libinit2.o)
    0x080001be   0x080001be   0x00000000   Code   RO         4740    .ARM.Collect$$libinit$$0000000E  c_w.l(libinit2.o)
    0x080001be   0x080001be   0x00000006   Code   RO         4741    .ARM.Collect$$libinit$$0000000F  c_w.l(libinit2.o)
    0x080001c4   0x080001c4   0x00000000   Code   RO         4743    .ARM.Collect$$libinit$$00000011  c_w.l(libinit2.o)
    0x080001c4   0x080001c4   0x0000000c   Code   RO         4744    .ARM.Collect$$libinit$$00000012  c_w.l(libinit2.o)
    0x080001d0   0x080001d0   0x00000000   Code   RO         4745    .ARM.Collect$$libinit$$00000013  c_w.l(libinit2.o)
    0x080001d0   0x080001d0   0x00000000   Code   RO         4747    .ARM.Collect$$libinit$$00000015  c_w.l(libinit2.o)
    0x080001d0   0x080001d0   0x0000000a   Code   RO         4748    .ARM.Collect$$libinit$$00000016  c_w.l(libinit2.o)
    0x080001da   0x080001da   0x00000000   Code   RO         4749    .ARM.Collect$$libinit$$00000017  c_w.l(libinit2.o)
    0x080001da   0x080001da   0x00000000   Code   RO         4751    .ARM.Collect$$libinit$$00000019  c_w.l(libinit2.o)
    0x080001da   0x080001da   0x00000000   Code   RO         4753    .ARM.Collect$$libinit$$0000001B  c_w.l(libinit2.o)
    0x080001da   0x080001da   0x00000000   Code   RO         4755    .ARM.Collect$$libinit$$0000001D  c_w.l(libinit2.o)
    0x080001da   0x080001da   0x00000000   Code   RO         4757    .ARM.Collect$$libinit$$0000001F  c_w.l(libinit2.o)
    0x080001da   0x080001da   0x00000000   Code   RO         4759    .ARM.Collect$$libinit$$00000021  c_w.l(libinit2.o)
    0x080001da   0x080001da   0x00000000   Code   RO         4761    .ARM.Collect$$libinit$$00000023  c_w.l(libinit2.o)
    0x080001da   0x080001da   0x00000000   Code   RO         4763    .ARM.Collect$$libinit$$00000025  c_w.l(libinit2.o)
    0x080001da   0x080001da   0x00000000   Code   RO         4767    .ARM.Collect$$libinit$$0000002C  c_w.l(libinit2.o)
    0x080001da   0x080001da   0x00000000   Code   RO         4769    .ARM.Collect$$libinit$$0000002E  c_w.l(libinit2.o)
    0x080001da   0x080001da   0x00000000   Code   RO         4771    .ARM.Collect$$libinit$$00000030  c_w.l(libinit2.o)
    0x080001da   0x080001da   0x00000000   Code   RO         4773    .ARM.Collect$$libinit$$00000032  c_w.l(libinit2.o)
    0x080001da   0x080001da   0x00000002   Code   RO         4774    .ARM.Collect$$libinit$$00000033  c_w.l(libinit2.o)
    0x080001dc   0x080001dc   0x00000002   Code   RO         5021    .ARM.Collect$$libshutdown$$00000000  c_w.l(libshutdown.o)
    0x080001de   0x080001de   0x00000000   Code   RO         4946    .ARM.Collect$$libshutdown$$00000002  c_w.l(libshutdown2.o)
    0x080001de   0x080001de   0x00000000   Code   RO         4948    .ARM.Collect$$libshutdown$$00000004  c_w.l(libshutdown2.o)
    0x080001de   0x080001de   0x00000000   Code   RO         4950    .ARM.Collect$$libshutdown$$00000006  c_w.l(libshutdown2.o)
    0x080001de   0x080001de   0x00000000   Code   RO         4953    .ARM.Collect$$libshutdown$$00000009  c_w.l(libshutdown2.o)
    0x080001de   0x080001de   0x00000000   Code   RO         4956    .ARM.Collect$$libshutdown$$0000000C  c_w.l(libshutdown2.o)
    0x080001de   0x080001de   0x00000000   Code   RO         4958    .ARM.Collect$$libshutdown$$0000000E  c_w.l(libshutdown2.o)
    0x080001de   0x080001de   0x00000000   Code   RO         4961    .ARM.Collect$$libshutdown$$00000011  c_w.l(libshutdown2.o)
    0x080001de   0x080001de   0x00000002   Code   RO         4962    .ARM.Collect$$libshutdown$$00000012  c_w.l(libshutdown2.o)
    0x080001e0   0x080001e0   0x00000000   Code   RO         4683    .ARM.Collect$$rtentry$$00000000  c_w.l(__rtentry.o)
    0x080001e0   0x080001e0   0x00000000   Code   RO         4792    .ARM.Collect$$rtentry$$00000002  c_w.l(__rtentry2.o)
    0x080001e0   0x080001e0   0x00000006   Code   RO         4804    .ARM.Collect$$rtentry$$00000004  c_w.l(__rtentry4.o)
    0x080001e6   0x080001e6   0x00000000   Code   RO         4794    .ARM.Collect$$rtentry$$00000009  c_w.l(__rtentry2.o)
    0x080001e6   0x080001e6   0x00000004   Code   RO         4795    .ARM.Collect$$rtentry$$0000000A  c_w.l(__rtentry2.o)
    0x080001ea   0x080001ea   0x00000000   Code   RO         4797    .ARM.Collect$$rtentry$$0000000C  c_w.l(__rtentry2.o)
    0x080001ea   0x080001ea   0x00000008   Code   RO         4798    .ARM.Collect$$rtentry$$0000000D  c_w.l(__rtentry2.o)
    0x080001f2   0x080001f2   0x00000002   Code   RO         4931    .ARM.Collect$$rtexit$$00000000  c_w.l(rtexit.o)
    0x080001f4   0x080001f4   0x00000000   Code   RO         4978    .ARM.Collect$$rtexit$$00000002  c_w.l(rtexit2.o)
    0x080001f4   0x080001f4   0x00000004   Code   RO         4979    .ARM.Collect$$rtexit$$00000003  c_w.l(rtexit2.o)
    0x080001f8   0x080001f8   0x00000006   Code   RO         4980    .ARM.Collect$$rtexit$$00000004  c_w.l(rtexit2.o)
    0x080001fe   0x080001fe   0x00000002   PAD
    0x08000200   0x08000200   0x00000000   Code   RO         4818    .emb_text           c_w.l(maybetermalloc1.o)
    0x08000200   0x08000200   0x00000040   Code   RO          325    .text               startup_stm32f10x_hd.o
    0x08000240   0x08000240   0x00000002   Code   RO         4474    .text               c_w.l(use_no_semi_2.o)
    0x08000242   0x08000242   0x0000005e   Code   RO         4482    .text               c_w.l(h1_alloc.o)
    0x080002a0   0x080002a0   0x0000004e   Code   RO         4484    .text               c_w.l(h1_free.o)
    0x080002ee   0x080002ee   0x000000b8   Code   RO         4486    .text               c_w.l(h1_realloc.o)
    0x080003a6   0x080003a6   0x0000001a   Code   RO         4544    .text               c_w.l(tolower.o)
    0x080003c0   0x080003c0   0x0000002c   Code   RO         4546    .text               c_w.l(__2sprintf.o)
    0x080003ec   0x080003ec   0x00000078   Code   RO         4554    .text               c_w.l(_printf_dec.o)
    0x08000464   0x08000464   0x00000138   Code   RO         4589    .text               c_w.l(__printf_flags_wp.o)
    0x0800059c   0x0800059c   0x00000024   Code   RO         4605    .text               c_w.l(strstr.o)
    0x080005c0   0x080005c0   0x00000048   Code   RO         4607    .text               c_w.l(strcpy.o)
    0x08000608   0x08000608   0x0000003e   Code   RO         4609    .text               c_w.l(strlen.o)
    0x08000646   0x08000646   0x00000096   Code   RO         4611    .text               c_w.l(strncmp.o)
    0x080006dc   0x080006dc   0x0000008a   Code   RO         4613    .text               c_w.l(rt_memcpy_v6.o)
    0x08000766   0x08000766   0x00000064   Code   RO         4615    .text               c_w.l(rt_memcpy_w.o)
    0x080007ca   0x080007ca   0x0000004e   Code   RO         4617    .text               c_w.l(rt_memclr_w.o)
    0x08000818   0x08000818   0x00000080   Code   RO         4619    .text               c_w.l(strcmpv7m.o)
    0x08000898   0x08000898   0x00000006   Code   RO         4621    .text               c_w.l(heapauxi.o)
    0x0800089e   0x0800089e   0x00000002   Code   RO         4679    .text               c_w.l(use_no_semi.o)
    0x080008a0   0x080008a0   0x00000010   Code   RO         4684    .text               c_w.l(rt_ctype_table.o)
    0x080008b0   0x080008b0   0x00000008   Code   RO         4689    .text               c_w.l(rt_heap_descriptor_intlibspace.o)
    0x080008b8   0x080008b8   0x00000004   Code   RO         4691    .text               c_w.l(hguard.o)
    0x080008bc   0x080008bc   0x0000008a   Code   RO         4693    .text               c_w.l(init_alloc.o)
    0x08000946   0x08000946   0x0000000e   Code   RO         4697    .text               c_w.l(h1_init.o)
    0x08000954   0x08000954   0x000000b2   Code   RO         4711    .text               c_w.l(_printf_intcommon.o)
    0x08000a06   0x08000a06   0x0000041e   Code   RO         4713    .text               c_w.l(_printf_fp_dec.o)
    0x08000e24   0x08000e24   0x00000030   Code   RO         4715    .text               c_w.l(_printf_char_common.o)
    0x08000e54   0x08000e54   0x0000000a   Code   RO         4717    .text               c_w.l(_sputc.o)
    0x08000e5e   0x08000e5e   0x00000002   PAD
    0x08000e60   0x08000e60   0x000004f8   Code   RO         4720    .text               c_w.l(scanf_fp.o)
    0x08001358   0x08001358   0x00000040   Code   RO         4724    .text               c_w.l(_sgetc.o)
    0x08001398   0x08001398   0x000000a4   Code   RO         4726    .text               c_w.l(strtod.o)
    0x0800143c   0x0800143c   0x00000008   Code   RO         4788    .text               c_w.l(libspace.o)
    0x08001444   0x08001444   0x00000008   Code   RO         4809    .text               c_w.l(rt_locale_intlibspace.o)
    0x0800144c   0x0800144c   0x00000008   Code   RO         4814    .text               c_w.l(rt_errno_addr_intlibspace.o)
    0x08001454   0x08001454   0x00000034   Code   RO         4820    .text               c_w.l(h1_extend.o)
    0x08001488   0x08001488   0x0000008a   Code   RO         4824    .text               c_w.l(lludiv10.o)
    0x08001512   0x08001512   0x00000012   Code   RO         4826    .text               c_w.l(isspace.o)
    0x08001524   0x08001524   0x00000080   Code   RO         4828    .text               c_w.l(_printf_fp_infnan.o)
    0x080015a4   0x080015a4   0x000000e4   Code   RO         4834    .text               c_w.l(bigflt0.o)
    0x08001688   0x08001688   0x0000000e   Code   RO         4865    .text               c_w.l(defsig_rtmem_outer.o)
    0x08001696   0x08001696   0x0000004a   Code   RO         4897    .text               c_w.l(sys_stackheap_outer.o)
    0x080016e0   0x080016e0   0x00000016   Code   RO         4903    .text               c_w.l(_rserrno.o)
    0x080016f6   0x080016f6   0x00000002   PAD
    0x080016f8   0x080016f8   0x00000320   Code   RO         4905    .text               c_w.l(scanf_hexfp.o)
    0x08001a18   0x08001a18   0x00000134   Code   RO         4907    .text               c_w.l(scanf_infnan.o)
    0x08001b4c   0x08001b4c   0x00000012   Code   RO         4909    .text               c_w.l(exit.o)
    0x08001b5e   0x08001b5e   0x0000000a   Code   RO         4911    .text               c_w.l(defsig_exit.o)
    0x08001b68   0x08001b68   0x00000050   Code   RO         4913    .text               c_w.l(defsig_rtmem_inner.o)
    0x08001bb8   0x08001bb8   0x00000026   Code   RO         4937    .text               c_w.l(llshl.o)
    0x08001bde   0x08001bde   0x0000001c   Code   RO         4939    .text               c_w.l(_chval.o)
    0x08001bfa   0x08001bfa   0x00000032   Code   RO         4943    .text               c_w.l(defsig_general.o)
    0x08001c2c   0x08001c2c   0x0000003e   Code   RO         4837    CL$$btod_d2e        c_w.l(btod.o)
    0x08001c6a   0x08001c6a   0x00000046   Code   RO         4839    CL$$btod_d2e_denorm_low  c_w.l(btod.o)
    0x08001cb0   0x08001cb0   0x00000060   Code   RO         4838    CL$$btod_d2e_norm_op1  c_w.l(btod.o)
    0x08001d10   0x08001d10   0x00000338   Code   RO         4847    CL$$btod_div_common  c_w.l(btod.o)
    0x08002048   0x08002048   0x00000084   Code   RO         4845    CL$$btod_e2d        c_w.l(btod.o)
    0x080020cc   0x080020cc   0x000000dc   Code   RO         4844    CL$$btod_e2e        c_w.l(btod.o)
    0x080021a8   0x080021a8   0x0000002a   Code   RO         4841    CL$$btod_ediv       c_w.l(btod.o)
    0x080021d2   0x080021d2   0x0000002a   Code   RO         4843    CL$$btod_edivd      c_w.l(btod.o)
    0x080021fc   0x080021fc   0x0000002a   Code   RO         4840    CL$$btod_emul       c_w.l(btod.o)
    0x08002226   0x08002226   0x0000002a   Code   RO         4842    CL$$btod_emuld      c_w.l(btod.o)
    0x08002250   0x08002250   0x00000244   Code   RO         4846    CL$$btod_mult_common  c_w.l(btod.o)
    0x08002494   0x08002494   0x00000016   Code   RO          397    i.ADC_Cmd           stm32f10x_adc.o
    0x080024aa   0x080024aa   0x00000002   PAD
    0x080024ac   0x080024ac   0x0000005c   Code   RO          399    i.ADC_DeInit        stm32f10x_adc.o
    0x08002508   0x08002508   0x00000014   Code   RO          405    i.ADC_GetCalibrationStatus  stm32f10x_adc.o
    0x0800251c   0x0800251c   0x00000008   Code   RO          406    i.ADC_GetConversionValue  stm32f10x_adc.o
    0x08002524   0x08002524   0x00000012   Code   RO          408    i.ADC_GetFlagStatus  stm32f10x_adc.o
    0x08002536   0x08002536   0x00000014   Code   RO          411    i.ADC_GetResetCalibrationStatus  stm32f10x_adc.o
    0x0800254a   0x0800254a   0x00000002   PAD
    0x0800254c   0x0800254c   0x00000050   Code   RO          415    i.ADC_Init          stm32f10x_adc.o
    0x0800259c   0x0800259c   0x000000b8   Code   RO          419    i.ADC_RegularChannelConfig  stm32f10x_adc.o
    0x08002654   0x08002654   0x0000000a   Code   RO          420    i.ADC_ResetCalibration  stm32f10x_adc.o
    0x0800265e   0x0800265e   0x00000016   Code   RO          422    i.ADC_SoftwareStartConvCmd  stm32f10x_adc.o
    0x08002674   0x08002674   0x0000000a   Code   RO          424    i.ADC_StartCalibration  stm32f10x_adc.o
    0x0800267e   0x0800267e   0x00000002   PAD
    0x08002680   0x08002680   0x00000024   Code   RO          426    i.ADC_TempSensorVrefintCmd  stm32f10x_adc.o
    0x080026a4   0x080026a4   0x0000005a   Code   RO         4211    i.Address_set       lcd.o
    0x080026fe   0x080026fe   0x00000004   Code   RO          214    i.BusFault_Handler  stm32f10x_it.o
    0x08002702   0x08002702   0x00000002   PAD
    0x08002704   0x08002704   0x00000024   Code   RO         3377    i.CLR_Buf2          usart.o
    0x08002728   0x08002728   0x00000002   Code   RO          215    i.DebugMon_Handler  stm32f10x_it.o
    0x0800272a   0x0800272a   0x00000002   PAD
    0x0800272c   0x0800272c   0x00000028   Code   RO         4424    i.EXTI9_5_IRQHandler  exti.o
    0x08002754   0x08002754   0x0000000c   Code   RO         1153    i.EXTI_ClearITPendingBit  stm32f10x_exti.o
    0x08002760   0x08002760   0x00000108   Code   RO         4347    i.GPIO_Configuration  gpio.o
    0x08002868   0x08002868   0x00000116   Code   RO         1506    i.GPIO_Init         stm32f10x_gpio.o
    0x0800297e   0x0800297e   0x00000002   PAD
    0x08002980   0x08002980   0x00000090   Code   RO         1508    i.GPIO_PinRemapConfig  stm32f10x_gpio.o
    0x08002a10   0x08002a10   0x00000012   Code   RO         1510    i.GPIO_ReadInputDataBit  stm32f10x_gpio.o
    0x08002a22   0x08002a22   0x00000004   Code   RO         1513    i.GPIO_ResetBits    stm32f10x_gpio.o
    0x08002a26   0x08002a26   0x00000004   Code   RO         1514    i.GPIO_SetBits      stm32f10x_gpio.o
    0x08002a2a   0x08002a2a   0x00000010   Code   RO         1515    i.GPIO_StructInit   stm32f10x_gpio.o
    0x08002a3a   0x08002a3a   0x00000002   PAD
    0x08002a3c   0x08002a3c   0x00000094   Code   RO            2    i.GetTemp           main.o
    0x08002ad0   0x08002ad0   0x00000004   Code   RO          216    i.HardFault_Handler  stm32f10x_it.o
    0x08002ad4   0x08002ad4   0x000005a4   Code   RO            3    i.Init_Nbiot        main.o
    0x08003078   0x08003078   0x00000030   Code   RO         4212    i.LCD_Clear         lcd.o
    0x080030a8   0x080030a8   0x000000a8   Code   RO         4213    i.LCD_DrawLine      lcd.o
    0x08003150   0x08003150   0x00000020   Code   RO         4214    i.LCD_DrawPoint     lcd.o
    0x08003170   0x08003170   0x00000040   Code   RO         4215    i.LCD_DrawRectangle  lcd.o
    0x080031b0   0x080031b0   0x000000e4   Code   RO         4217    i.LCD_ShowChar      lcd.o
    0x08003294   0x08003294   0x0000003e   Code   RO         4218    i.LCD_ShowString    lcd.o
    0x080032d2   0x080032d2   0x00000002   PAD
    0x080032d4   0x080032d4   0x00000020   Code   RO         4221    i.LCD_WR_DATA       lcd.o
    0x080032f4   0x080032f4   0x00000018   Code   RO         4222    i.LCD_WR_DATA8      lcd.o
    0x0800330c   0x0800330c   0x00000018   Code   RO         4223    i.LCD_WR_REG        lcd.o
    0x08003324   0x08003324   0x0000000c   Code   RO         4225    i.LCD_Writ_Bus      lcd.o
    0x08003330   0x08003330   0x00000254   Code   RO         4226    i.Lcd_Init          lcd.o
    0x08003584   0x08003584   0x00000004   Code   RO          217    i.MemManage_Handler  stm32f10x_it.o
    0x08003588   0x08003588   0x00000002   Code   RO          218    i.NMI_Handler       stm32f10x_it.o
    0x0800358a   0x0800358a   0x00000002   PAD
    0x0800358c   0x0800358c   0x00000070   Code   RO          329    i.NVIC_Init         misc.o
    0x080035fc   0x080035fc   0x00000014   Code   RO          330    i.NVIC_PriorityGroupConfig  misc.o
    0x08003610   0x08003610   0x00000002   Code   RO          219    i.PendSV_Handler    stm32f10x_it.o
    0x08003612   0x08003612   0x00000062   Code   RO            5    i.Query             main.o
    0x08003674   0x08003674   0x00000018   Code   RO         1920    i.RCC_ADCCLKConfig  stm32f10x_rcc.o
    0x0800368c   0x0800368c   0x00000020   Code   RO         1922    i.RCC_APB1PeriphClockCmd  stm32f10x_rcc.o
    0x080036ac   0x080036ac   0x00000020   Code   RO         1924    i.RCC_APB2PeriphClockCmd  stm32f10x_rcc.o
    0x080036cc   0x080036cc   0x00000020   Code   RO         1925    i.RCC_APB2PeriphResetCmd  stm32f10x_rcc.o
    0x080036ec   0x080036ec   0x000000d4   Code   RO         1932    i.RCC_GetClocksFreq  stm32f10x_rcc.o
    0x080037c0   0x080037c0   0x00000088   Code   RO         4323    i.SPI2_Init         spi.o
    0x08003848   0x08003848   0x00000054   Code   RO         4324    i.SPI2_ReadWriteByte  spi.o
    0x0800389c   0x0800389c   0x00000018   Code   RO         2401    i.SPI_Cmd           stm32f10x_spi.o
    0x080038b4   0x080038b4   0x00000012   Code   RO         2409    i.SPI_I2S_GetFlagStatus  stm32f10x_spi.o
    0x080038c6   0x080038c6   0x00000006   Code   RO         2412    i.SPI_I2S_ReceiveData  stm32f10x_spi.o
    0x080038cc   0x080038cc   0x00000004   Code   RO         2413    i.SPI_I2S_SendData  stm32f10x_spi.o
    0x080038d0   0x080038d0   0x0000003c   Code   RO         2414    i.SPI_Init          stm32f10x_spi.o
    0x0800390c   0x0800390c   0x00000002   Code   RO          220    i.SVC_Handler       stm32f10x_it.o
    0x0800390e   0x0800390e   0x00000002   PAD
    0x08003910   0x08003910   0x000002cc   Code   RO            6    i.SendData          main.o
    0x08003bdc   0x08003bdc   0x00000008   Code   RO          277    i.SetSysClock       system_stm32f10x.o
    0x08003be4   0x08003be4   0x000000e0   Code   RO          278    i.SetSysClockTo72   system_stm32f10x.o
    0x08003cc4   0x08003cc4   0x00000028   Code   RO          333    i.SysTick_CLKSourceConfig  misc.o
    0x08003cec   0x08003cec   0x00000002   Code   RO          221    i.SysTick_Handler   stm32f10x_it.o
    0x08003cee   0x08003cee   0x00000002   PAD
    0x08003cf0   0x08003cf0   0x00000060   Code   RO          280    i.SystemInit        system_stm32f10x.o
    0x08003d50   0x08003d50   0x000000cc   Code   RO         4362    i.TIM3_IRQHandler   timer.o
    0x08003e1c   0x08003e1c   0x00000060   Code   RO         4363    i.TIM3_Int_Init     timer.o
    0x08003e7c   0x08003e7c   0x00000006   Code   RO         2551    i.TIM_ClearITPendingBit  stm32f10x_tim.o
    0x08003e82   0x08003e82   0x00000018   Code   RO         2556    i.TIM_Cmd           stm32f10x_tim.o
    0x08003e9a   0x08003e9a   0x00000022   Code   RO         2577    i.TIM_GetITStatus   stm32f10x_tim.o
    0x08003ebc   0x08003ebc   0x00000012   Code   RO         2581    i.TIM_ITConfig      stm32f10x_tim.o
    0x08003ece   0x08003ece   0x00000002   PAD
    0x08003ed0   0x08003ed0   0x000000a4   Code   RO         2627    i.TIM_TimeBaseInit  stm32f10x_tim.o
    0x08003f74   0x08003f74   0x0000007c   Code   RO         4394    i.T_Adc_Init        tsensor.o
    0x08003ff0   0x08003ff0   0x00000034   Code   RO         4395    i.T_Get_Adc         tsensor.o
    0x08004024   0x08004024   0x0000002e   Code   RO         4396    i.T_Get_Adc_Average  tsensor.o
    0x08004052   0x08004052   0x00000002   PAD
    0x08004054   0x08004054   0x00000020   Code   RO         3378    i.USART1TxChar      usart.o
    0x08004074   0x08004074   0x00000016   Code   RO         3381    i.USART1TxStr       usart.o
    0x0800408a   0x0800408a   0x00000002   PAD
    0x0800408c   0x0800408c   0x00000058   Code   RO         3382    i.USART1_IRQHandler  usart.o
    0x080040e4   0x080040e4   0x00000020   Code   RO         3383    i.USART2TxChar      usart.o
    0x08004104   0x08004104   0x00000016   Code   RO         3386    i.USART2TxStr       usart.o
    0x0800411a   0x0800411a   0x00000002   PAD
    0x0800411c   0x0800411c   0x00000048   Code   RO         3387    i.USART2_Configuration  usart.o
    0x08004164   0x08004164   0x00000068   Code   RO         3388    i.USART2_GPIO_Configuration  usart.o
    0x080041cc   0x080041cc   0x00000074   Code   RO         3389    i.USART2_IRQHandler  usart.o
    0x08004240   0x08004240   0x00000028   Code   RO         3390    i.USART2_NVIC_Configuration  usart.o
    0x08004268   0x08004268   0x00000018   Code   RO         3391    i.USART2_RCC_Configuration  usart.o
    0x08004280   0x08004280   0x00000018   Code   RO         3092    i.USART_Cmd         stm32f10x_usart.o
    0x08004298   0x08004298   0x0000001a   Code   RO         3095    i.USART_GetFlagStatus  stm32f10x_usart.o
    0x080042b2   0x080042b2   0x00000054   Code   RO         3096    i.USART_GetITStatus  stm32f10x_usart.o
    0x08004306   0x08004306   0x0000004a   Code   RO         3098    i.USART_ITConfig    stm32f10x_usart.o
    0x08004350   0x08004350   0x000000d8   Code   RO         3099    i.USART_Init        stm32f10x_usart.o
    0x08004428   0x08004428   0x0000000a   Code   RO         3106    i.USART_ReceiveData  stm32f10x_usart.o
    0x08004432   0x08004432   0x00000008   Code   RO         3109    i.USART_SendData    stm32f10x_usart.o
    0x0800443a   0x0800443a   0x00000004   Code   RO          222    i.UsageFault_Handler  stm32f10x_it.o
    0x0800443e   0x0800443e   0x00000002   PAD
    0x08004440   0x08004440   0x000000a8   Code   RO         3392    i.Usart1_Init       usart.o
    0x080044e8   0x080044e8   0x00000020   Code   RO         3394    i.Usart2_Init       usart.o
    0x08004508   0x08004508   0x00000110   Code   RO            8    i.Wait_Str1_Str2_x_100ms  main.o
    0x08004618   0x08004618   0x00000028   Code   RO         4888    i.__ARM_fpclassify  m_ws.l(fpclassify.o)
    0x08004640   0x08004640   0x0000000e   Code   RO         4992    i.__mathlib_dbl_overflow  m_ws.l(dunder.o)
    0x0800464e   0x0800464e   0x00000002   PAD
    0x08004650   0x08004650   0x00000010   Code   RO         4994    i.__mathlib_dbl_underflow  m_ws.l(dunder.o)
    0x08004660   0x08004660   0x00000010   Code   RO         4890    i.__mathlib_narrow  m_ws.l(narrow.o)
    0x08004670   0x08004670   0x000000bc   Code   RO         4891    i.__mathlib_tofloat  m_ws.l(narrow.o)
    0x0800472c   0x0800472c   0x00000016   Code   RO         4966    i.__support_ldexp   m_ws.l(ldexp.o)
    0x08004742   0x08004742   0x0000000e   Code   RO         4587    i._is_digit         c_w.l(__printf_wp.o)
    0x08004750   0x08004750   0x00000006   Code   RO         3396    i._sys_exit         usart.o
    0x08004756   0x08004756   0x00000004   Code   RO         3397    i._ttywrch          usart.o
    0x0800475a   0x0800475a   0x00000048   Code   RO         3530    i.buffer_skip_whitespace  cjson.o
    0x080047a2   0x080047a2   0x00000002   PAD
    0x080047a4   0x080047a4   0x00000058   Code   RO         3562    i.cJSON_Delete      cjson.o
    0x080047fc   0x080047fc   0x00000012   Code   RO         3575    i.cJSON_GetObjectItem  cjson.o
    0x0800480e   0x0800480e   0x0000001a   Code   RO         3592    i.cJSON_New_Item    cjson.o
    0x08004828   0x08004828   0x00000010   Code   RO         3593    i.cJSON_Parse       cjson.o
    0x08004838   0x08004838   0x000000d4   Code   RO         3595    i.cJSON_ParseWithLengthOpts  cjson.o
    0x0800490c   0x0800490c   0x00000028   Code   RO         3596    i.cJSON_ParseWithOpts  cjson.o
    0x08004934   0x08004934   0x00000048   Code   RO         3611    i.case_insensitive_strcmp  cjson.o
    0x0800497c   0x0800497c   0x00000044   Code   RO         3322    i.delay_init        delay.o
    0x080049c0   0x080049c0   0x0000004c   Code   RO         3323    i.delay_ms          delay.o
    0x08004a0c   0x08004a0c   0x00000058   Code   RO         4928    i.frexp             m_ws.l(frexp.o)
    0x08004a64   0x08004a64   0x00000004   Code   RO         3617    i.get_decimal_point  cjson.o
    0x08004a68   0x08004a68   0x00000052   Code   RO         3618    i.get_object_item   cjson.o
    0x08004aba   0x08004aba   0x00000056   Code   RO           10    i.get_sub_str       main.o
    0x08004b10   0x08004b10   0x00000074   Code   RO         4967    i.ldexp             m_ws.l(ldexp.o)
    0x08004b84   0x08004b84   0x00000094   Code   RO           11    i.main              main.o
    0x08004c18   0x08004c18   0x000000f8   Code   RO         3620    i.parse_array       cjson.o
    0x08004d10   0x08004d10   0x0000005a   Code   RO         3621    i.parse_hex4        cjson.o
    0x08004d6a   0x08004d6a   0x00000002   PAD
    0x08004d6c   0x08004d6c   0x00000138   Code   RO         3622    i.parse_number      cjson.o
    0x08004ea4   0x08004ea4   0x0000013e   Code   RO         3623    i.parse_object      cjson.o
    0x08004fe2   0x08004fe2   0x0000018c   Code   RO         3624    i.parse_string      cjson.o
    0x0800516e   0x0800516e   0x00000002   PAD
    0x08005170   0x08005170   0x0000013c   Code   RO         3625    i.parse_value       cjson.o
    0x080052ac   0x080052ac   0x0000003c   Code   RO         3636    i.skip_utf8_bom     cjson.o
    0x080052e8   0x080052e8   0x0000001c   Code   RO         4676    i.strtod            m_ws.l(strtod.o)
    0x08005304   0x08005304   0x0000012c   Code   RO         3639    i.utf16_literal_to_utf8  cjson.o
    0x08005430   0x08005430   0x0000002c   Code   RO         4860    locale$$code        c_w.l(lc_ctype_c.o)
    0x0800545c   0x0800545c   0x0000002c   Code   RO         4863    locale$$code        c_w.l(lc_numeric_c.o)
    0x08005488   0x08005488   0x00000062   Code   RO         4625    x$fpl$d2f           fz_ws.l(d2f.o)
    0x080054ea   0x080054ea   0x00000002   PAD
    0x080054ec   0x080054ec   0x00000150   Code   RO         4627    x$fpl$dadd          fz_ws.l(daddsub_clz.o)
    0x0800563c   0x0800563c   0x00000010   Code   RO         4986    x$fpl$dcheck1       fz_ws.l(dcheck1.o)
    0x0800564c   0x0800564c   0x00000018   Code   RO         4775    x$fpl$dcmpinf       fz_ws.l(dcmpi.o)
    0x08005664   0x08005664   0x000002b0   Code   RO         4634    x$fpl$ddiv          fz_ws.l(ddiv.o)
    0x08005914   0x08005914   0x00000078   Code   RO         4925    x$fpl$deqf          fz_ws.l(deqf.o)
    0x0800598c   0x0800598c   0x0000005e   Code   RO         4637    x$fpl$dfix          fz_ws.l(dfix.o)
    0x080059ea   0x080059ea   0x00000002   PAD
    0x080059ec   0x080059ec   0x00000078   Code   RO         4647    x$fpl$dleqf         fz_ws.l(dleqf.o)
    0x08005a64   0x08005a64   0x00000154   Code   RO         4649    x$fpl$dmul          fz_ws.l(dmul.o)
    0x08005bb8   0x08005bb8   0x0000009c   Code   RO         4777    x$fpl$dnaninf       fz_ws.l(dnaninf.o)
    0x08005c54   0x08005c54   0x0000000c   Code   RO         4779    x$fpl$dretinf       fz_ws.l(dretinf.o)
    0x08005c60   0x08005c60   0x0000006c   Code   RO         4651    x$fpl$drleqf        fz_ws.l(drleqf.o)
    0x08005ccc   0x08005ccc   0x00000016   Code   RO         4628    x$fpl$drsb          fz_ws.l(daddsub_clz.o)
    0x08005ce2   0x08005ce2   0x00000002   PAD
    0x08005ce4   0x08005ce4   0x000001d4   Code   RO         4629    x$fpl$dsub          fz_ws.l(daddsub_clz.o)
    0x08005eb8   0x08005eb8   0x00000056   Code   RO         4653    x$fpl$f2d           fz_ws.l(f2d.o)
    0x08005f0e   0x08005f0e   0x00000002   PAD
    0x08005f10   0x08005f10   0x000000c4   Code   RO         4655    x$fpl$fadd          fz_ws.l(faddsub_clz.o)
    0x08005fd4   0x08005fd4   0x0000003e   Code   RO         4661    x$fpl$ffixu         fz_ws.l(ffixu.o)
    0x08006012   0x08006012   0x00000002   PAD
    0x08006014   0x08006014   0x00000026   Code   RO         4665    x$fpl$ffltu         fz_ws.l(fflt_clz.o)
    0x0800603a   0x0800603a   0x0000008c   Code   RO         4781    x$fpl$fnaninf       fz_ws.l(fnaninf.o)
    0x080060c6   0x080060c6   0x0000000a   Code   RO         4783    x$fpl$fretinf       fz_ws.l(fretinf.o)
    0x080060d0   0x080060d0   0x00000014   Code   RO         4656    x$fpl$frsb          fz_ws.l(faddsub_clz.o)
    0x080060e4   0x080060e4   0x000000ea   Code   RO         4657    x$fpl$fsub          fz_ws.l(faddsub_clz.o)
    0x080061ce   0x080061ce   0x00000006   Code   RO         4880    x$fpl$ieeestatus    fz_ws.l(istatus.o)
    0x080061d4   0x080061d4   0x00000004   Code   RO         4671    x$fpl$printf1       fz_ws.l(printf1.o)
    0x080061d8   0x080061d8   0x00000064   Code   RO         5022    x$fpl$retnan        fz_ws.l(retnan.o)
    0x0800623c   0x0800623c   0x0000005c   Code   RO         4963    x$fpl$scalbn        fz_ws.l(scalbn.o)
    0x08006298   0x08006298   0x00000004   Code   RO         4673    x$fpl$scanf1        fz_ws.l(scanf1.o)
    0x0800629c   0x0800629c   0x00000008   Code   RO         4882    x$fpl$scanf2        fz_ws.l(scanf2.o)
    0x080062a4   0x080062a4   0x00000030   Code   RO         5024    x$fpl$trapveneer    fz_ws.l(trapv.o)
    0x080062d4   0x080062d4   0x00000000   Code   RO         4785    x$fpl$usenofp       fz_ws.l(usenofp.o)
    0x080062d4   0x080062d4   0x00000832   Data   RO         4227    .constdata          lcd.o
    0x08006b06   0x08006b06   0x00000011   Data   RO         4590    .constdata          c_w.l(__printf_flags_wp.o)
    0x08006b17   0x08006b17   0x00000001   PAD
    0x08006b18   0x08006b18   0x00000094   Data   RO         4835    .constdata          c_w.l(bigflt0.o)
    0x08006bac   0x08006bac   0x00000075   Data   RO           14    .conststring        main.o
    0x08006c21   0x08006c21   0x00000003   PAD
    0x08006c24   0x08006c24   0x00000020   Data   RO         5026    Region$$Table       anon$$obj.o
    0x08006c44   0x08006c44   0x00000008   Data   RO         4874    c$$dinf             fz_ws.l(fpconst.o)
    0x08006c4c   0x08006c4c   0x00000008   Data   RO         4877    c$$dmax             fz_ws.l(fpconst.o)
    0x08006c54   0x08006c54   0x00000110   Data   RO         4859    locale$$data        c_w.l(lc_ctype_c.o)
    0x08006d64   0x08006d64   0x0000001c   Data   RO         4862    locale$$data        c_w.l(lc_numeric_c.o)


    Execution Region RW_IRAM1 (Exec base: 0x20000000, Load base: 0x08006d80, Size: 0x00001e10, Max: 0x00010000, ABSOLUTE)

    Exec Addr    Load Addr    Size         Type   Attr      Idx    E Section Name        Object

    0x20000000   0x08006d80   0x00000010   Data   RW           15    .data               main.o
    0x20000010   0x08006d90   0x00000014   Data   RW          281    .data               system_stm32f10x.o
    0x20000024   0x08006da4   0x00000014   Data   RW         1952    .data               stm32f10x_rcc.o
    0x20000038   0x08006db8   0x00000004   Data   RW         3325    .data               delay.o
    0x2000003c   0x08006dbc   0x0000001a   Data   RW         3400    .data               usart.o
    0x20000056   0x08006dd6   0x00000002   PAD
    0x20000058   0x08006dd8   0x00000014   Data   RW         3641    .data               cjson.o
    0x2000006c   0x08006dec   0x0000001c   Data   RW         4228    .data               lcd.o
    0x20000088   0x08006e08   0x0000000b   Data   RW         4364    .data               timer.o
    0x20000093   0x08006e13   0x00000001   PAD
    0x20000094        -       0x0000054b   Zero   RW           13    .bss                main.o
    0x200005df        -       0x000007d0   Zero   RW         3399    .bss                usart.o
    0x20000daf   0x08006e13   0x00000001   PAD
    0x20000db0        -       0x00000060   Zero   RW         4789    .bss                c_w.l(libspace.o)
    0x20000e10        -       0x00000c00   Zero   RW          323    HEAP                startup_stm32f10x_hd.o
    0x20001a10        -       0x00000400   Zero   RW          322    STACK               startup_stm32f10x_hd.o


==============================================================================

Image component sizes


      Code (inc. data)   RO Data    RW Data    ZI Data      Debug   Object Name

      2670         66          0         20          0      17029   cjson.o
         0          0          0          0          0         32   core_cm3.o
       144         22          0          4          0       1124   delay.o
        40          8          0          0          0        453   exti.o
       264         12          0          0          0        597   gpio.o
      1380         34       2098         28          0       8487   lcd.o
      2912        848        117         16       1355      64641   main.o
       172         22          0          0          0     215701   misc.o
       220         14          0          0          0       1189   spi.o
        64         26        304          0       4096        760   startup_stm32f10x_hd.o
       522         30          0          0          0       8797   stm32f10x_adc.o
        12          6          0          0          0        497   stm32f10x_exti.o
       464          6          0          0          0       4836   stm32f10x_gpio.o
        26          0          0          0          0       3482   stm32f10x_it.o
       332         44          0         20          0       5374   stm32f10x_rcc.o
       112          0          0          0          0       3678   stm32f10x_spi.o
       246         42          0          0          0       3394   stm32f10x_tim.o
       442          6          0          0          0       5957   stm32f10x_usart.o
       328         28          0         20          0       1957   system_stm32f10x.o
       300         44          0         11          0       1887   timer.o
       222         12          0          0          0       1705   tsensor.o
       798         82          0         26       2000      10480   usart.o

    ----------------------------------------------------------------------
     11708       1352       2554        148       7452     362057   Object Totals
         0          0         32          0          0          0   (incl. Generated)
        38          0          3          3          1          0   (incl. Padding)

    ----------------------------------------------------------------------

      Code (inc. data)   RO Data    RW Data    ZI Data      Debug   Library Member Name

        44          6          0          0          0         84   __2sprintf.o
         8          0          0          0          0         68   __main.o
       312          4         17          0          0         92   __printf_flags_wp.o
        14          0          0          0          0         68   __printf_wp.o
         0          0          0          0          0          0   __rtentry.o
        12          0          0          0          0          0   __rtentry2.o
         6          0          0          0          0          0   __rtentry4.o
        52          8          0          0          0          0   __scatter.o
        26          0          0          0          0          0   __scatter_copy.o
        28          0          0          0          0          0   __scatter_zi.o
        28          0          0          0          0         68   _chval.o
        48          6          0          0          0         96   _printf_char_common.o
         6          0          0          0          0          0   _printf_d.o
       120         16          0          0          0         92   _printf_dec.o
         6          0          0          0          0          0   _printf_f.o
      1054          0          0          0          0        216   _printf_fp_dec.o
       128         16          0          0          0         84   _printf_fp_infnan.o
       178          0          0          0          0         88   _printf_intcommon.o
         0          0          0          0          0          0   _printf_percent.o
         4          0          0          0          0          0   _printf_percent_end.o
        22          0          0          0          0        100   _rserrno.o
        64          0          0          0          0         84   _sgetc.o
        10          0          0          0          0         68   _sputc.o
       228          4        148          0          0         96   bigflt0.o
      2152        136          0          0          0        960   btod.o
        10          0          0          0          0         68   defsig_exit.o
        50          0          0          0          0         88   defsig_general.o
        80         58          0          0          0         76   defsig_rtmem_inner.o
        14          0          0          0          0         80   defsig_rtmem_outer.o
        18          0          0          0          0         80   exit.o
        94          0          0          0          0         80   h1_alloc.o
        52          0          0          0          0         68   h1_extend.o
        78          0          0          0          0         80   h1_free.o
        14          0          0          0          0         84   h1_init.o
       184          0          0          0          0         92   h1_realloc.o
         6          0          0          0          0        152   heapauxi.o
         4          0          0          0          0        136   hguard.o
       138          0          0          0          0        168   init_alloc.o
        18          0          0          0          0         76   isspace.o
        44         10        272          0          0         76   lc_ctype_c.o
        44         10         28          0          0         76   lc_numeric_c.o
         2          0          0          0          0          0   libinit.o
        38          0          0          0          0          0   libinit2.o
         2          0          0          0          0          0   libshutdown.o
         2          0          0          0          0          0   libshutdown2.o
         8          4          0          0         96         68   libspace.o
        38          0          0          0          0         68   llshl.o
       138          0          0          0          0         80   lludiv10.o
         0          0          0          0          0          0   maybetermalloc1.o
        16          4          0          0          0         76   rt_ctype_table.o
         8          4          0          0          0         68   rt_errno_addr_intlibspace.o
         8          4          0          0          0         68   rt_heap_descriptor_intlibspace.o
         8          4          0          0          0         68   rt_locale_intlibspace.o
        78          0          0          0          0         80   rt_memclr_w.o
       138          0          0          0          0         68   rt_memcpy_v6.o
       100          0          0          0          0         80   rt_memcpy_w.o
         2          0          0          0          0          0   rtexit.o
        10          0          0          0          0          0   rtexit2.o
      1272         16          0          0          0        168   scanf_fp.o
       800         14          0          0          0        100   scanf_hexfp.o
       308         16          0          0          0        100   scanf_infnan.o
       128          0          0          0          0         68   strcmpv7m.o
        72          0          0          0          0         80   strcpy.o
        62          0          0          0          0         76   strlen.o
       150          0          0          0          0         80   strncmp.o
        36          0          0          0          0         80   strstr.o
       164         14          0          0          0        120   strtod.o
        74          0          0          0          0         80   sys_stackheap_outer.o
        26          0          0          0          0         76   tolower.o
         2          0          0          0          0         68   use_no_semi.o
         2          0          0          0          0         68   use_no_semi_2.o
        98          4          0          0          0         92   d2f.o
       826         16          0          0          0        348   daddsub_clz.o
        16          4          0          0          0         68   dcheck1.o
        24          0          0          0          0         68   dcmpi.o
       688        140          0          0          0        208   ddiv.o
       120          4          0          0          0         92   deqf.o
        94          4          0          0          0         92   dfix.o
       120          4          0          0          0         92   dleqf.o
       340         12          0          0          0        104   dmul.o
       156          4          0          0          0         92   dnaninf.o
        12          0          0          0          0         68   dretinf.o
       108          0          0          0          0         80   drleqf.o
        86          4          0          0          0         84   f2d.o
       450          8          0          0          0        236   faddsub_clz.o
        62          4          0          0          0         84   ffixu.o
        38          0          0          0          0         68   fflt_clz.o
       140          4          0          0          0         84   fnaninf.o
         0          0         16          0          0          0   fpconst.o
        10          0          0          0          0         68   fretinf.o
         6          0          0          0          0         68   istatus.o
         4          0          0          0          0         68   printf1.o
       100          0          0          0          0         68   retnan.o
        92          0          0          0          0         68   scalbn.o
         4          0          0          0          0         68   scanf1.o
         8          0          0          0          0         84   scanf2.o
        48          0          0          0          0         68   trapv.o
         0          0          0          0          0          0   usenofp.o
        30          6          0          0          0        136   dunder.o
        40          0          0          0          0         68   fpclassify.o
        88          8          0          0          0         76   frexp.o
       138          0          0          0          0        160   ldexp.o
       204          4          0          0          0        168   narrow.o
        28          0          0          0          0         80   strtod.o

    ----------------------------------------------------------------------
     13288        584        482          0         96       8840   Library Totals
        20          0          1          0          0          0   (incl. Padding)

    ----------------------------------------------------------------------

      Code (inc. data)   RO Data    RW Data    ZI Data      Debug   Library Name

      9090        354        465          0         96       5632   c_w.l
      3650        212         16          0          0       2520   fz_ws.l
       528         18          0          0          0        688   m_ws.l

    ----------------------------------------------------------------------
     13288        584        482          0         96       8840   Library Totals

    ----------------------------------------------------------------------

==============================================================================


      Code (inc. data)   RO Data    RW Data    ZI Data      Debug   

     24996       1936       3036        148       7548     359765   Grand Totals
     24996       1936       3036        148       7548     359765   ELF Image Totals
     24996       1936       3036        148          0          0   ROM Totals

==============================================================================

    Total RO  Size (Code + RO Data)                28032 (  27.38kB)
    Total RW  Size (RW Data + ZI Data)              7696 (   7.52kB)
    Total ROM Size (Code + RO Data + RW Data)      28180 (  27.52kB)

==============================================================================

