Component: ARM Compiler 5.06 update 7 (build 960) Tool: armlink [4d3601]

==============================================================================

Section Cross References

    main.o(i.GetTemp) refers to tsensor.o(i.T_Get_Adc_Average) for T_Get_Adc_Average
    main.o(i.GetTemp) refers to fflt_clz.o(x$fpl$ffltu) for __aeabi_ui2f
    main.o(i.GetTemp) refers to f2d.o(x$fpl$f2d) for __aeabi_f2d
    main.o(i.GetTemp) refers to dmul.o(x$fpl$dmul) for __aeabi_dmul
    main.o(i.GetTemp) refers to d2f.o(x$fpl$d2f) for __aeabi_d2f
    main.o(i.GetTemp) refers to ffixu.o(x$fpl$ffixu) for __aeabi_f2uiz
    main.o(i.GetTemp) refers to faddsub_clz.o(x$fpl$frsb) for __aeabi_frsub
    main.o(i.GetTemp) refers to daddsub_clz.o(x$fpl$drsb) for __aeabi_drsub
    main.o(i.GetTemp) refers to ddiv.o(x$fpl$ddiv) for __aeabi_ddiv
    main.o(i.GetTemp) refers to daddsub_clz.o(x$fpl$dadd) for __aeabi_dadd
    main.o(i.GetTemp) refers to fmul.o(x$fpl$fmul) for __aeabi_fmul
    main.o(i.GetTemp) refers to ffix.o(x$fpl$ffix) for __aeabi_f2iz
    main.o(i.Init_Nbiot) refers to stm32f10x_gpio.o(i.GPIO_ResetBits) for GPIO_ResetBits
    main.o(i.Init_Nbiot) refers to usart.o(i.USART1TxStr) for USART1TxStr
    main.o(i.Init_Nbiot) refers to lcd.o(i.LCD_ShowString) for LCD_ShowString
    main.o(i.Init_Nbiot) refers to delay.o(i.delay_ms) for delay_ms
    main.o(i.Init_Nbiot) refers to main.o(i.Wait_Str1_Str2_x_100ms) for Wait_Str1_Str2_x_100ms
    main.o(i.Init_Nbiot) refers to usart.o(i.CLR_Buf2) for CLR_Buf2
    main.o(i.Init_Nbiot) refers to stm32f10x_gpio.o(i.GPIO_SetBits) for GPIO_SetBits
    main.o(i.Init_Nbiot) refers to usart.o(i.USART2TxStr) for USART2TxStr
    main.o(i.Init_Nbiot) refers to main.o(.conststring) for .conststring
    main.o(i.IntToChar) refers to _printf_percent.o(.ARM.Collect$$_printf_percent$$00000000) for _printf_percent
    main.o(i.IntToChar) refers to _printf_d.o(.ARM.Collect$$_printf_percent$$00000009) for _printf_d
    main.o(i.IntToChar) refers to _printf_dec.o(.text) for _printf_int_dec
    main.o(i.IntToChar) refers to noretval__2sprintf.o(.text) for __2sprintf
    main.o(i.IntToChar) refers to strcpy.o(.text) for strcpy
    main.o(i.SendData) refers to _printf_percent.o(.ARM.Collect$$_printf_percent$$00000000) for _printf_percent
    main.o(i.SendData) refers to _printf_f.o(.ARM.Collect$$_printf_percent$$00000003) for _printf_f
    main.o(i.SendData) refers to printf1.o(x$fpl$printf1) for _printf_fp_dec
    main.o(i.SendData) refers to rt_memclr_w.o(.text) for __aeabi_memclr4
    main.o(i.SendData) refers to main.o(i.IntToChar) for IntToChar
    main.o(i.SendData) refers to main.o(i.GetTemp) for GetTemp
    main.o(i.SendData) refers to f2d.o(x$fpl$f2d) for __aeabi_f2d
    main.o(i.SendData) refers to noretval__2sprintf.o(.text) for __2sprintf
    main.o(i.SendData) refers to main.o(i.Wait_Str1_Str2_x_100ms) for Wait_Str1_Str2_x_100ms
    main.o(i.SendData) refers to strcpy.o(.text) for strcpy
    main.o(i.SendData) refers to usart.o(i.USART1TxStr) for USART1TxStr
    main.o(i.SendData) refers to main.o(i.get_sub_str) for get_sub_str
    main.o(i.SendData) refers to usart.o(i.USART2TxStr) for USART2TxStr
    main.o(i.SendData) refers to lcd.o(i.LCD_ShowString) for LCD_ShowString
    main.o(i.SendData) refers to stm32f10x_gpio.o(i.GPIO_ResetBits) for GPIO_ResetBits
    main.o(i.SendData) refers to stm32f10x_gpio.o(i.GPIO_SetBits) for GPIO_SetBits
    main.o(i.SendData) refers to usart.o(i.CLR_Buf2) for CLR_Buf2
    main.o(i.SendData) refers to main.o(.bss) for seqNum1
    main.o(i.SendData) refers to main.o(.data) for seqNum
    main.o(i.SendData) refers to usart.o(.bss) for USART2_RX_BUF
    main.o(i.Wait_OK) refers to usart.o(i.CLR_Buf1) for CLR_Buf1
    main.o(i.Wait_OK) refers to usart.o(.data) for Flag_usart1_receive_OK
    main.o(i.Wait_OK_x_100ms) refers to delay.o(i.delay_ms) for delay_ms
    main.o(i.Wait_OK_x_100ms) refers to timer.o(.data) for Count_time_wait_ok
    main.o(i.Wait_OK_x_100ms) refers to usart.o(.data) for Flag_usart1_receive_OK
    main.o(i.Wait_OK_x_100ms) refers to main.o(.data) for Flag_device_error
    main.o(i.Wait_Str1_Str2_x_100ms) refers to main.o(i.Query) for Query
    main.o(i.Wait_Str1_Str2_x_100ms) refers to stm32f10x_gpio.o(i.GPIO_ResetBits) for GPIO_ResetBits
    main.o(i.Wait_Str1_Str2_x_100ms) refers to stm32f10x_gpio.o(i.GPIO_SetBits) for GPIO_SetBits
    main.o(i.Wait_Str1_Str2_x_100ms) refers to delay.o(i.delay_ms) for delay_ms
    main.o(i.Wait_Str1_Str2_x_100ms) refers to usart.o(.data) for Flag_Usart1_Receive
    main.o(i.Wait_Str1_Str2_x_100ms) refers to usart.o(.bss) for USART1_RX_BUF
    main.o(i.Wait_Str1_Str2_x_100ms) refers to timer.o(.data) for Count_time_wait_ok
    main.o(i.Wait_Str1_Str2_x_100ms) refers to main.o(.data) for Flag_device_error
    main.o(i.Wait_Str_x_100ms) refers to main.o(i.Query) for Query
    main.o(i.Wait_Str_x_100ms) refers to usart.o(i.USART2TxStr) for USART2TxStr
[...]
    .ARM.Collect$$rtexit$$00000004           0x080001e4   Section        6  rtexit2.o(.ARM.Collect$$rtexit$$00000004)
    .text                                    0x080001ec   Section       64  startup_stm32f10x_hd.o(.text)
    .text                                    0x0800022c   Section        2  use_no_semi_2.o(.text)
    .text                                    0x08000230   Section        0  noretval__2sprintf.o(.text)
    .text                                    0x08000258   Section        0  _printf_dec.o(.text)
    .text                                    0x080002d0   Section        0  __printf_wp.o(.text)
    .text                                    0x080003de   Section        0  strstr.o(.text)
    .text                                    0x08000402   Section        0  strcpy.o(.text)
    .text                                    0x0800044a   Section      138  rt_memcpy_v6.o(.text)
    .text                                    0x080004d4   Section       78  rt_memclr_w.o(.text)
    .text                                    0x08000522   Section        0  heapauxi.o(.text)
    .text                                    0x08000528   Section        2  use_no_semi.o(.text)
    .text                                    0x0800052a   Section        0  _printf_intcommon.o(.text)
    .text                                    0x080005dc   Section        0  _printf_fp_dec.o(.text)
    _fp_digits                               0x080005df   Thumb Code   432  _printf_fp_dec.o(.text)
    .text                                    0x080009fc   Section        0  _printf_char_common.o(.text)
    _printf_input_char                       0x080009fd   Thumb Code    10  _printf_char_common.o(.text)
    .text                                    0x08000a2c   Section        0  _sputc.o(.text)
    .text                                    0x08000a36   Section      100  rt_memcpy_w.o(.text)
    .text                                    0x08000a9c   Section        8  rt_locale_intlibspace.o(.text)
    .text                                    0x08000aa4   Section      138  lludiv10.o(.text)
    .text                                    0x08000b30   Section        0  _printf_fp_infnan.o(.text)
    .text                                    0x08000bb0   Section        0  bigflt0.o(.text)
    .text                                    0x08000c94   Section        8  libspace.o(.text)
    .text                                    0x08000c9c   Section       74  sys_stackheap_outer.o(.text)
    .text                                    0x08000ce6   Section        0  exit.o(.text)
    .text                                    0x08000cf8   Section      128  strcmpv7m.o(.text)
    CL$$btod_d2e                             0x08000d78   Section       62  btod.o(CL$$btod_d2e)
    CL$$btod_d2e_denorm_low                  0x08000db6   Section       70  btod.o(CL$$btod_d2e_denorm_low)
    CL$$btod_d2e_norm_op1                    0x08000dfc   Section       96  btod.o(CL$$btod_d2e_norm_op1)
    CL$$btod_div_common                      0x08000e5c   Section      824  btod.o(CL$$btod_div_common)
    CL$$btod_e2e                             0x08001194   Section      220  btod.o(CL$$btod_e2e)
    CL$$btod_ediv                            0x08001270   Section       42  btod.o(CL$$btod_ediv)
    CL$$btod_emul                            0x0800129a   Section       42  btod.o(CL$$btod_emul)
    CL$$btod_mult_common                     0x080012c4   Section      580  btod.o(CL$$btod_mult_common)
    i.ADC_Cmd                                0x08001508   Section        0  stm32f10x_adc.o(i.ADC_Cmd)
    i.ADC_DeInit                             0x08001520   Section        0  stm32f10x_adc.o(i.ADC_DeInit)
    i.ADC_GetCalibrationStatus               0x0800157c   Section        0  stm32f10x_adc.o(i.ADC_GetCalibrationStatus)
    i.ADC_GetConversionValue                 0x08001590   Section        0  stm32f10x_adc.o(i.ADC_GetConversionValue)
    i.ADC_GetFlagStatus                      0x08001598   Section        0  stm32f10x_adc.o(i.ADC_GetFlagStatus)
    i.ADC_GetResetCalibrationStatus          0x080015aa   Section        0  stm32f10x_adc.o(i.ADC_GetResetCalibrationStatus)
    i.ADC_Init                               0x080015c0   Section        0  stm32f10x_adc.o(i.ADC_Init)
    i.ADC_RegularChannelConfig               0x08001610   Section        0  stm32f10x_adc.o(i.ADC_RegularChannelConfig)
    i.ADC_ResetCalibration                   0x080016c8   Section        0  stm32f10x_adc.o(i.ADC_ResetCalibration)
    i.ADC_SoftwareStartConvCmd               0x080016d2   Section        0  stm32f10x_adc.o(i.ADC_SoftwareStartConvCmd)
    i.ADC_StartCalibration                   0x080016e8   Section        0  stm32f10x_adc.o(i.ADC_StartCalibration)
    i.ADC_TempSensorVrefintCmd               0x080016f4   Section        0  stm32f10x_adc.o(i.ADC_TempSensorVrefintCmd)
    i.Address_set                            0x08001718   Section        0  lcd.o(i.Address_set)
    i.BusFault_Handler                       0x08001772   Section        0  stm32f10x_it.o(i.BusFault_Handler)
    i.CLR_Buf1                               0x08001778   Section        0  usart.o(i.CLR_Buf1)
    i.CLR_Buf2                               0x0800179c   Section        0  usart.o(i.CLR_Buf2)
    i.DebugMon_Handler                       0x080017c0   Section        0  stm32f10x_it.o(i.DebugMon_Handler)
    i.GPIO_Configuration                     0x080017c4   Section        0  gpio.o(i.GPIO_Configuration)
    i.GPIO_Init                              0x080018cc   Section        0  stm32f10x_gpio.o(i.GPIO_Init)
    i.GPIO_PinRemapConfig                    0x080019e4   Section        0  stm32f10x_gpio.o(i.GPIO_PinRemapConfig)
    i.GPIO_ResetBits                         0x08001a74   Section        0  stm32f10x_gpio.o(i.GPIO_ResetBits)
    i.GPIO_SetBits                           0x08001a78   Section        0  stm32f10x_gpio.o(i.GPIO_SetBits)
    i.GPIO_StructInit                        0x08001a7c   Section        0  stm32f10x_gpio.o(i.GPIO_StructInit)
    i.GetTemp                                0x08001a8c   Section        0  main.o(i.GetTemp)
    i.HardFault_Handler                      0x08001b38   Section        0  stm32f10x_it.o(i.HardFault_Handler)
    i.Init_Nbiot                             0x08001b3c   Section        0  main.o(i.Init_Nbiot)
    i.IntToChar                              0x08002074   Section        0  main.o(i.IntToChar)
    i.LCD_Clear                              0x08002098   Section        0  lcd.o(i.LCD_Clear)
    i.LCD_DrawLine                           0x080020c8   Section        0  lcd.o(i.LCD_DrawLine)
    i.LCD_DrawPoint                          0x08002170   Section        0  lcd.o(i.LCD_DrawPoint)
    i.LCD_DrawRectangle                      0x08002190   Section        0  lcd.o(i.LCD_DrawRectangle)
    i.LCD_ShowChar                           0x080021d0   Section        0  lcd.o(i.LCD_ShowChar)
    i.LCD_ShowString                         0x080022b4   Section        0  lcd.o(i.LCD_ShowString)
    i.LCD_WR_DATA                            0x080022f4   Section        0  lcd.o(i.LCD_WR_DATA)
    i.LCD_WR_DATA8                           0x08002314   Section        0  lcd.o(i.LCD_WR_DATA8)
    i.LCD_WR_REG                             0x0800232c   Section        0  lcd.o(i.LCD_WR_REG)
    i.LCD_Writ_Bus                           0x08002344   Section        0  lcd.o(i.LCD_Writ_Bus)
    i.Lcd_Init                               0x08002350   Section        0  lcd.o(i.Lcd_Init)
    i.MemManage_Handler                      0x080025a4   Section        0  stm32f10x_it.o(i.MemManage_Handler)
    i.NMI_Handler                            0x080025a8   Section        0  stm32f10x_it.o(i.NMI_Handler)
    i.NVIC_Init                              0x080025ac   Section        0  misc.o(i.NVIC_Init)
    i.NVIC_PriorityGroupConfig               0x0800261c   Section        0  misc.o(i.NVIC_PriorityGroupConfig)
    i.PendSV_Handler                         0x08002630   Section        0  stm32f10x_it.o(i.PendSV_Handler)
    i.Query                                  0x08002632   Section        0  main.o(i.Query)
    i.RCC_ADCCLKConfig                       0x08002694   Section        0  stm32f10x_rcc.o(i.RCC_ADCCLKConfig)
    i.RCC_APB1PeriphClockCmd                 0x080026ac   Section        0  stm32f10x_rcc.o(i.RCC_APB1PeriphClockCmd)
    i.RCC_APB2PeriphClockCmd                 0x080026cc   Section        0  stm32f10x_rcc.o(i.RCC_APB2PeriphClockCmd)
    i.RCC_APB2PeriphResetCmd                 0x080026ec   Section        0  stm32f10x_rcc.o(i.RCC_APB2PeriphResetCmd)
    i.RCC_GetClocksFreq                      0x0800270c   Section        0  stm32f10x_rcc.o(i.RCC_GetClocksFreq)
    i.SPI2_Init                              0x080027e0   Section        0  spi.o(i.SPI2_Init)
    i.SPI2_ReadWriteByte                     0x08002868   Section        0  spi.o(i.SPI2_ReadWriteByte)
    i.SPI_Cmd                                0x080028bc   Section        0  stm32f10x_spi.o(i.SPI_Cmd)
    i.SPI_I2S_GetFlagStatus                  0x080028d4   Section        0  stm32f10x_spi.o(i.SPI_I2S_GetFlagStatus)
    i.SPI_I2S_ReceiveData                    0x080028e6   Section        0  stm32f10x_spi.o(i.SPI_I2S_ReceiveData)
    i.SPI_I2S_SendData                       0x080028ec   Section        0  stm32f10x_spi.o(i.SPI_I2S_SendData)
    i.SPI_Init                               0x080028f0   Section        0  stm32f10x_spi.o(i.SPI_Init)
    i.SVC_Handler                            0x0800292c   Section        0  stm32f10x_it.o(i.SVC_Handler)
    i.SendData                               0x08002930   Section        0  main.o(i.SendData)
    i.SetSysClock                            0x08002b48   Section        0  system_stm32f10x.o(i.SetSysClock)
    SetSysClock                              0x08002b49   Thumb Code     8  system_stm32f10x.o(i.SetSysClock)
    i.SetSysClockTo72                        0x08002b50   Section        0  system_stm32f10x.o(i.SetSysClockTo72)
    SetSysClockTo72                          0x08002b51   Thumb Code   214  system_stm32f10x.o(i.SetSysClockTo72)
    i.SysTick_CLKSourceConfig                0x08002c30   Section        0  misc.o(i.SysTick_CLKSourceConfig)
    i.SysTick_Handler                        0x08002c58   Section        0  stm32f10x_it.o(i.SysTick_Handler)
    i.SystemInit                             0x08002c5c   Section        0  system_stm32f10x.o(i.SystemInit)
    i.TIM3_IRQHandler                        0x08002cbc   Section        0  timer.o(i.TIM3_IRQHandler)
    i.TIM3_Int_Init                          0x08002d88   Section        0  timer.o(i.TIM3_Int_Init)
    i.TIM_ClearITPendingBit                  0x08002de8   Section        0  stm32f10x_tim.o(i.TIM_ClearITPendingBit)
    i.TIM_Cmd                                0x08002dee   Section        0  stm32f10x_tim.o(i.TIM_Cmd)
    i.TIM_GetITStatus                        0x08002e06   Section        0  stm32f10x_tim.o(i.TIM_GetITStatus)
    i.TIM_ITConfig                           0x08002e28   Section        0  stm32f10x_tim.o(i.TIM_ITConfig)
    i.TIM_TimeBaseInit                       0x08002e3c   Section        0  stm32f10x_tim.o(i.TIM_TimeBaseInit)
    i.T_Adc_Init                             0x08002ee0   Section        0  tsensor.o(i.T_Adc_Init)
    i.T_Get_Adc                              0x08002f5c   Section        0  tsensor.o(i.T_Get_Adc)
    i.T_Get_Adc_Average                      0x08002f90   Section        0  tsensor.o(i.T_Get_Adc_Average)
    i.USART1TxChar                           0x08002fc0   Section        0  usart.o(i.USART1TxChar)
    i.USART1TxStr                            0x08002fe0   Section        0  usart.o(i.USART1TxStr)
    i.USART1_IRQHandler                      0x08002ff8   Section        0  usart.o(i.USART1_IRQHandler)
    i.USART2TxChar                           0x08003050   Section        0  usart.o(i.USART2TxChar)
    i.USART2TxStr                            0x08003070   Section        0  usart.o(i.USART2TxStr)
    i.USART2_Configuration                   0x08003088   Section        0  usart.o(i.USART2_Configuration)
    USART2_Configuration                     0x08003089   Thumb Code    68  usart.o(i.USART2_Configuration)
    i.USART2_GPIO_Configuration              0x080030d0   Section        0  usart.o(i.USART2_GPIO_Configuration)
    USART2_GPIO_Configuration                0x080030d1   Thumb Code    96  usart.o(i.USART2_GPIO_Configuration)
    i.USART2_IRQHandler                      0x08003138   Section        0  usart.o(i.USART2_IRQHandler)
    i.USART2_NVIC_Configuration              0x080031ac   Section        0  usart.o(i.USART2_NVIC_Configuration)
    USART2_NVIC_Configuration                0x080031ad   Thumb Code    40  usart.o(i.USART2_NVIC_Configuration)
    i.USART2_RCC_Configuration               0x080031d4   Section        0  usart.o(i.USART2_RCC_Configuration)
    USART2_RCC_Configuration                 0x080031d5   Thumb Code    24  usart.o(i.USART2_RCC_Configuration)
    i.USART_Cmd                              0x080031ec   Section        0  stm32f10x_usart.o(i.USART_Cmd)
    i.USART_GetFlagStatus                    0x08003204   Section        0  stm32f10x_usart.o(i.USART_GetFlagStatus)
    i.USART_GetITStatus                      0x0800321e   Section        0  stm32f10x_usart.o(i.USART_GetITStatus)
    i.USART_ITConfig                         0x08003272   Section        0  stm32f10x_usart.o(i.USART_ITConfig)
    i.USART_Init                             0x080032bc   Section        0  stm32f10x_usart.o(i.USART_Init)
    i.USART_ReceiveData                      0x08003394   Section        0  stm32f10x_usart.o(i.USART_ReceiveData)
    i.USART_SendData                         0x0800339e   Section        0  stm32f10x_usart.o(i.USART_SendData)
    i.UsageFault_Handler                     0x080033a6   Section        0  stm32f10x_it.o(i.UsageFault_Handler)
    i.Usart1_Init                            0x080033ac   Section        0  usart.o(i.Usart1_Init)
    i.Usart2_Init                            0x08003454   Section        0  usart.o(i.Usart2_Init)
    i.Wait_Str1_Str2_x_100ms                 0x08003474   Section        0  main.o(i.Wait_Str1_Str2_x_100ms)
    i.__ARM_fpclassify                       0x08003584   Section        0  fpclassify.o(i.__ARM_fpclassify)
    i._is_digit                              0x080035ac   Section        0  __printf_wp.o(i._is_digit)
    i._sys_exit                              0x080035ba   Section        0  usart.o(i._sys_exit)
    i.delay_init                             0x080035c0   Section        0  delay.o(i.delay_init)
    i.delay_ms                               0x08003604   Section        0  delay.o(i.delay_ms)
    i.get_sub_str                            0x08003650   Section        0  main.o(i.get_sub_str)
    i.main                                   0x080036a8   Section        0  main.o(i.main)
    locale$$code                             0x080037ac   Section       44  lc_numeric_c.o(locale$$code)
    x$fpl$d2f                                0x080037d8   Section       98  d2f.o(x$fpl$d2f)
    x$fpl$dadd                               0x0800383c   Section      336  daddsub_clz.o(x$fpl$dadd)
    _dadd1                                   0x0800384d   Thumb Code     0  daddsub_clz.o(x$fpl$dadd)
    x$fpl$ddiv                               0x0800398c   Section      688  ddiv.o(x$fpl$ddiv)
    ddiv_entry                               0x08003993   Thumb Code     0  ddiv.o(x$fpl$ddiv)
    x$fpl$dmul                               0x08003c3c   Section      340  dmul.o(x$fpl$dmul)
    x$fpl$dnaninf                            0x08003d90   Section      156  dnaninf.o(x$fpl$dnaninf)
    x$fpl$dretinf                            0x08003e2c   Section       12  dretinf.o(x$fpl$dretinf)
    x$fpl$drsb                               0x08003e38   Section       22  daddsub_clz.o(x$fpl$drsb)
    x$fpl$dsub                               0x08003e50   Section      468  daddsub_clz.o(x$fpl$dsub)
    _dsub1                                   0x08003e61   Thumb Code     0  daddsub_clz.o(x$fpl$dsub)
    x$fpl$f2d                                0x08004024   Section       86  f2d.o(x$fpl$f2d)
    x$fpl$fadd                               0x0800407c   Section      196  faddsub_clz.o(x$fpl$fadd)
    _fadd1                                   0x0800408b   Thumb Code     0  faddsub_clz.o(x$fpl$fadd)
    x$fpl$ffix                               0x08004140   Section       54  ffix.o(x$fpl$ffix)
    x$fpl$ffixu                              0x08004178   Section       62  ffixu.o(x$fpl$ffixu)
    x$fpl$ffltu                              0x080041b8   Section       38  fflt_clz.o(x$fpl$ffltu)
    x$fpl$fmul                               0x080041e0   Section      258  fmul.o(x$fpl$fmul)
    x$fpl$fnaninf                            0x080042e2   Section      140  fnaninf.o(x$fpl$fnaninf)
    x$fpl$fretinf                            0x0800436e   Section       10  fretinf.o(x$fpl$fretinf)
    x$fpl$frsb                               0x08004378   Section       20  faddsub_clz.o(x$fpl$frsb)
    x$fpl$fsub                               0x0800438c   Section      234  faddsub_clz.o(x$fpl$fsub)
    _fsub1                                   0x0800439b   Thumb Code     0  faddsub_clz.o(x$fpl$fsub)
    x$fpl$printf1                            0x08004476   Section        4  printf1.o(x$fpl$printf1)
    .constdata                               0x0800447a   Section     2098  lcd.o(.constdata)
    x$fpl$usenofp                            0x0800447a   Section        0  usenofp.o(x$fpl$usenofp)
    .constdata                               0x08004cac   Section      148  bigflt0.o(.constdata)
    tenpwrs_x                                0x08004cac   Data          60  bigflt0.o(.constdata)
    tenpwrs_i                                0x08004ce8   Data          64  bigflt0.o(.constdata)
    .conststring                             0x08004d40   Section      117  main.o(.conststring)
    locale$$data                             0x08004dd8   Section       28  lc_numeric_c.o(locale$$data)
    __lcnum_c_name                           0x08004ddc   Data           2  lc_numeric_c.o(locale$$data)
    __lcnum_c_start                          0x08004de4   Data           0  lc_numeric_c.o(locale$$data)
    __lcnum_c_point                          0x08004df0   Data           0  lc_numeric_c.o(locale$$data)
    __lcnum_c_thousands                      0x08004df2   Data           0  lc_numeric_c.o(locale$$data)
    __lcnum_c_grouping                       0x08004df3   Data           0  lc_numeric_c.o(locale$$data)
    __lcnum_c_end                            0x08004df4   Data           0  lc_numeric_c.o(locale$$data)
    .data                                    0x20000000   Section       20  main.o(.data)
    .data                                    0x20000014   Section       20  system_stm32f10x.o(.data)
    .data                                    0x20000028   Section       20  stm32f10x_rcc.o(.data)
    APBAHBPrescTable                         0x20000028   Data          16  stm32f10x_rcc.o(.data)
    ADCPrescTable                            0x20000038   Data           4  stm32f10x_rcc.o(.data)
    .data                                    0x2000003c   Section        4  delay.o(.data)
    fac_us                                   0x2000003c   Data           1  delay.o(.data)
    fac_ms                                   0x2000003e   Data           2  delay.o(.data)
    .data                                    0x20000040   Section       26  usart.o(.data)
    .data                                    0x2000005c   Section       28  lcd.o(.data)
    .data                                    0x20000078   Section       11  timer.o(.data)
    .bss                                     0x20000084   Section     1485  main.o(.bss)
    .bss                                     0x20000651   Section     2000  usart.o(.bss)
    .bss                                     0x20000e24   Section       96  libspace.o(.bss)
    HEAP                                     0x20000e88   Section      512  startup_stm32f10x_hd.o(HEAP)
    Heap_Mem                                 0x20000e88   Data         512  startup_stm32f10x_hd.o(HEAP)
    STACK                                    0x20001088   Section     1024  startup_stm32f10x_hd.o(STACK)
    Stack_Mem                                0x20001088   Data        1024  startup_stm32f10x_hd.o(STACK)
    __initial_sp                             0x20001488   Data           0  startup_stm32f10x_hd.o(STACK)

    Global Symbols

    Symbol Name                              Value     Ov Type        Size  Object(Section)

    BuildAttributes$$THM_ISAv4$P$D$K$B$S$PE$A:L22UL41UL21$X:L11$S22US41US21$IEEE1$IW$USESV6$~STKCKD$USESV7$~SHL$OTIME$ROPI$IEEEJ$EBA8$UX$STANDARDLIB$REQ8$PRES8$EABIv2 0x00000000   Number         0  anon$$obj.o ABSOLUTE
    __ARM_use_no_argv                        0x00000000   Number         0  main.o ABSOLUTE
    _printf_flags                            0x00000000   Number         0  printf_stubs.o ABSOLUTE
    _printf_return_value                     0x00000000   Number         0  printf_stubs.o ABSOLUTE
    _printf_sizespec                         0x00000000   Number         0  printf_stubs.o ABSOLUTE
    _printf_widthprec                        0x00000000   Number         0  printf_stubs.o ABSOLUTE
    __ARM_exceptions_init                     - Undefined Weak Reference
    __alloca_initialize                       - Undefined Weak Reference
    __arm_fini_                               - Undefined Weak Reference
    __arm_preinit_                            - Undefined Weak Reference
    __cpp_initialize__aeabi_                  - Undefined Weak Reference
    __cxa_finalize                            - Undefined Weak Reference
    __sigvec_lookup                           - Undefined Weak Reference
    _atexit_init                              - Undefined Weak Reference
    _call_atexit_fns                          - Undefined Weak Reference
    _clock_init                               - Undefined Weak Reference
    _fp_trap_init                             - Undefined Weak Reference
    _fp_trap_shutdown                         - Undefined Weak Reference
    _get_lc_collate                           - Undefined Weak Reference
    _get_lc_ctype                             - Undefined Weak Reference
    _get_lc_monetary                          - Undefined Weak Reference
    _get_lc_time                              - Undefined Weak Reference
    _getenv_init                              - Undefined Weak Reference
    _handle_redirection                       - Undefined Weak Reference
    _init_alloc                               - Undefined Weak Reference
    _init_user_alloc                          - Undefined Weak Reference
    _initio                                   - Undefined Weak Reference
    _printf_post_padding                      - Undefined Weak Reference
    _printf_pre_padding                       - Undefined Weak Reference
    _printf_truncate_signed                   - Undefined Weak Reference
    _printf_truncate_unsigned                 - Undefined Weak Reference
    _rand_init                                - Undefined Weak Reference
    _signal_finish                            - Undefined Weak Reference
    _signal_init                              - Undefined Weak Reference
    _terminate_alloc                          - Undefined Weak Reference
    _terminate_user_alloc                     - Undefined Weak Reference
    _terminateio                              - Undefined Weak Reference
    __Vectors_Size                           0x00000130   Number         0  startup_stm32f10x_hd.o ABSOLUTE
    __Vectors                                0x08000000   Data           4  startup_stm32f10x_hd.o(RESET)
    __Vectors_End                            0x08000130   Data           0  startup_stm32f10x_hd.o(RESET)
    __main                                   0x08000131   Thumb Code     8  __main.o(!!!main)
    __scatterload                            0x08000139   Thumb Code     0  __scatter.o(!!!scatter)
    __scatterload_rt2                        0x08000139   Thumb Code    44  __scatter.o(!!!scatter)
    __scatterload_rt2_thumb_only             0x08000139   Thumb Code     0  __scatter.o(!!!scatter)
    __scatterload_null                       0x08000147   Thumb Code     0  __scatter.o(!!!scatter)
    __scatterload_copy                       0x0800016d   Thumb Code    26  __scatter_copy.o(!!handler_copy)
    __scatterload_zeroinit                   0x08000189   Thumb Code    28  __scatter_zi.o(!!handler_zi)
    _printf_f                                0x080001a5   Thumb Code     0  _printf_f.o(.ARM.Collect$$_printf_percent$$00000003)
    _printf_percent                          0x080001a5   Thumb Code     0  _printf_percent.o(.ARM.Collect$$_printf_percent$$00000000)
    _printf_d                                0x080001ab   Thumb Code     0  _printf_d.o(.ARM.Collect$$_printf_percent$$00000009)
    _printf_percent_end                      0x080001b1   Thumb Code     0  _printf_percent_end.o(.ARM.Collect$$_printf_percent$$00000017)
    __rt_lib_init                            0x080001b5   Thumb Code     0  libinit.o(.ARM.Collect$$libinit$$00000000)
    __rt_lib_init_fp_1                       0x080001b7   Thumb Code     0  libinit2.o(.ARM.Collect$$libinit$$00000002)
    __rt_lib_init_heap_1                     0x080001b7   Thumb Code     0  libinit2.o(.ARM.Collect$$libinit$$0000000A)
    __rt_lib_init_lc_common                  0x080001b7   Thumb Code     0  libinit2.o(.ARM.Collect$$libinit$$0000000F)
    __rt_lib_init_preinit_1                  0x080001b7   Thumb Code     0  libinit2.o(.ARM.Collect$$libinit$$00000004)
    __rt_lib_init_rand_1                     0x080001b7   Thumb Code     0  libinit2.o(.ARM.Collect$$libinit$$0000000E)
    __rt_lib_init_user_alloc_1               0x080001b7   Thumb Code     0  libinit2.o(.ARM.Collect$$libinit$$0000000C)
    __rt_lib_init_lc_collate_1               0x080001bd   Thumb Code     0  libinit2.o(.ARM.Collect$$libinit$$00000011)
    __rt_lib_init_lc_ctype_1                 0x080001bd   Thumb Code     0  libinit2.o(.ARM.Collect$$libinit$$00000013)
    __rt_lib_init_lc_monetary_1              0x080001bd   Thumb Code     0  libinit2.o(.ARM.Collect$$libinit$$00000015)
    __rt_lib_init_lc_numeric_2               0x080001bd   Thumb Code     0  libinit2.o(.ARM.Collect$$libinit$$00000016)
    __rt_lib_init_alloca_1                   0x080001c7   Thumb Code     0  libinit2.o(.ARM.Collect$$libinit$$0000002E)
    __rt_lib_init_argv_1                     0x080001c7   Thumb Code     0  libinit2.o(.ARM.Collect$$libinit$$0000002C)
    __rt_lib_init_atexit_1                   0x080001c7   Thumb Code     0  libinit2.o(.ARM.Collect$$libinit$$0000001B)
    __rt_lib_init_clock_1                    0x080001c7   Thumb Code     0  libinit2.o(.ARM.Collect$$libinit$$00000021)
    __rt_lib_init_cpp_1                      0x080001c7   Thumb Code     0  libinit2.o(.ARM.Collect$$libinit$$00000032)
    __rt_lib_init_exceptions_1               0x080001c7   Thumb Code     0  libinit2.o(.ARM.Collect$$libinit$$00000030)
    __rt_lib_init_fp_trap_1                  0x080001c7   Thumb Code     0  libinit2.o(.ARM.Collect$$libinit$$0000001F)
    __rt_lib_init_getenv_1                   0x080001c7   Thumb Code     0  libinit2.o(.ARM.Collect$$libinit$$00000023)
    __rt_lib_init_lc_numeric_1               0x080001c7   Thumb Code     0  libinit2.o(.ARM.Collect$$libinit$$00000017)
    __rt_lib_init_lc_time_1                  0x080001c7   Thumb Code     0  libinit2.o(.ARM.Collect$$libinit$$00000019)
    __rt_lib_init_return                     0x080001c7   Thumb Code     0  libinit2.o(.ARM.Collect$$libinit$$00000033)
    __rt_lib_init_signal_1                   0x080001c7   Thumb Code     0  libinit2.o(.ARM.Collect$$libinit$$0000001D)
    __rt_lib_init_stdio_1                    0x080001c7   Thumb Code     0  libinit2.o(.ARM.Collect$$libinit$$00000025)
    __rt_lib_shutdown                        0x080001c9   Thumb Code     0  libshutdown.o(.ARM.Collect$$libshutdown$$00000000)
    __rt_lib_shutdown_cpp_1                  0x080001cb   Thumb Code     0  libshutdown2.o(.ARM.Collect$$libshutdown$$00000004)
    __rt_lib_shutdown_fini_1                 0x080001cb   Thumb Code     0  libshutdown2.o(.ARM.Collect$$libshutdown$$00000002)
    __rt_lib_shutdown_fp_trap_1              0x080001cb   Thumb Code     0  libshutdown2.o(.ARM.Collect$$libshutdown$$00000009)
    __rt_lib_shutdown_heap_1                 0x080001cb   Thumb Code     0  libshutdown2.o(.ARM.Collect$$libshutdown$$00000011)
    __rt_lib_shutdown_return                 0x080001cb   Thumb Code     0  libshutdown2.o(.ARM.Collect$$libshutdown$$00000012)
    __rt_lib_shutdown_signal_1               0x080001cb   Thumb Code     0  libshutdown2.o(.ARM.Collect$$libshutdown$$0000000C)
    __rt_lib_shutdown_stdio_1                0x080001cb   Thumb Code     0  libshutdown2.o(.ARM.Collect$$libshutdown$$00000006)
    __rt_lib_shutdown_user_alloc_1           0x080001cb   Thumb Code     0  libshutdown2.o(.ARM.Collect$$libshutdown$$0000000E)
    __rt_entry                               0x080001cd   Thumb Code     0  __rtentry.o(.ARM.Collect$$rtentry$$00000000)
    __rt_entry_presh_1                       0x080001cd   Thumb Code     0  __rtentry2.o(.ARM.Collect$$rtentry$$00000002)
    __rt_entry_sh                            0x080001cd   Thumb Code     0  __rtentry4.o(.ARM.Collect$$rtentry$$00000004)
    __rt_entry_li                            0x080001d3   Thumb Code     0  __rtentry2.o(.ARM.Collect$$rtentry$$0000000A)
    __rt_entry_postsh_1                      0x080001d3   Thumb Code     0  __rtentry2.o(.ARM.Collect$$rtentry$$00000009)
    __rt_entry_main                          0x080001d7   Thumb Code     0  __rtentry2.o(.ARM.Collect$$rtentry$$0000000D)
    __rt_entry_postli_1                      0x080001d7   Thumb Code     0  __rtentry2.o(.ARM.Collect$$rtentry$$0000000C)
    __rt_exit                                0x080001df   Thumb Code     0  rtexit.o(.ARM.Collect$$rtexit$$00000000)
    __rt_exit_ls                             0x080001e1   Thumb Code     0  rtexit2.o(.ARM.Collect$$rtexit$$00000003)
    __rt_exit_prels_1                        0x080001e1   Thumb Code     0  rtexit2.o(.ARM.Collect$$rtexit$$00000002)
    __rt_exit_exit                           0x080001e5   Thumb Code     0  rtexit2.o(.ARM.Collect$$rtexit$$00000004)
    Reset_Handler                            0x080001ed   Thumb Code     8  startup_stm32f10x_hd.o(.text)
    ADC1_2_IRQHandler                        0x08000207   Thumb Code     0  startup_stm32f10x_hd.o(.text)
    ADC3_IRQHandler                          0x08000207   Thumb Code     0  startup_stm32f10x_hd.o(.text)
    CAN1_RX1_IRQHandler                      0x08000207   Thumb Code     0  startup_stm32f10x_hd.o(.text)
    CAN1_SCE_IRQHandler                      0x08000207   Thumb Code     0  startup_stm32f10x_hd.o(.text)
    DMA1_Channel1_IRQHandler                 0x08000207   Thumb Code     0  startup_stm32f10x_hd.o(.text)
    DMA1_Channel2_IRQHandler                 0x08000207   Thumb Code     0  startup_stm32f10x_hd.o(.text)
    DMA1_Channel3_IRQHandler                 0x08000207   Thumb Code     0  startup_stm32f10x_hd.o(.text)
    DMA1_Channel4_IRQHandler                 0x08000207   Thumb Code     0  startup_stm32f10x_hd.o(.text)
    DMA1_Channel5_IRQHandler                 0x08000207   Thumb Code     0  startup_stm32f10x_hd.o(.text)
    DMA1_Channel6_IRQHandler                 0x08000207   Thumb Code     0  startup_stm32f10x_hd.o(.text)
    DMA1_Channel7_IRQHandler                 0x08000207   Thumb Code     0  startup_stm32f10x_hd.o(.text)
    DMA2_Channel1_IRQHandler                 0x08000207   Thumb Code     0  startup_stm32f10x_hd.o(.text)
    DMA2_Channel2_IRQHandler                 0x08000207   Thumb Code     0  startup_stm32f10x_hd.o(.text)
    DMA2_Channel3_IRQHandler                 0x08000207   Thumb Code     0  startup_stm32f10x_hd.o(.text)
    DMA2_Channel4_5_IRQHandler               0x08000207   Thumb Code     0  startup_stm32f10x_hd.o(.text)
    EXTI0_IRQHandler                         0x08000207   Thumb Code     0  startup_stm32f10x_hd.o(.text)
    EXTI15_10_IRQHandler                     0x08000207   Thumb Code     0  startup_stm32f10x_hd.o(.text)
    EXTI1_IRQHandler                         0x08000207   Thumb Code     0  startup_stm32f10x_hd.o(.text)
    EXTI2_IRQHandler                         0x08000207   Thumb Code     0  startup_stm32f10x_hd.o(.text)
    EXTI3_IRQHandler                         0x08000207   Thumb Code     0  startup_stm32f10x_hd.o(.text)
    EXTI4_IRQHandler                         0x08000207   Thumb Code     0  startup_stm32f10x_hd.o(.text)
    EXTI9_5_IRQHandler                       0x08000207   Thumb Code     0  startup_stm32f10x_hd.o(.text)
    FLASH_IRQHandler                         0x08000207   Thumb Code     0  startup_stm32f10x_hd.o(.text)
    FSMC_IRQHandler                          0x08000207   Thumb Code     0  startup_stm32f10x_hd.o(.text)
    I2C1_ER_IRQHandler                       0x08000207   Thumb Code     0  startup_stm32f10x_hd.o(.text)
    I2C1_EV_IRQHandler                       0x08000207   Thumb Code     0  startup_stm32f10x_hd.o(.text)
    I2C2_ER_IRQHandler                       0x08000207   Thumb Code     0  startup_stm32f10x_hd.o(.text)
    I2C2_EV_IRQHandler                       0x08000207   Thumb Code     0  startup_stm32f10x_hd.o(.text)
    PVD_IRQHandler                           0x08000207   Thumb Code     0  startup_stm32f10x_hd.o(.text)
    RCC_IRQHandler                           0x08000207   Thumb Code     0  startup_stm32f10x_hd.o(.text)
    RTCAlarm_IRQHandler                      0x08000207   Thumb Code     0  startup_stm32f10x_hd.o(.text)
    RTC_IRQHandler                           0x08000207   Thumb Code     0  startup_stm32f10x_hd.o(.text)
    SDIO_IRQHandler                          0x08000207   Thumb Code     0  startup_stm32f10x_hd.o(.text)
    SPI1_IRQHandler                          0x08000207   Thumb Code     0  startup_stm32f10x_hd.o(.text)
    SPI2_IRQHandler                          0x08000207   Thumb Code     0  startup_stm32f10x_hd.o(.text)
    SPI3_IRQHandler                          0x08000207   Thumb Code     0  startup_stm32f10x_hd.o(.text)
    TAMPER_IRQHandler                        0x08000207   Thumb Code     0  startup_stm32f10x_hd.o(.text)
    TIM1_BRK_IRQHandler                      0x08000207   Thumb Code     0  startup_stm32f10x_hd.o(.text)
    TIM1_CC_IRQHandler                       0x08000207   Thumb Code     0  startup_stm32f10x_hd.o(.text)
    TIM1_TRG_COM_IRQHandler                  0x08000207   Thumb Code     0  startup_stm32f10x_hd.o(.text)
    TIM1_UP_IRQHandler                       0x08000207   Thumb Code     0  startup_stm32f10x_hd.o(.text)
    TIM2_IRQHandler                          0x08000207   Thumb Code     0  startup_stm32f10x_hd.o(.text)
    TIM4_IRQHandler                          0x08000207   Thumb Code     0  startup_stm32f10x_hd.o(.text)
    TIM5_IRQHandler                          0x08000207   Thumb Code     0  startup_stm32f10x_hd.o(.text)
    TIM6_IRQHandler                          0x08000207   Thumb Code     0  startup_stm32f10x_hd.o(.text)
    TIM7_IRQHandler                          0x08000207   Thumb Code     0  startup_stm32f10x_hd.o(.text)
    TIM8_BRK_IRQHandler                      0x08000207   Thumb Code     0  startup_stm32f10x_hd.o(.text)
    TIM8_CC_IRQHandler                       0x08000207   Thumb Code     0  startup_stm32f10x_hd.o(.text)
    TIM8_TRG_COM_IRQHandler                  0x08000207   Thumb Code     0  startup_stm32f10x_hd.o(.text)
    TIM8_UP_IRQHandler                       0x08000207   Thumb Code     0  startup_stm32f10x_hd.o(.text)
    UART4_IRQHandler                         0x08000207   Thumb Code     0  startup_stm32f10x_hd.o(.text)
    UART5_IRQHandler                         0x08000207   Thumb Code     0  startup_stm32f10x_hd.o(.text)
    USART3_IRQHandler                        0x08000207   Thumb Code     0  startup_stm32f10x_hd.o(.text)
    USBWakeUp_IRQHandler                     0x08000207   Thumb Code     0  startup_stm32f10x_hd.o(.text)
    USB_HP_CAN1_TX_IRQHandler                0x08000207   Thumb Code     0  startup_stm32f10x_hd.o(.text)
    USB_LP_CAN1_RX0_IRQHandler               0x08000207   Thumb Code     0  startup_stm32f10x_hd.o(.text)
    WWDG_IRQHandler                          0x08000207   Thumb Code     0  startup_stm32f10x_hd.o(.text)
    __user_initial_stackheap                 0x08000209   Thumb Code     0  startup_stm32f10x_hd.o(.text)
    __use_no_semihosting                     0x0800022d   Thumb Code     2  use_no_semi_2.o(.text)
    __2sprintf                               0x08000231   Thumb Code    34  noretval__2sprintf.o(.text)
    _printf_int_dec                          0x08000259   Thumb Code   104  _printf_dec.o(.text)
    __printf                                 0x080002d1   Thumb Code   270  __printf_wp.o(.text)
    strstr                                   0x080003df   Thumb Code    36  strstr.o(.text)
    strcpy                                   0x08000403   Thumb Code    72  strcpy.o(.text)
    __aeabi_memcpy                           0x0800044b   Thumb Code     0  rt_memcpy_v6.o(.text)
    __rt_memcpy                              0x0800044b   Thumb Code   138  rt_memcpy_v6.o(.text)
    _memcpy_lastbytes                        0x080004b1   Thumb Code     0  rt_memcpy_v6.o(.text)
    __aeabi_memclr4                          0x080004d5   Thumb Code     0  rt_memclr_w.o(.text)
    __aeabi_memclr8                          0x080004d5   Thumb Code     0  rt_memclr_w.o(.text)
    __rt_memclr_w                            0x080004d5   Thumb Code    78  rt_memclr_w.o(.text)
    _memset_w                                0x080004d9   Thumb Code     0  rt_memclr_w.o(.text)
    __use_two_region_memory                  0x08000523   Thumb Code     2  heapauxi.o(.text)
    __rt_heap_escrow$2region                 0x08000525   Thumb Code     2  heapauxi.o(.text)
    __rt_heap_expand$2region                 0x08000527   Thumb Code     2  heapauxi.o(.text)
    __I$use$semihosting                      0x08000529   Thumb Code     0  use_no_semi.o(.text)
    __use_no_semihosting_swi                 0x08000529   Thumb Code     2  use_no_semi.o(.text)
    _printf_int_common                       0x0800052b   Thumb Code   178  _printf_intcommon.o(.text)
    __lib_sel_fp_printf                      0x080005dd   Thumb Code     2  _printf_fp_dec.o(.text)
    _printf_fp_dec_real                      0x0800078f   Thumb Code   620  _printf_fp_dec.o(.text)
    _printf_char_common                      0x08000a07   Thumb Code    32  _printf_char_common.o(.text)
    _sputc                                   0x08000a2d   Thumb Code    10  _sputc.o(.text)
    __aeabi_memcpy4                          0x08000a37   Thumb Code     0  rt_memcpy_w.o(.text)
    __aeabi_memcpy8                          0x08000a37   Thumb Code     0  rt_memcpy_w.o(.text)
    __rt_memcpy_w                            0x08000a37   Thumb Code   100  rt_memcpy_w.o(.text)
    _memcpy_lastbytes_aligned                0x08000a7f   Thumb Code     0  rt_memcpy_w.o(.text)
    __rt_locale                              0x08000a9d   Thumb Code     8  rt_locale_intlibspace.o(.text)
    _ll_udiv10                               0x08000aa5   Thumb Code   138  lludiv10.o(.text)
    _printf_fp_infnan                        0x08000b31   Thumb Code   112  _printf_fp_infnan.o(.text)
    _btod_etento                             0x08000bb1   Thumb Code   224  bigflt0.o(.text)
    __user_libspace                          0x08000c95   Thumb Code     8  libspace.o(.text)
    __user_perproc_libspace                  0x08000c95   Thumb Code     0  libspace.o(.text)
    __user_perthread_libspace                0x08000c95   Thumb Code     0  libspace.o(.text)
    __user_setup_stackheap                   0x08000c9d   Thumb Code    74  sys_stackheap_outer.o(.text)
    exit                                     0x08000ce7   Thumb Code    18  exit.o(.text)
    strcmp                                   0x08000cf9   Thumb Code   128  strcmpv7m.o(.text)
    _btod_d2e                                0x08000d79   Thumb Code    62  btod.o(CL$$btod_d2e)
    _d2e_denorm_low                          0x08000db7   Thumb Code    70  btod.o(CL$$btod_d2e_denorm_low)
    _d2e_norm_op1                            0x08000dfd   Thumb Code    96  btod.o(CL$$btod_d2e_norm_op1)
    __btod_div_common                        0x08000e5d   Thumb Code   696  btod.o(CL$$btod_div_common)
    _e2e                                     0x08001195   Thumb Code   220  btod.o(CL$$btod_e2e)
    _btod_ediv                               0x08001271   Thumb Code    42  btod.o(CL$$btod_ediv)
    _btod_emul                               0x0800129b   Thumb Code    42  btod.o(CL$$btod_emul)
    __btod_mult_common                       0x080012c5   Thumb Code   580  btod.o(CL$$btod_mult_common)
    ADC_Cmd                                  0x08001509   Thumb Code    22  stm32f10x_adc.o(i.ADC_Cmd)
    ADC_DeInit                               0x08001521   Thumb Code    78  stm32f10x_adc.o(i.ADC_DeInit)
    ADC_GetCalibrationStatus                 0x0800157d   Thumb Code    20  stm32f10x_adc.o(i.ADC_GetCalibrationStatus)
    ADC_GetConversionValue                   0x08001591   Thumb Code     8  stm32f10x_adc.o(i.ADC_GetConversionValue)
    ADC_GetFlagStatus                        0x08001599   Thumb Code    18  stm32f10x_adc.o(i.ADC_GetFlagStatus)
    ADC_GetResetCalibrationStatus            0x080015ab   Thumb Code    20  stm32f10x_adc.o(i.ADC_GetResetCalibrationStatus)
    ADC_Init                                 0x080015c1   Thumb Code    70  stm32f10x_adc.o(i.ADC_Init)
    ADC_RegularChannelConfig                 0x08001611   Thumb Code   184  stm32f10x_adc.o(i.ADC_RegularChannelConfig)
    ADC_ResetCalibration                     0x080016c9   Thumb Code    10  stm32f10x_adc.o(i.ADC_ResetCalibration)
    ADC_SoftwareStartConvCmd                 0x080016d3   Thumb Code    22  stm32f10x_adc.o(i.ADC_SoftwareStartConvCmd)
    ADC_StartCalibration                     0x080016e9   Thumb Code    10  stm32f10x_adc.o(i.ADC_StartCalibration)
    ADC_TempSensorVrefintCmd                 0x080016f5   Thumb Code    30  stm32f10x_adc.o(i.ADC_TempSensorVrefintCmd)
    Address_set                              0x08001719   Thumb Code    90  lcd.o(i.Address_set)
    BusFault_Handler                         0x08001773   Thumb Code     4  stm32f10x_it.o(i.BusFault_Handler)
    CLR_Buf1                                 0x08001779   Thumb Code    28  usart.o(i.CLR_Buf1)
    CLR_Buf2                                 0x0800179d   Thumb Code    28  usart.o(i.CLR_Buf2)
    DebugMon_Handler                         0x080017c1   Thumb Code     2  stm32f10x_it.o(i.DebugMon_Handler)
    GPIO_Configuration                       0x080017c5   Thumb Code   252  gpio.o(i.GPIO_Configuration)
    GPIO_Init                                0x080018cd   Thumb Code   278  stm32f10x_gpio.o(i.GPIO_Init)
    GPIO_PinRemapConfig                      0x080019e5   Thumb Code   138  stm32f10x_gpio.o(i.GPIO_PinRemapConfig)
    GPIO_ResetBits                           0x08001a75   Thumb Code     4  stm32f10x_gpio.o(i.GPIO_ResetBits)
    GPIO_SetBits                             0x08001a79   Thumb Code     4  stm32f10x_gpio.o(i.GPIO_SetBits)
    GPIO_StructInit                          0x08001a7d   Thumb Code    16  stm32f10x_gpio.o(i.GPIO_StructInit)
    GetTemp                                  0x08001a8d   Thumb Code   142  main.o(i.GetTemp)
    HardFault_Handler                        0x08001b39   Thumb Code     4  stm32f10x_it.o(i.HardFault_Handler)
    Init_Nbiot                               0x08001b3d   Thumb Code   808  main.o(i.Init_Nbiot)
    IntToChar                                0x08002075   Thumb Code    30  main.o(i.IntToChar)
    LCD_Clear                                0x08002099   Thumb Code    48  lcd.o(i.LCD_Clear)
    LCD_DrawLine                             0x080020c9   Thumb Code   168  lcd.o(i.LCD_DrawLine)
    LCD_DrawPoint                            0x08002171   Thumb Code    28  lcd.o(i.LCD_DrawPoint)
    LCD_DrawRectangle                        0x08002191   Thumb Code    64  lcd.o(i.LCD_DrawRectangle)
    LCD_ShowChar                             0x080021d1   Thumb Code   216  lcd.o(i.LCD_ShowChar)
    LCD_ShowString                           0x080022b5   Thumb Code    62  lcd.o(i.LCD_ShowString)
    LCD_WR_DATA                              0x080022f5   Thumb Code    28  lcd.o(i.LCD_WR_DATA)
    LCD_WR_DATA8                             0x08002315   Thumb Code    20  lcd.o(i.LCD_WR_DATA8)
    LCD_WR_REG                               0x0800232d   Thumb Code    20  lcd.o(i.LCD_WR_REG)
    LCD_Writ_Bus                             0x08002345   Thumb Code    12  lcd.o(i.LCD_Writ_Bus)
    Lcd_Init                                 0x08002351   Thumb Code   590  lcd.o(i.Lcd_Init)
    MemManage_Handler                        0x080025a5   Thumb Code     4  stm32f10x_it.o(i.MemManage_Handler)
    NMI_Handler                              0x080025a9   Thumb Code     2  stm32f10x_it.o(i.NMI_Handler)
    NVIC_Init                                0x080025ad   Thumb Code   100  misc.o(i.NVIC_Init)
    NVIC_PriorityGroupConfig                 0x0800261d   Thumb Code    10  misc.o(i.NVIC_PriorityGroupConfig)
    PendSV_Handler                           0x08002631   Thumb Code     2  stm32f10x_it.o(i.PendSV_Handler)
    Query                                    0x08002633   Thumb Code    98  main.o(i.Query)
    RCC_ADCCLKConfig                         0x08002695   Thumb Code    18  stm32f10x_rcc.o(i.RCC_ADCCLKConfig)
    RCC_APB1PeriphClockCmd                   0x080026ad   Thumb Code    26  stm32f10x_rcc.o(i.RCC_APB1PeriphClockCmd)
    RCC_APB2PeriphClockCmd                   0x080026cd   Thumb Code    26  stm32f10x_rcc.o(i.RCC_APB2PeriphClockCmd)
    RCC_APB2PeriphResetCmd                   0x080026ed   Thumb Code    26  stm32f10x_rcc.o(i.RCC_APB2PeriphResetCmd)
    RCC_GetClocksFreq                        0x0800270d   Thumb Code   192  stm32f10x_rcc.o(i.RCC_GetClocksFreq)
    SPI2_Init                                0x080027e1   Thumb Code   128  spi.o(i.SPI2_Init)
    SPI2_ReadWriteByte                       0x08002869   Thumb Code    78  spi.o(i.SPI2_ReadWriteByte)
    SPI_Cmd                                  0x080028bd   Thumb Code    24  stm32f10x_spi.o(i.SPI_Cmd)
    SPI_I2S_GetFlagStatus                    0x080028d5   Thumb Code    18  stm32f10x_spi.o(i.SPI_I2S_GetFlagStatus)
    SPI_I2S_ReceiveData                      0x080028e7   Thumb Code     6  stm32f10x_spi.o(i.SPI_I2S_ReceiveData)
    SPI_I2S_SendData                         0x080028ed   Thumb Code     4  stm32f10x_spi.o(i.SPI_I2S_SendData)
    SPI_Init                                 0x080028f1   Thumb Code    60  stm32f10x_spi.o(i.SPI_Init)
    SVC_Handler                              0x0800292d   Thumb Code     2  stm32f10x_it.o(i.SVC_Handler)
    SendData                                 0x08002931   Thumb Code   326  main.o(i.SendData)
    SysTick_CLKSourceConfig                  0x08002c31   Thumb Code    40  misc.o(i.SysTick_CLKSourceConfig)
    SysTick_Handler                          0x08002c59   Thumb Code     2  stm32f10x_it.o(i.SysTick_Handler)
    SystemInit                               0x08002c5d   Thumb Code    78  system_stm32f10x.o(i.SystemInit)
    TIM3_IRQHandler                          0x08002cbd   Thumb Code   166  timer.o(i.TIM3_IRQHandler)
    TIM3_Int_Init                            0x08002d89   Thumb Code    90  timer.o(i.TIM3_Int_Init)
    TIM_ClearITPendingBit                    0x08002de9   Thumb Code     6  stm32f10x_tim.o(i.TIM_ClearITPendingBit)
    TIM_Cmd                                  0x08002def   Thumb Code    24  stm32f10x_tim.o(i.TIM_Cmd)
    TIM_GetITStatus                          0x08002e07   Thumb Code    34  stm32f10x_tim.o(i.TIM_GetITStatus)
    TIM_ITConfig                             0x08002e29   Thumb Code    18  stm32f10x_tim.o(i.TIM_ITConfig)
    TIM_TimeBaseInit                         0x08002e3d   Thumb Code   122  stm32f10x_tim.o(i.TIM_TimeBaseInit)
    T_Adc_Init                               0x08002ee1   Thumb Code   118  tsensor.o(i.T_Adc_Init)
    T_Get_Adc                                0x08002f5d   Thumb Code    46  tsensor.o(i.T_Get_Adc)
    T_Get_Adc_Average                        0x08002f91   Thumb Code    46  tsensor.o(i.T_Get_Adc_Average)
    USART1TxChar                             0x08002fc1   Thumb Code    28  usart.o(i.USART1TxChar)
    USART1TxStr                              0x08002fe1   Thumb Code    22  usart.o(i.USART1TxStr)
    USART1_IRQHandler                        0x08002ff9   Thumb Code    68  usart.o(i.USART1_IRQHandler)
    USART2TxChar                             0x08003051   Thumb Code    28  usart.o(i.USART2TxChar)
    USART2TxStr                              0x08003071   Thumb Code    22  usart.o(i.USART2TxStr)
    USART2_IRQHandler                        0x08003139   Thumb Code    90  usart.o(i.USART2_IRQHandler)
    USART_Cmd                                0x080031ed   Thumb Code    24  stm32f10x_usart.o(i.USART_Cmd)
    USART_GetFlagStatus                      0x08003205   Thumb Code    26  stm32f10x_usart.o(i.USART_GetFlagStatus)
    USART_GetITStatus                        0x0800321f   Thumb Code    84  stm32f10x_usart.o(i.USART_GetITStatus)
    USART_ITConfig                           0x08003273   Thumb Code    74  stm32f10x_usart.o(i.USART_ITConfig)
    USART_Init                               0x080032bd   Thumb Code   210  stm32f10x_usart.o(i.USART_Init)
    USART_ReceiveData                        0x08003395   Thumb Code    10  stm32f10x_usart.o(i.USART_ReceiveData)
    USART_SendData                           0x0800339f   Thumb Code     8  stm32f10x_usart.o(i.USART_SendData)
    UsageFault_Handler                       0x080033a7   Thumb Code     4  stm32f10x_it.o(i.UsageFault_Handler)
    Usart1_Init                              0x080033ad   Thumb Code   160  usart.o(i.Usart1_Init)
    Usart2_Init                              0x08003455   Thumb Code    32  usart.o(i.Usart2_Init)
    Wait_Str1_Str2_x_100ms                   0x08003475   Thumb Code   236  main.o(i.Wait_Str1_Str2_x_100ms)
    __ARM_fpclassify                         0x08003585   Thumb Code    40  fpclassify.o(i.__ARM_fpclassify)
    _is_digit                                0x080035ad   Thumb Code    14  __printf_wp.o(i._is_digit)
    _sys_exit                                0x080035bb   Thumb Code     6  usart.o(i._sys_exit)
    delay_init                               0x080035c1   Thumb Code    50  delay.o(i.delay_init)
    delay_ms                                 0x08003605   Thumb Code    72  delay.o(i.delay_ms)
    get_sub_str                              0x08003651   Thumb Code    86  main.o(i.get_sub_str)
    main                                     0x080036a9   Thumb Code   188  main.o(i.main)
    _get_lc_numeric                          0x080037ad   Thumb Code    44  lc_numeric_c.o(locale$$code)
    __aeabi_d2f                              0x080037d9   Thumb Code     0  d2f.o(x$fpl$d2f)
    _d2f                                     0x080037d9   Thumb Code    98  d2f.o(x$fpl$d2f)
    __aeabi_dadd                             0x0800383d   Thumb Code     0  daddsub_clz.o(x$fpl$dadd)
    _dadd                                    0x0800383d   Thumb Code   332  daddsub_clz.o(x$fpl$dadd)
    __aeabi_ddiv                             0x0800398d   Thumb Code     0  ddiv.o(x$fpl$ddiv)
    _ddiv                                    0x0800398d   Thumb Code   552  ddiv.o(x$fpl$ddiv)
    __aeabi_dmul                             0x08003c3d   Thumb Code     0  dmul.o(x$fpl$dmul)
    _dmul                                    0x08003c3d   Thumb Code   332  dmul.o(x$fpl$dmul)
    __fpl_dnaninf                            0x08003d91   Thumb Code   156  dnaninf.o(x$fpl$dnaninf)
    __fpl_dretinf                            0x08003e2d   Thumb Code    12  dretinf.o(x$fpl$dretinf)
    __aeabi_drsub                            0x08003e39   Thumb Code     0  daddsub_clz.o(x$fpl$drsb)
    _drsb                                    0x08003e39   Thumb Code    22  daddsub_clz.o(x$fpl$drsb)
    __aeabi_dsub                             0x08003e51   Thumb Code     0  daddsub_clz.o(x$fpl$dsub)
    _dsub                                    0x08003e51   Thumb Code   464  daddsub_clz.o(x$fpl$dsub)
    __aeabi_f2d                              0x08004025   Thumb Code     0  f2d.o(x$fpl$f2d)
    _f2d                                     0x08004025   Thumb Code    86  f2d.o(x$fpl$f2d)
    __aeabi_fadd                             0x0800407d   Thumb Code     0  faddsub_clz.o(x$fpl$fadd)
    _fadd                                    0x0800407d   Thumb Code   196  faddsub_clz.o(x$fpl$fadd)
    __aeabi_f2iz                             0x08004141   Thumb Code     0  ffix.o(x$fpl$ffix)
    _ffix                                    0x08004141   Thumb Code    54  ffix.o(x$fpl$ffix)
    __aeabi_f2uiz                            0x08004179   Thumb Code     0  ffixu.o(x$fpl$ffixu)
    _ffixu                                   0x08004179   Thumb Code    62  ffixu.o(x$fpl$ffixu)
    __aeabi_ui2f                             0x080041b9   Thumb Code     0  fflt_clz.o(x$fpl$ffltu)
    _ffltu                                   0x080041b9   Thumb Code    38  fflt_clz.o(x$fpl$ffltu)
    __aeabi_fmul                             0x080041e1   Thumb Code     0  fmul.o(x$fpl$fmul)
    _fmul                                    0x080041e1   Thumb Code   258  fmul.o(x$fpl$fmul)
    __fpl_fnaninf                            0x080042e3   Thumb Code   140  fnaninf.o(x$fpl$fnaninf)
    __fpl_fretinf                            0x0800436f   Thumb Code    10  fretinf.o(x$fpl$fretinf)
    __aeabi_frsub                            0x08004379   Thumb Code     0  faddsub_clz.o(x$fpl$frsb)
    _frsb                                    0x08004379   Thumb Code    20  faddsub_clz.o(x$fpl$frsb)
    __aeabi_fsub                             0x0800438d   Thumb Code     0  faddsub_clz.o(x$fpl$fsub)
    _fsub                                    0x0800438d   Thumb Code   234  faddsub_clz.o(x$fpl$fsub)
    _printf_fp_dec                           0x08004477   Thumb Code     4  printf1.o(x$fpl$printf1)
    __I$use$fp                               0x0800447a   Number         0  usenofp.o(x$fpl$usenofp)
    asc2_1608                                0x0800447a   Data        1520  lcd.o(.constdata)
    codeGB_16x16                             0x08004a6a   Data         578  lcd.o(.constdata)
    Region$$Table$$Base                      0x08004db8   Number         0  anon$$obj.o(Region$$Table)
    Region$$Table$$Limit                     0x08004dd8   Number         0  anon$$obj.o(Region$$Table)
    addr                                     0x20000000   Data           1  main.o(.data)
    i                                        0x20000004   Data           4  main.o(.data)
    Flag_Need_Init_Nbiot                     0x20000008   Data           1  main.o(.data)
    Flag_device_error                        0x20000009   Data           1  main.o(.data)
    seqNum                                   0x2000000c   Data           4  main.o(.data)
    temp                                     0x20000010   Data           4  main.o(.data)
    SystemCoreClock                          0x20000014   Data           4  system_stm32f10x.o(.data)
    AHBPrescTable                            0x20000018   Data          16  system_stm32f10x.o(.data)
    USART1_RX_STA                            0x20000040   Data           2  usart.o(.data)
    USART2_RX_STA                            0x20000042   Data           2  usart.o(.data)
    USART3_RX_STA                            0x20000044   Data           2  usart.o(.data)
    Count_Timer3_value_USART1_receive_timeout 0x20000046   Data           1  usart.o(.data)
    Count_Timer3_value_USART2_receive_timeout 0x20000047   Data           1  usart.o(.data)
    Count_Timer3_value_USART3_receive_timeout 0x20000048   Data           1  usart.o(.data)
    Flag_Usart1_Receive                      0x20000049   Data           1  usart.o(.data)
    Flag_Usart1_Remap_Receive                0x2000004a   Data           1  usart.o(.data)
    Flag_Usart2_Receive                      0x2000004b   Data           1  usart.o(.data)
    Flag_Usart3_Receive                      0x2000004c   Data           1  usart.o(.data)
    Flag_Usart1_Remap                        0x2000004d   Data           1  usart.o(.data)
    Flag_Usart3_Remap                        0x2000004e   Data           1  usart.o(.data)
    Flag_Usart3_Receive_Complete             0x2000004f   Data           1  usart.o(.data)
    Flag_usart1_receive_OK                   0x20000050   Data           1  usart.o(.data)
    Flag_usart1_receive_T                    0x20000051   Data           1  usart.o(.data)
    Flag_usart2_receive_T                    0x20000052   Data           1  usart.o(.data)
    __stdout                                 0x20000054   Data           4  usart.o(.data)
    USART_RX_STA                             0x20000058   Data           2  usart.o(.data)
    ref                                      0x2000005c   Data           1  lcd.o(.data)
    vx                                       0x20000060   Data           4  lcd.o(.data)
    vy                                       0x20000064   Data           4  lcd.o(.data)
    chx                                      0x20000068   Data           4  lcd.o(.data)
    chy                                      0x2000006c   Data           4  lcd.o(.data)
    BACK_COLOR                               0x20000070   Data           4  lcd.o(.data)
    POINT_COLOR                              0x20000074   Data           4  lcd.o(.data)
    Count_timer_100ms_x_Collect_Interval     0x20000078   Data           4  timer.o(.data)
    Count_timer_100ms_x_Send_Interval_after_collect 0x2000007c   Data           1  timer.o(.data)
    Count_wait_ok                            0x2000007d   Data           1  timer.o(.data)
    Count_Flag_Flag_4Gmodel_ready            0x2000007e   Data           1  timer.o(.data)
    Count_Send_Time_Interval                 0x2000007f   Data           1  timer.o(.data)
    count_time                               0x20000080   Data           1  timer.o(.data)
    Count_time_wait_ok                       0x20000081   Data           1  timer.o(.data)
    Flag_allow_dsplay_time                   0x20000082   Data           1  timer.o(.data)
    seqNum1                                  0x20000084   Data          25  main.o(.bss)
    usert                                    0x2000009d   Data         355  main.o(.bss)
    NB_Send_buf1                             0x20000200   Data         355  main.o(.bss)
    Receive_BUF                              0x20000363   Data         500  main.o(.bss)
    Receive_Data                             0x20000557   Data         250  main.o(.bss)
    USART1_RX_BUF                            0x20000651   Data         500  usart.o(.bss)
    USART2_RX_BUF                            0x20000845   Data         500  usart.o(.bss)
    USART3_RX_BUF                            0x20000a39   Data         500  usart.o(.bss)
    USART_RX_BUF                             0x20000c2d   Data         500  usart.o(.bss)
    __libspace_start                         0x20000e24   Data          96  libspace.o(.bss)
    __temporary_stack_top$libspace           0x20000e84   Data           0  libspace.o(.bss)



==============================================================================

Memory Map of the image

  Image Entry point : 0x08000131

  Load Region LR_IROM1 (Base: 0x08000000, Size: 0x00004e78, Max: 0x00080000, ABSOLUTE)

    Execution Region ER_IROM1 (Exec base: 0x08000000, Load base: 0x08000000, Size: 0x00004df4, Max: 0x00080000, ABSOLUTE)

    Exec Addr    Load Addr    Size         Type   Attr      Idx    E Section Name        Object

    0x08000000   0x08000000   0x00000130   Data   RO          330    RESET               startup_stm32f10x_hd.o
    0x08000130   0x08000130   0x00000008   Code   RO         3788  * !!!main             c_w.l(__main.o)
    0x08000138   0x08000138   0x00000034   Code   RO         4050    !!!scatter          c_w.l(__scatter.o)
    0x0800016c   0x0800016c   0x0000001a   Code   RO         4052    !!handler_copy      c_w.l(__scatter_copy.o)
    0x08000186   0x08000186   0x00000002   PAD
    0x08000188   0x08000188   0x0000001c   Code   RO         4054    !!handler_zi        c_w.l(__scatter_zi.o)
    0x080001a4   0x080001a4   0x00000000   Code   RO         3775    .ARM.Collect$$_printf_percent$$00000000  c_w.l(_printf_percent.o)
    0x080001a4   0x080001a4   0x00000006   Code   RO         3774    .ARM.Collect$$_printf_percent$$00000003  c_w.l(_printf_f.o)
    0x080001aa   0x080001aa   0x00000006   Code   RO         3773    .ARM.Collect$$_printf_percent$$00000009  c_w.l(_printf_d.o)
    0x080001b0   0x080001b0   0x00000004   Code   RO         3841    .ARM.Collect$$_printf_percent$$00000017  c_w.l(_printf_percent_end.o)
    0x080001b4   0x080001b4   0x00000002   Code   RO         3925    .ARM.Collect$$libinit$$00000000  c_w.l(libinit.o)
    0x080001b6   0x080001b6   0x00000000   Code   RO         3927    .ARM.Collect$$libinit$$00000002  c_w.l(libinit2.o)
    0x080001b6   0x080001b6   0x00000000   Code   RO         3929    .ARM.Collect$$libinit$$00000004  c_w.l(libinit2.o)
    0x080001b6   0x080001b6   0x00000000   Code   RO         3932    .ARM.Collect$$libinit$$0000000A  c_w.l(libinit2.o)
    0x080001b6   0x080001b6   0x00000000   Code   RO         3934    .ARM.Collect$$libinit$$0000000C  c_w.l(libinit2.o)
    0x080001b6   0x080001b6   0x00000000   Code   RO         3936    .ARM.Collect$$libinit$$0000000E  c_w.l(libinit2.o)
    0x080001b6   0x080001b6   0x00000006   Code   RO         3937    .ARM.Collect$$libinit$$0000000F  c_w.l(libinit2.o)
    0x080001bc   0x080001bc   0x00000000   Code   RO         3939    .ARM.Collect$$libinit$$00000011  c_w.l(libinit2.o)
    0x080001bc   0x080001bc   0x00000000   Code   RO         3941    .ARM.Collect$$libinit$$00000013  c_w.l(libinit2.o)
    0x080001bc   0x080001bc   0x00000000   Code   RO         3943    .ARM.Collect$$libinit$$00000015  c_w.l(libinit2.o)
    0x080001bc   0x080001bc   0x0000000a   Code   RO         3944    .ARM.Collect$$libinit$$00000016  c_w.l(libinit2.o)
    0x080001c6   0x080001c6   0x00000000   Code   RO         3945    .ARM.Collect$$libinit$$00000017  c_w.l(libinit2.o)
    0x080001c6   0x080001c6   0x00000000   Code   RO         3947    .ARM.Collect$$libinit$$00000019  c_w.l(libinit2.o)
    0x080001c6   0x080001c6   0x00000000   Code   RO         3949    .ARM.Collect$$libinit$$0000001B  c_w.l(libinit2.o)
    0x080001c6   0x080001c6   0x00000000   Code   RO         3951    .ARM.Collect$$libinit$$0000001D  c_w.l(libinit2.o)
    0x080001c6   0x080001c6   0x00000000   Code   RO         3953    .ARM.Collect$$libinit$$0000001F  c_w.l(libinit2.o)
    0x080001c6   0x080001c6   0x00000000   Code   RO         3955    .ARM.Collect$$libinit$$00000021  c_w.l(libinit2.o)
    0x080001c6   0x080001c6   0x00000000   Code   RO         3957    .ARM.Collect$$libinit$$00000023  c_w.l(libinit2.o)
    0x080001c6   0x080001c6   0x00000000   Code   RO         3959    .ARM.Collect$$libinit$$00000025  c_w.l(libinit2.o)
    0x080001c6   0x080001c6   0x00000000   Code   RO         3963    .ARM.Collect$$libinit$$0000002C  c_w.l(libinit2.o)
    0x080001c6   0x080001c6   0x00000000   Code   RO         3965    .ARM.Collect$$libinit$$0000002E  c_w.l(libinit2.o)
    0x080001c6   0x080001c6   0x00000000   Code   RO         3967    .ARM.Collect$$libinit$$00000030  c_w.l(libinit2.o)
    0x080001c6   0x080001c6   0x00000000   Code   RO         3969    .ARM.Collect$$libinit$$00000032  c_w.l(libinit2.o)
    0x080001c6   0x080001c6   0x00000002   Code   RO         3970    .ARM.Collect$$libinit$$00000033  c_w.l(libinit2.o)
    0x080001c8   0x080001c8   0x00000002   Code   RO         3998    .ARM.Collect$$libshutdown$$00000000  c_w.l(libshutdown.o)
    0x080001ca   0x080001ca   0x00000000   Code   RO         4007    .ARM.Collect$$libshutdown$$00000002  c_w.l(libshutdown2.o)
    0x080001ca   0x080001ca   0x00000000   Code   RO         4009    .ARM.Collect$$libshutdown$$00000004  c_w.l(libshutdown2.o)
    0x080001ca   0x080001ca   0x00000000   Code   RO         4011    .ARM.Collect$$libshutdown$$00000006  c_w.l(libshutdown2.o)
    0x080001ca   0x080001ca   0x00000000   Code   RO         4014    .ARM.Collect$$libshutdown$$00000009  c_w.l(libshutdown2.o)
    0x080001ca   0x080001ca   0x00000000   Code   RO         4017    .ARM.Collect$$libshutdown$$0000000C  c_w.l(libshutdown2.o)
    0x080001ca   0x080001ca   0x00000000   Code   RO         4019    .ARM.Collect$$libshutdown$$0000000E  c_w.l(libshutdown2.o)
    0x080001ca   0x080001ca   0x00000000   Code   RO         4022    .ARM.Collect$$libshutdown$$00000011  c_w.l(libshutdown2.o)
    0x080001ca   0x080001ca   0x00000002   Code   RO         4023    .ARM.Collect$$libshutdown$$00000012  c_w.l(libshutdown2.o)
    0x080001cc   0x080001cc   0x00000000   Code   RO         3832    .ARM.Collect$$rtentry$$00000000  c_w.l(__rtentry.o)
    0x080001cc   0x080001cc   0x00000000   Code   RO         3854    .ARM.Collect$$rtentry$$00000002  c_w.l(__rtentry2.o)
    0x080001cc   0x080001cc   0x00000006   Code   RO         3866    .ARM.Collect$$rtentry$$00000004  c_w.l(__rtentry4.o)
    0x080001d2   0x080001d2   0x00000000   Code   RO         3856    .ARM.Collect$$rtentry$$00000009  c_w.l(__rtentry2.o)
    0x080001d2   0x080001d2   0x00000004   Code   RO         3857    .ARM.Collect$$rtentry$$0000000A  c_w.l(__rtentry2.o)
    0x080001d6   0x080001d6   0x00000000   Code   RO         3859    .ARM.Collect$$rtentry$$0000000C  c_w.l(__rtentry2.o)
    0x080001d6   0x080001d6   0x00000008   Code   RO         3860    .ARM.Collect$$rtentry$$0000000D  c_w.l(__rtentry2.o)
    0x080001de   0x080001de   0x00000002   Code   RO         3971    .ARM.Collect$$rtexit$$00000000  c_w.l(rtexit.o)
    0x080001e0   0x080001e0   0x00000000   Code   RO         3978    .ARM.Collect$$rtexit$$00000002  c_w.l(rtexit2.o)
    0x080001e0   0x080001e0   0x00000004   Code   RO         3979    .ARM.Collect$$rtexit$$00000003  c_w.l(rtexit2.o)
    0x080001e4   0x080001e4   0x00000006   Code   RO         3980    .ARM.Collect$$rtexit$$00000004  c_w.l(rtexit2.o)
    0x080001ea   0x080001ea   0x00000002   PAD
    0x080001ec   0x080001ec   0x00000040   Code   RO          331    .text               startup_stm32f10x_hd.o
    0x0800022c   0x0800022c   0x00000002   Code   RO         3743    .text               c_w.l(use_no_semi_2.o)
    0x0800022e   0x0800022e   0x00000002   PAD
    0x08000230   0x08000230   0x00000028   Code   RO         3747    .text               c_w.l(noretval__2sprintf.o)
    0x08000258   0x08000258   0x00000078   Code   RO         3751    .text               c_w.l(_printf_dec.o)
    0x080002d0   0x080002d0   0x0000010e   Code   RO         3761    .text               c_w.l(__printf_wp.o)
    0x080003de   0x080003de   0x00000024   Code   RO         3776    .text               c_w.l(strstr.o)
    0x08000402   0x08000402   0x00000048   Code   RO         3778    .text               c_w.l(strcpy.o)
    0x0800044a   0x0800044a   0x0000008a   Code   RO         3782    .text               c_w.l(rt_memcpy_v6.o)
    0x080004d4   0x080004d4   0x0000004e   Code   RO         3784    .text               c_w.l(rt_memclr_w.o)
    0x08000522   0x08000522   0x00000006   Code   RO         3786    .text               c_w.l(heapauxi.o)
    0x08000528   0x08000528   0x00000002   Code   RO         3830    .text               c_w.l(use_no_semi.o)
    0x0800052a   0x0800052a   0x000000b2   Code   RO         3833    .text               c_w.l(_printf_intcommon.o)
    0x080005dc   0x080005dc   0x0000041e   Code   RO         3835    .text               c_w.l(_printf_fp_dec.o)
    0x080009fa   0x080009fa   0x00000002   PAD
    0x080009fc   0x080009fc   0x00000030   Code   RO         3837    .text               c_w.l(_printf_char_common.o)
    0x08000a2c   0x08000a2c   0x0000000a   Code   RO         3839    .text               c_w.l(_sputc.o)
    0x08000a36   0x08000a36   0x00000064   Code   RO         3842    .text               c_w.l(rt_memcpy_w.o)
    0x08000a9a   0x08000a9a   0x00000002   PAD
    0x08000a9c   0x08000a9c   0x00000008   Code   RO         3871    .text               c_w.l(rt_locale_intlibspace.o)
    0x08000aa4   0x08000aa4   0x0000008a   Code   RO         3873    .text               c_w.l(lludiv10.o)
    0x08000b2e   0x08000b2e   0x00000002   PAD
    0x08000b30   0x08000b30   0x00000080   Code   RO         3875    .text               c_w.l(_printf_fp_infnan.o)
    0x08000bb0   0x08000bb0   0x000000e4   Code   RO         3879    .text               c_w.l(bigflt0.o)
    0x08000c94   0x08000c94   0x00000008   Code   RO         3911    .text               c_w.l(libspace.o)
    0x08000c9c   0x08000c9c   0x0000004a   Code   RO         3914    .text               c_w.l(sys_stackheap_outer.o)
    0x08000ce6   0x08000ce6   0x00000012   Code   RO         3916    .text               c_w.l(exit.o)
    0x08000cf8   0x08000cf8   0x00000080   Code   RO         3918    .text               c_w.l(strcmpv7m.o)
    0x08000d78   0x08000d78   0x0000003e   Code   RO         3882    CL$$btod_d2e        c_w.l(btod.o)
    0x08000db6   0x08000db6   0x00000046   Code   RO         3884    CL$$btod_d2e_denorm_low  c_w.l(btod.o)
    0x08000dfc   0x08000dfc   0x00000060   Code   RO         3883    CL$$btod_d2e_norm_op1  c_w.l(btod.o)
    0x08000e5c   0x08000e5c   0x00000338   Code   RO         3892    CL$$btod_div_common  c_w.l(btod.o)
    0x08001194   0x08001194   0x000000dc   Code   RO         3889    CL$$btod_e2e        c_w.l(btod.o)
    0x08001270   0x08001270   0x0000002a   Code   RO         3886    CL$$btod_ediv       c_w.l(btod.o)
    0x0800129a   0x0800129a   0x0000002a   Code   RO         3885    CL$$btod_emul       c_w.l(btod.o)
    0x080012c4   0x080012c4   0x00000244   Code   RO         3891    CL$$btod_mult_common  c_w.l(btod.o)
    0x08001508   0x08001508   0x00000016   Code   RO          403    i.ADC_Cmd           stm32f10x_adc.o
    0x0800151e   0x0800151e   0x00000002   PAD
    0x08001520   0x08001520   0x0000005c   Code   RO          405    i.ADC_DeInit        stm32f10x_adc.o
    0x0800157c   0x0800157c   0x00000014   Code   RO          411    i.ADC_GetCalibrationStatus  stm32f10x_adc.o
    0x08001590   0x08001590   0x00000008   Code   RO          412    i.ADC_GetConversionValue  stm32f10x_adc.o
    0x08001598   0x08001598   0x00000012   Code   RO          414    i.ADC_GetFlagStatus  stm32f10x_adc.o
    0x080015aa   0x080015aa   0x00000014   Code   RO          417    i.ADC_GetResetCalibrationStatus  stm32f10x_adc.o
    0x080015be   0x080015be   0x00000002   PAD
    0x080015c0   0x080015c0   0x00000050   Code   RO          421    i.ADC_Init          stm32f10x_adc.o
    0x08001610   0x08001610   0x000000b8   Code   RO          425    i.ADC_RegularChannelConfig  stm32f10x_adc.o
    0x080016c8   0x080016c8   0x0000000a   Code   RO          426    i.ADC_ResetCalibration  stm32f10x_adc.o
    0x080016d2   0x080016d2   0x00000016   Code   RO          428    i.ADC_SoftwareStartConvCmd  stm32f10x_adc.o
    0x080016e8   0x080016e8   0x0000000a   Code   RO          430    i.ADC_StartCalibration  stm32f10x_adc.o
    0x080016f2   0x080016f2   0x00000002   PAD
    0x080016f4   0x080016f4   0x00000024   Code   RO          432    i.ADC_TempSensorVrefintCmd  stm32f10x_adc.o
    0x08001718   0x08001718   0x0000005a   Code   RO         3528    i.Address_set       lcd.o
    0x08001772   0x08001772   0x00000004   Code   RO          220    i.BusFault_Handler  stm32f10x_it.o
    0x08001776   0x08001776   0x00000002   PAD
    0x08001778   0x08001778   0x00000024   Code   RO         3382    i.CLR_Buf1          usart.o
    0x0800179c   0x0800179c   0x00000024   Code   RO         3383    i.CLR_Buf2          usart.o
    0x080017c0   0x080017c0   0x00000002   Code   RO          221    i.DebugMon_Handler  stm32f10x_it.o
    0x080017c2   0x080017c2   0x00000002   PAD
    0x080017c4   0x080017c4   0x00000108   Code   RO         3664    i.GPIO_Configuration  gpio.o
    0x080018cc   0x080018cc   0x00000116   Code   RO         1512    i.GPIO_Init         stm32f10x_gpio.o
    0x080019e2   0x080019e2   0x00000002   PAD
    0x080019e4   0x080019e4   0x00000090   Code   RO         1514    i.GPIO_PinRemapConfig  stm32f10x_gpio.o
    0x08001a74   0x08001a74   0x00000004   Code   RO         1519    i.GPIO_ResetBits    stm32f10x_gpio.o
    0x08001a78   0x08001a78   0x00000004   Code   RO         1520    i.GPIO_SetBits      stm32f10x_gpio.o
    0x08001a7c   0x08001a7c   0x00000010   Code   RO         1521    i.GPIO_StructInit   stm32f10x_gpio.o
    0x08001a8c   0x08001a8c   0x000000ac   Code   RO            1    i.GetTemp           main.o
    0x08001b38   0x08001b38   0x00000004   Code   RO          222    i.HardFault_Handler  stm32f10x_it.o
    0x08001b3c   0x08001b3c   0x00000538   Code   RO            2    i.Init_Nbiot        main.o
    0x08002074   0x08002074   0x00000024   Code   RO            3    i.IntToChar         main.o
    0x08002098   0x08002098   0x00000030   Code   RO         3529    i.LCD_Clear         lcd.o
    0x080020c8   0x080020c8   0x000000a8   Code   RO         3530    i.LCD_DrawLine      lcd.o
    0x08002170   0x08002170   0x00000020   Code   RO         3531    i.LCD_DrawPoint     lcd.o
    0x08002190   0x08002190   0x00000040   Code   RO         3532    i.LCD_DrawRectangle  lcd.o
    0x080021d0   0x080021d0   0x000000e4   Code   RO         3534    i.LCD_ShowChar      lcd.o
    0x080022b4   0x080022b4   0x0000003e   Code   RO         3535    i.LCD_ShowString    lcd.o
    0x080022f2   0x080022f2   0x00000002   PAD
    0x080022f4   0x080022f4   0x00000020   Code   RO         3538    i.LCD_WR_DATA       lcd.o
    0x08002314   0x08002314   0x00000018   Code   RO         3539    i.LCD_WR_DATA8      lcd.o
    0x0800232c   0x0800232c   0x00000018   Code   RO         3540    i.LCD_WR_REG        lcd.o
    0x08002344   0x08002344   0x0000000c   Code   RO         3542    i.LCD_Writ_Bus      lcd.o
    0x08002350   0x08002350   0x00000254   Code   RO         3543    i.Lcd_Init          lcd.o
    0x080025a4   0x080025a4   0x00000004   Code   RO          223    i.MemManage_Handler  stm32f10x_it.o
    0x080025a8   0x080025a8   0x00000002   Code   RO          224    i.NMI_Handler       stm32f10x_it.o
    0x080025aa   0x080025aa   0x00000002   PAD
    0x080025ac   0x080025ac   0x00000070   Code   RO          335    i.NVIC_Init         misc.o
    0x0800261c   0x0800261c   0x00000014   Code   RO          336    i.NVIC_PriorityGroupConfig  misc.o
    0x08002630   0x08002630   0x00000002   Code   RO          225    i.PendSV_Handler    stm32f10x_it.o
    0x08002632   0x08002632   0x00000062   Code   RO            4    i.Query             main.o
    0x08002694   0x08002694   0x00000018   Code   RO         1926    i.RCC_ADCCLKConfig  stm32f10x_rcc.o
    0x080026ac   0x080026ac   0x00000020   Code   RO         1928    i.RCC_APB1PeriphClockCmd  stm32f10x_rcc.o
    0x080026cc   0x080026cc   0x00000020   Code   RO         1930    i.RCC_APB2PeriphClockCmd  stm32f10x_rcc.o
    0x080026ec   0x080026ec   0x00000020   Code   RO         1931    i.RCC_APB2PeriphResetCmd  stm32f10x_rcc.o
    0x0800270c   0x0800270c   0x000000d4   Code   RO         1938    i.RCC_GetClocksFreq  stm32f10x_rcc.o
    0x080027e0   0x080027e0   0x00000088   Code   RO         3640    i.SPI2_Init         spi.o
    0x08002868   0x08002868   0x00000054   Code   RO         3641    i.SPI2_ReadWriteByte  spi.o
    0x080028bc   0x080028bc   0x00000018   Code   RO         2407    i.SPI_Cmd           stm32f10x_spi.o
    0x080028d4   0x080028d4   0x00000012   Code   RO         2415    i.SPI_I2S_GetFlagStatus  stm32f10x_spi.o
    0x080028e6   0x080028e6   0x00000006   Code   RO         2418    i.SPI_I2S_ReceiveData  stm32f10x_spi.o
    0x080028ec   0x080028ec   0x00000004   Code   RO         2419    i.SPI_I2S_SendData  stm32f10x_spi.o
    0x080028f0   0x080028f0   0x0000003c   Code   RO         2420    i.SPI_Init          stm32f10x_spi.o
    0x0800292c   0x0800292c   0x00000002   Code   RO          226    i.SVC_Handler       stm32f10x_it.o
    0x0800292e   0x0800292e   0x00000002   PAD
    0x08002930   0x08002930   0x00000218   Code   RO            5    i.SendData          main.o
    0x08002b48   0x08002b48   0x00000008   Code   RO          283    i.SetSysClock       system_stm32f10x.o
    0x08002b50   0x08002b50   0x000000e0   Code   RO          284    i.SetSysClockTo72   system_stm32f10x.o
    0x08002c30   0x08002c30   0x00000028   Code   RO          339    i.SysTick_CLKSourceConfig  misc.o
    0x08002c58   0x08002c58   0x00000002   Code   RO          227    i.SysTick_Handler   stm32f10x_it.o
    0x08002c5a   0x08002c5a   0x00000002   PAD
    0x08002c5c   0x08002c5c   0x00000060   Code   RO          286    i.SystemInit        system_stm32f10x.o
    0x08002cbc   0x08002cbc   0x000000cc   Code   RO         3679    i.TIM3_IRQHandler   timer.o
    0x08002d88   0x08002d88   0x00000060   Code   RO         3680    i.TIM3_Int_Init     timer.o
    0x08002de8   0x08002de8   0x00000006   Code   RO         2557    i.TIM_ClearITPendingBit  stm32f10x_tim.o
    0x08002dee   0x08002dee   0x00000018   Code   RO         2562    i.TIM_Cmd           stm32f10x_tim.o
    0x08002e06   0x08002e06   0x00000022   Code   RO         2583    i.TIM_GetITStatus   stm32f10x_tim.o
    0x08002e28   0x08002e28   0x00000012   Code   RO         2587    i.TIM_ITConfig      stm32f10x_tim.o
    0x08002e3a   0x08002e3a   0x00000002   PAD
    0x08002e3c   0x08002e3c   0x000000a4   Code   RO         2633    i.TIM_TimeBaseInit  stm32f10x_tim.o
    0x08002ee0   0x08002ee0   0x0000007c   Code   RO         3711    i.T_Adc_Init        tsensor.o
    0x08002f5c   0x08002f5c   0x00000034   Code   RO         3712    i.T_Get_Adc         tsensor.o
    0x08002f90   0x08002f90   0x0000002e   Code   RO         3713    i.T_Get_Adc_Average  tsensor.o
    0x08002fbe   0x08002fbe   0x00000002   PAD
    0x08002fc0   0x08002fc0   0x00000020   Code   RO         3384    i.USART1TxChar      usart.o
    0x08002fe0   0x08002fe0   0x00000016   Code   RO         3387    i.USART1TxStr       usart.o
    0x08002ff6   0x08002ff6   0x00000002   PAD
    0x08002ff8   0x08002ff8   0x00000058   Code   RO         3388    i.USART1_IRQHandler  usart.o
    0x08003050   0x08003050   0x00000020   Code   RO         3389    i.USART2TxChar      usart.o
    0x08003070   0x08003070   0x00000016   Code   RO         3392    i.USART2TxStr       usart.o
    0x08003086   0x08003086   0x00000002   PAD
    0x08003088   0x08003088   0x00000048   Code   RO         3393    i.USART2_Configuration  usart.o
    0x080030d0   0x080030d0   0x00000068   Code   RO         3394    i.USART2_GPIO_Configuration  usart.o
    0x08003138   0x08003138   0x00000074   Code   RO         3395    i.USART2_IRQHandler  usart.o
    0x080031ac   0x080031ac   0x00000028   Code   RO         3396    i.USART2_NVIC_Configuration  usart.o
    0x080031d4   0x080031d4   0x00000018   Code   RO         3397    i.USART2_RCC_Configuration  usart.o
    0x080031ec   0x080031ec   0x00000018   Code   RO         3098    i.USART_Cmd         stm32f10x_usart.o
    0x08003204   0x08003204   0x0000001a   Code   RO         3101    i.USART_GetFlagStatus  stm32f10x_usart.o
    0x0800321e   0x0800321e   0x00000054   Code   RO         3102    i.USART_GetITStatus  stm32f10x_usart.o
    0x08003272   0x08003272   0x0000004a   Code   RO         3104    i.USART_ITConfig    stm32f10x_usart.o
    0x080032bc   0x080032bc   0x000000d8   Code   RO         3105    i.USART_Init        stm32f10x_usart.o
    0x08003394   0x08003394   0x0000000a   Code   RO         3112    i.USART_ReceiveData  stm32f10x_usart.o
    0x0800339e   0x0800339e   0x00000008   Code   RO         3115    i.USART_SendData    stm32f10x_usart.o
    0x080033a6   0x080033a6   0x00000004   Code   RO          228    i.UsageFault_Handler  stm32f10x_it.o
    0x080033aa   0x080033aa   0x00000002   PAD
    0x080033ac   0x080033ac   0x000000a8   Code   RO         3398    i.Usart1_Init       usart.o
    0x08003454   0x08003454   0x00000020   Code   RO         3400    i.Usart2_Init       usart.o
    0x08003474   0x08003474   0x00000110   Code   RO            8    i.Wait_Str1_Str2_x_100ms  main.o
    0x08003584   0x08003584   0x00000028   Code   RO         3909    i.__ARM_fpclassify  m_ws.l(fpclassify.o)
    0x080035ac   0x080035ac   0x0000000e   Code   RO         3763    i._is_digit         c_w.l(__printf_wp.o)
    0x080035ba   0x080035ba   0x00000006   Code   RO         3402    i._sys_exit         usart.o
    0x080035c0   0x080035c0   0x00000044   Code   RO         3328    i.delay_init        delay.o
    0x08003604   0x08003604   0x0000004c   Code   RO         3329    i.delay_ms          delay.o
    0x08003650   0x08003650   0x00000056   Code   RO           11    i.get_sub_str       main.o
    0x080036a6   0x080036a6   0x00000002   PAD
    0x080036a8   0x080036a8   0x00000104   Code   RO           12    i.main              main.o
    0x080037ac   0x080037ac   0x0000002c   Code   RO         3905    locale$$code        c_w.l(lc_numeric_c.o)
    0x080037d8   0x080037d8   0x00000062   Code   RO         3790    x$fpl$d2f           fz_ws.l(d2f.o)
    0x0800383a   0x0800383a   0x00000002   PAD
    0x0800383c   0x0800383c   0x00000150   Code   RO         3792    x$fpl$dadd          fz_ws.l(daddsub_clz.o)
    0x0800398c   0x0800398c   0x000002b0   Code   RO         3799    x$fpl$ddiv          fz_ws.l(ddiv.o)
    0x08003c3c   0x08003c3c   0x00000154   Code   RO         3802    x$fpl$dmul          fz_ws.l(dmul.o)
    0x08003d90   0x08003d90   0x0000009c   Code   RO         3844    x$fpl$dnaninf       fz_ws.l(dnaninf.o)
    0x08003e2c   0x08003e2c   0x0000000c   Code   RO         3846    x$fpl$dretinf       fz_ws.l(dretinf.o)
    0x08003e38   0x08003e38   0x00000016   Code   RO         3793    x$fpl$drsb          fz_ws.l(daddsub_clz.o)
    0x08003e4e   0x08003e4e   0x00000002   PAD
    0x08003e50   0x08003e50   0x000001d4   Code   RO         3794    x$fpl$dsub          fz_ws.l(daddsub_clz.o)
    0x08004024   0x08004024   0x00000056   Code   RO         3804    x$fpl$f2d           fz_ws.l(f2d.o)
    0x0800407a   0x0800407a   0x00000002   PAD
    0x0800407c   0x0800407c   0x000000c4   Code   RO         3806    x$fpl$fadd          fz_ws.l(faddsub_clz.o)
    0x08004140   0x08004140   0x00000036   Code   RO         3812    x$fpl$ffix          fz_ws.l(ffix.o)
    0x08004176   0x08004176   0x00000002   PAD
    0x08004178   0x08004178   0x0000003e   Code   RO         3816    x$fpl$ffixu         fz_ws.l(ffixu.o)
    0x080041b6   0x080041b6   0x00000002   PAD
    0x080041b8   0x080041b8   0x00000026   Code   RO         3820    x$fpl$ffltu         fz_ws.l(fflt_clz.o)
    0x080041de   0x080041de   0x00000002   PAD
    0x080041e0   0x080041e0   0x00000102   Code   RO         3826    x$fpl$fmul          fz_ws.l(fmul.o)
    0x080042e2   0x080042e2   0x0000008c   Code   RO         3848    x$fpl$fnaninf       fz_ws.l(fnaninf.o)
    0x0800436e   0x0800436e   0x0000000a   Code   RO         3850    x$fpl$fretinf       fz_ws.l(fretinf.o)
    0x08004378   0x08004378   0x00000014   Code   RO         3807    x$fpl$frsb          fz_ws.l(faddsub_clz.o)
    0x0800438c   0x0800438c   0x000000ea   Code   RO         3808    x$fpl$fsub          fz_ws.l(faddsub_clz.o)
    0x08004476   0x08004476   0x00000004   Code   RO         3828    x$fpl$printf1       fz_ws.l(printf1.o)
    0x0800447a   0x0800447a   0x00000000   Code   RO         3852    x$fpl$usenofp       fz_ws.l(usenofp.o)
    0x0800447a   0x0800447a   0x00000832   Data   RO         3544    .constdata          lcd.o
    0x08004cac   0x08004cac   0x00000094   Data   RO         3880    .constdata          c_w.l(bigflt0.o)
    0x08004d40   0x08004d40   0x00000075   Data   RO           16    .conststring        main.o
    0x08004db5   0x08004db5   0x00000003   PAD
    0x08004db8   0x08004db8   0x00000020   Data   RO         4048    Region$$Table       anon$$obj.o
    0x08004dd8   0x08004dd8   0x0000001c   Data   RO         3904    locale$$data        c_w.l(lc_numeric_c.o)


    Execution Region RW_IRAM1 (Exec base: 0x20000000, Load base: 0x08004df4, Size: 0x00001488, Max: 0x00010000, ABSOLUTE)

    Exec Addr    Load Addr    Size         Type   Attr      Idx    E Section Name        Object

    0x20000000   0x08004df4   0x00000014   Data   RW           17    .data               main.o
    0x20000014   0x08004e08   0x00000014   Data   RW          287    .data               system_stm32f10x.o
    0x20000028   0x08004e1c   0x00000014   Data   RW         1958    .data               stm32f10x_rcc.o
    0x2000003c   0x08004e30   0x00000004   Data   RW         3331    .data               delay.o
    0x20000040   0x08004e34   0x0000001a   Data   RW         3405    .data               usart.o
    0x2000005a   0x08004e4e   0x00000002   PAD
    0x2000005c   0x08004e50   0x0000001c   Data   RW         3545    .data               lcd.o
    0x20000078   0x08004e6c   0x0000000b   Data   RW         3681    .data               timer.o
    0x20000083   0x08004e77   0x00000001   PAD
    0x20000084        -       0x000005cd   Zero   RW           15    .bss                main.o
    0x20000651        -       0x000007d0   Zero   RW         3404    .bss                usart.o
    0x20000e21   0x08004e77   0x00000003   PAD
    0x20000e24        -       0x00000060   Zero   RW         3912    .bss                c_w.l(libspace.o)
    0x20000e84   0x08004e77   0x00000004   PAD
    0x20000e88        -       0x00000200   Zero   RW          329    HEAP                startup_stm32f10x_hd.o
    0x20001088        -       0x00000400   Zero   RW          328    STACK               startup_stm32f10x_hd.o


==============================================================================

Image component sizes


      Code (inc. data)   RO Data    RW Data    ZI Data      Debug   Object Name

         0          0          0          0          0         32   core_cm3.o
       144         22          0          4          0       1068   delay.o
       264         12          0          0          0        577   gpio.o
      1380         34       2098         28          0       8235   lcd.o
      2796        882        117         20       1485      61848   main.o
       172         22          0          0          0     215573   misc.o
       220         14          0          0          0       1149   spi.o
        64         26        304          0       1536        756   startup_stm32f10x_hd.o
       522         30          0          0          0       8557   stm32f10x_adc.o
       446          6          0          0          0       4132   stm32f10x_gpio.o
        26          0          0          0          0       3322   stm32f10x_it.o
       332         44          0         20          0       5238   stm32f10x_rcc.o
       112          0          0          0          0       3566   stm32f10x_spi.o
       246         42          0          0          0       3286   stm32f10x_tim.o
       442          6          0          0          0       5821   stm32f10x_usart.o
       328         28          0         20          0       1865   system_stm32f10x.o
       300         44          0         11          0       1827   timer.o
       222         12          0          0          0       1653   tsensor.o
       830         90          0         26       2000      10196   usart.o

    ----------------------------------------------------------------------
      8878       1314       2554        132       5024     338701   Object Totals
         0          0         32          0          0          0   (incl. Generated)
        32          0          3          3          3          0   (incl. Padding)

    ----------------------------------------------------------------------

      Code (inc. data)   RO Data    RW Data    ZI Data      Debug   Library Member Name

         8          0          0          0          0         68   __main.o
       284          0          0          0          0        156   __printf_wp.o
         0          0          0          0          0          0   __rtentry.o
        12          0          0          0          0          0   __rtentry2.o
         6          0          0          0          0          0   __rtentry4.o
        52          8          0          0          0          0   __scatter.o
        26          0          0          0          0          0   __scatter_copy.o
        28          0          0          0          0          0   __scatter_zi.o
        48          6          0          0          0         96   _printf_char_common.o
         6          0          0          0          0          0   _printf_d.o
       120         16          0          0          0         92   _printf_dec.o
         6          0          0          0          0          0   _printf_f.o
      1054          0          0          0          0        216   _printf_fp_dec.o
       128         16          0          0          0         84   _printf_fp_infnan.o
       178          0          0          0          0         88   _printf_intcommon.o
         0          0          0          0          0          0   _printf_percent.o
         4          0          0          0          0          0   _printf_percent_end.o
        10          0          0          0          0         68   _sputc.o
       228          4        148          0          0         96   bigflt0.o
      1936        128          0          0          0        672   btod.o
        18          0          0          0          0         80   exit.o
         6          0          0          0          0        152   heapauxi.o
        44         10         28          0          0         76   lc_numeric_c.o
         2          0          0          0          0          0   libinit.o
        18          0          0          0          0          0   libinit2.o
         2          0          0          0          0          0   libshutdown.o
         2          0          0          0          0          0   libshutdown2.o
         8          4          0          0         96         68   libspace.o
       138          0          0          0          0         80   lludiv10.o
        40          6          0          0          0         84   noretval__2sprintf.o
         8          4          0          0          0         68   rt_locale_intlibspace.o
        78          0          0          0          0         80   rt_memclr_w.o
       138          0          0          0          0         68   rt_memcpy_v6.o
       100          0          0          0          0         80   rt_memcpy_w.o
         2          0          0          0          0          0   rtexit.o
        10          0          0          0          0          0   rtexit2.o
       128          0          0          0          0         68   strcmpv7m.o
        72          0          0          0          0         80   strcpy.o
        36          0          0          0          0         80   strstr.o
        74          0          0          0          0         80   sys_stackheap_outer.o
         2          0          0          0          0         68   use_no_semi.o
         2          0          0          0          0         68   use_no_semi_2.o
        98          4          0          0          0         92   d2f.o
       826         16          0          0          0        348   daddsub_clz.o
       688        140          0          0          0        208   ddiv.o
       340         12          0          0          0        104   dmul.o
       156          4          0          0          0         92   dnaninf.o
        12          0          0          0          0         68   dretinf.o
        86          4          0          0          0         84   f2d.o
       450          8          0          0          0        236   faddsub_clz.o
        54          4          0          0          0         84   ffix.o
        62          4          0          0          0         84   ffixu.o
        38          0          0          0          0         68   fflt_clz.o
       258          4          0          0          0         84   fmul.o
       140          4          0          0          0         84   fnaninf.o
        10          0          0          0          0         68   fretinf.o
         4          0          0          0          0         68   printf1.o
         0          0          0          0          0          0   usenofp.o
        40          0          0          0          0         68   fpclassify.o

    ----------------------------------------------------------------------
      8348        406        176          0        100       4756   Library Totals
        24          0          0          0          4          0   (incl. Padding)

    ----------------------------------------------------------------------

      Code (inc. data)   RO Data    RW Data    ZI Data      Debug   Library Name

      5062        202        176          0         96       2916   c_w.l
      3222        204          0          0          0       1772   fz_ws.l
        40          0          0          0          0         68   m_ws.l

    ----------------------------------------------------------------------
      8348        406        176          0        100       4756   Library Totals

    ----------------------------------------------------------------------

==============================================================================


      Code (inc. data)   RO Data    RW Data    ZI Data      Debug   

     17226       1720       2730        132       5124     335861   Grand Totals
     17226       1720       2730        132       5124     335861   ELF Image Totals
     17226       1720       2730        132          0          0   ROM Totals

==============================================================================

    Total RO  Size (Code + RO Data)                19956 (  19.49kB)
    Total RW  Size (RW Data + ZI Data)              5256 (   5.13kB)
    Total ROM Size (Code + RO Data + RW Data)      20088 (  19.62kB)

==============================================================================

